Component: ARM Compiler 5.06 update 5 (build 528) Tool: armlink [4d35e2]

==============================================================================

Section Cross References

    main.o(i.EEPROM_Test) refers to i2c.o(i.iic24c02_Write) for iic24c02_Write
    main.o(i.EEPROM_Test) refers to stm32g4xx_hal.o(i.HAL_Delay) for HAL_Delay
    main.o(i.EEPROM_Test) refers to i2c.o(i.iic24c02_Read) for iic24c02_Read
    main.o(i.EEPROM_Test) refers to main.o(.data) for .data
    main.o(i.HAL_TIM_IC_CaptureCallback) refers to stm32g4xx_hal_tim.o(i.HAL_TIM_ReadCapturedValue) for HAL_TIM_ReadCapturedValue
    main.o(i.HAL_TIM_IC_CaptureCallback) refers to main.o(.data) for .data
    main.o(i.HAL_TIM_IC_CaptureCallback) refers to tim_1.o(.bss) for htim3
    main.o(i.HAL_TIM_PeriodElapsedCallback) refers to noretval__2sprintf.o(.text) for __2sprintf
    main.o(i.HAL_TIM_PeriodElapsedCallback) refers to strlen.o(.text) for strlen
    main.o(i.HAL_TIM_PeriodElapsedCallback) refers to stm32g4xx_hal_uart.o(i.HAL_UART_Transmit) for HAL_UART_Transmit
    main.o(i.HAL_TIM_PeriodElapsedCallback) refers to main.o(.data) for .data
    main.o(i.HAL_TIM_PeriodElapsedCallback) refers to uart.o(.bss) for huart1
    main.o(i.HAL_UART_RxCpltCallback) refers to stm32g4xx_hal_uart.o(i.HAL_UART_Receive_IT) for HAL_UART_Receive_IT
    main.o(i.HAL_UART_RxCpltCallback) refers to main.o(.data) for .data
    main.o(i.HAL_UART_RxCpltCallback) refers to uart.o(.bss) for huart1
    main.o(i.Key_Proc) refers to key_led.o(i.Key_Scan) for Key_Scan
    main.o(i.Key_Proc) refers to main.o(i.Key_Timer) for Key_Timer
    main.o(i.Key_Proc) refers to key_led.o(i.Led_Disp) for Led_Disp
    main.o(i.Key_Proc) refers to main.o(.data) for .data
    main.o(i.Key_Timer) refers to stm32g4xx_hal.o(.data) for uwTick
    main.o(i.Key_Timer) refers to main.o(.data) for .data
    main.o(i.Lcd_Proc) refers to _printf_pad.o(.text) for _printf_pre_padding
    main.o(i.Lcd_Proc) refers to _printf_percent.o(.ARM.Collect$$_printf_percent$$00000000) for _printf_percent
    main.o(i.Lcd_Proc) refers to _printf_f.o(.ARM.Collect$$_printf_percent$$00000003) for _printf_f
    main.o(i.Lcd_Proc) refers to printf1.o(x$fpl$printf1) for _printf_fp_dec
    main.o(i.Lcd_Proc) refers to _printf_d.o(.ARM.Collect$$_printf_percent$$00000009) for _printf_d
    main.o(i.Lcd_Proc) refers to _printf_x.o(.ARM.Collect$$_printf_percent$$0000000C) for _printf_x
    main.o(i.Lcd_Proc) refers to _printf_dec.o(.text) for _printf_int_dec
    main.o(i.Lcd_Proc) refers to _printf_hex_int.o(.text) for _printf_longlong_hex
    main.o(i.Lcd_Proc) refers to noretval__2sprintf.o(.text) for __2sprintf
    main.o(i.Lcd_Proc) refers to lcd.o(i.LCD_DisplayStringLine) for LCD_DisplayStringLine
    main.o(i.Lcd_Proc) refers to adc_1.o(i.ADC2_Get_Num) for ADC2_Get_Num
    main.o(i.Lcd_Proc) refers to f2d.o(x$fpl$f2d) for __aeabi_f2d
    main.o(i.Lcd_Proc) refers to dmul.o(x$fpl$dmul) for __aeabi_dmul
    main.o(i.Lcd_Proc) refers to dflt_clz.o(x$fpl$dfltu) for __aeabi_ui2d
    main.o(i.Lcd_Proc) refers to stm32g4xx_hal_rtc.o(i.HAL_RTC_GetTime) for HAL_RTC_GetTime
    main.o(i.Lcd_Proc) refers to stm32g4xx_hal_rtc.o(i.HAL_RTC_GetDate) for HAL_RTC_GetDate
    main.o(i.Lcd_Proc) refers to main.o(.bss) for .bss
    main.o(i.Lcd_Proc) refers to main.o(.data) for .data
    main.o(i.Lcd_Proc) refers to rtc_1.o(.bss) for hrtc
    main.o(i.MSP4017_Test) refers to i2c.o(i.msp4017_Write) for msp4017_Write
    main.o(i.MSP4017_Test) refers to stm32g4xx_hal.o(i.HAL_Delay) for HAL_Delay
    main.o(i.MSP4017_Test) refers to i2c.o(i.msp4017_Read) for msp4017_Read
    main.o(i.MSP4017_Test) refers to main.o(.data) for .data
    main.o(i.Uart_Proc) refers to noretval__2sprintf.o(.text) for __2sprintf
    main.o(i.Uart_Proc) refers to stm32g4xx_hal_uart.o(i.HAL_UART_Transmit) for HAL_UART_Transmit
    main.o(i.Uart_Proc) refers to main.o(.data) for .data
    main.o(i.Uart_Proc) refers to uart.o(.bss) for huart1
    main.o(i.main) refers to stm32g4xx_hal.o(i.HAL_Init) for HAL_Init
    main.o(i.main) refers to rcc.o(i.SystemClock_Config) for SystemClock_Config
    main.o(i.main) refers to key_led.o(i.Key_led_Init) for Key_led_Init
    main.o(i.main) refers to lcd.o(i.LCD_Init) for LCD_Init
    main.o(i.main) refers to lcd.o(i.LCD_Clear) for LCD_Clear
    main.o(i.main) refers to lcd.o(i.LCD_SetBackColor) for LCD_SetBackColor
    main.o(i.main) refers to lcd.o(i.LCD_SetTextColor) for LCD_SetTextColor
    main.o(i.main) refers to adc_1.o(i.ADC2_Init) for ADC2_Init
    main.o(i.main) refers to uart.o(i.UART_Init) for UART_Init
    main.o(i.main) refers to i2c.o(i.I2CInit) for I2CInit
    main.o(i.main) refers to tim_1.o(i.TIM2_Init) for TIM2_Init
    main.o(i.main) refers to tim_1.o(i.TIM3_Init) for TIM3_Init
    main.o(i.main) refers to tim_1.o(i.TIM6_Init) for TIM6_Init
    main.o(i.main) refers to tim_1.o(i.TIM15_Init) for TIM15_Init
    main.o(i.main) refers to rtc_1.o(i.RTC_Init) for RTC_Init
[...]
    i.iic24c02_Read                          0x0800622c   Section        0  i2c.o(i.iic24c02_Read)
    i.iic24c02_Write                         0x08006280   Section        0  i2c.o(i.iic24c02_Write)
    i.main                                   0x080062b8   Section        0  main.o(i.main)
    i.msp4017_Read                           0x0800634c   Section        0  i2c.o(i.msp4017_Read)
    i.msp4017_Write                          0x0800636e   Section        0  i2c.o(i.msp4017_Write)
    locale$$code                             0x08006394   Section       44  lc_numeric_c.o(locale$$code)
    x$fpl$dfltu                              0x080063c0   Section       38  dflt_clz.o(x$fpl$dfltu)
    $v0                                      0x080063c0   Number         0  dflt_clz.o(x$fpl$dfltu)
    x$fpl$dmul                               0x080063e8   Section      340  dmul.o(x$fpl$dmul)
    $v0                                      0x080063e8   Number         0  dmul.o(x$fpl$dmul)
    x$fpl$dnaninf                            0x0800653c   Section      156  dnaninf.o(x$fpl$dnaninf)
    $v0                                      0x0800653c   Number         0  dnaninf.o(x$fpl$dnaninf)
    x$fpl$dretinf                            0x080065d8   Section       12  dretinf.o(x$fpl$dretinf)
    $v0                                      0x080065d8   Number         0  dretinf.o(x$fpl$dretinf)
    x$fpl$f2d                                0x080065e4   Section       86  f2d.o(x$fpl$f2d)
    $v0                                      0x080065e4   Number         0  f2d.o(x$fpl$f2d)
    x$fpl$fnaninf                            0x0800663a   Section      140  fnaninf.o(x$fpl$fnaninf)
    $v0                                      0x0800663a   Number         0  fnaninf.o(x$fpl$fnaninf)
    x$fpl$fpinit                             0x080066c6   Section       10  fpinit.o(x$fpl$fpinit)
    $v0                                      0x080066c6   Number         0  fpinit.o(x$fpl$fpinit)
    x$fpl$printf1                            0x080066d0   Section        4  printf1.o(x$fpl$printf1)
    $v0                                      0x080066d0   Number         0  printf1.o(x$fpl$printf1)
    .constdata                               0x080066d4   Section       24  stm32g4xx_hal_uart.o(.constdata)
    x$fpl$usenofp                            0x080066d4   Section        0  usenofp.o(x$fpl$usenofp)
    .constdata                               0x080066ec   Section       16  stm32g4xx_hal_uart_ex.o(.constdata)
    numerator                                0x080066ec   Data           8  stm32g4xx_hal_uart_ex.o(.constdata)
    denominator                              0x080066f4   Data           8  stm32g4xx_hal_uart_ex.o(.constdata)
    .constdata                               0x080066fc   Section       16  system_stm32g4xx.o(.constdata)
    .constdata                               0x0800670c   Section        8  system_stm32g4xx.o(.constdata)
    .constdata                               0x08006714   Section     4560  lcd.o(.constdata)
    .constdata                               0x080078e4   Section       40  _printf_hex_int.o(.constdata)
    uc_hextab                                0x080078e4   Data          20  _printf_hex_int.o(.constdata)
    lc_hextab                                0x080078f8   Data          20  _printf_hex_int.o(.constdata)
    .constdata                               0x0800790c   Section      148  bigflt0.o(.constdata)
    tenpwrs_x                                0x0800790c   Data          60  bigflt0.o(.constdata)
    tenpwrs_i                                0x08007948   Data          64  bigflt0.o(.constdata)
    locale$$data                             0x080079c0   Section       28  lc_numeric_c.o(locale$$data)
    __lcnum_c_name                           0x080079c4   Data           2  lc_numeric_c.o(locale$$data)
    __lcnum_c_start                          0x080079cc   Data           0  lc_numeric_c.o(locale$$data)
    __lcnum_c_point                          0x080079d8   Data           0  lc_numeric_c.o(locale$$data)
    __lcnum_c_thousands                      0x080079da   Data           0  lc_numeric_c.o(locale$$data)
    __lcnum_c_grouping                       0x080079db   Data           0  lc_numeric_c.o(locale$$data)
    __lcnum_c_end                            0x080079dc   Data           0  lc_numeric_c.o(locale$$data)
    .data                                    0x20000000   Section       48  main.o(.data)
    .data                                    0x20000030   Section       12  stm32g4xx_hal.o(.data)
    .data                                    0x2000003c   Section        4  system_stm32g4xx.o(.data)
    .data                                    0x20000040   Section        6  lcd.o(.data)
    TextColor                                0x20000040   Data           2  lcd.o(.data)
    BackColor                                0x20000042   Data           2  lcd.o(.data)
    .bss                                     0x20000048   Section       44  main.o(.bss)
    .bss                                     0x20000074   Section      108  adc_1.o(.bss)
    .bss                                     0x200000e0   Section       40  rtc_1.o(.bss)
    .bss                                     0x20000108   Section      304  tim_1.o(.bss)
    .bss                                     0x20000238   Section      148  uart.o(.bss)
    .bss                                     0x200002cc   Section       96  libspace.o(.bss)
    HEAP                                     0x20000330   Section      512  startup_stm32g431xx.o(HEAP)
    Heap_Mem                                 0x20000330   Data         512  startup_stm32g431xx.o(HEAP)
    STACK                                    0x20000530   Section     1024  startup_stm32g431xx.o(STACK)
    Stack_Mem                                0x20000530   Data        1024  startup_stm32g431xx.o(STACK)
    __initial_sp                             0x20000930   Data           0  startup_stm32g431xx.o(STACK)

    Global Symbols

    Symbol Name                              Value     Ov Type        Size  Object(Section)

    BuildAttributes$$THM_ISAv4$E$P$D$K$B$S$7EM$VFPi3$EXTD16$VFPS$VFMA$PE$A:L22UL41UL21$X:L11$S22US41US21$IEEE1$IW$USESV6$~STKCKD$USESV7$~SHL$OTIME$ROPI$IEEEJ$EBA8$UX$STANDARDLIB$REQ8$PRES8$EABIv2 0x00000000   Number         0  anon$$obj.o ABSOLUTE
    __ARM_use_no_argv                        0x00000000   Number         0  main.o ABSOLUTE
    _printf_flags                            0x00000000   Number         0  printf_stubs.o ABSOLUTE
    _printf_return_value                     0x00000000   Number         0  printf_stubs.o ABSOLUTE
    _printf_sizespec                         0x00000000   Number         0  printf_stubs.o ABSOLUTE
    _printf_widthprec                        0x00000000   Number         0  printf_stubs.o ABSOLUTE
    __ARM_exceptions_init                     - Undefined Weak Reference
    __alloca_initialize                       - Undefined Weak Reference
    __arm_preinit_                            - Undefined Weak Reference
    __cpp_initialize__aeabi_                  - Undefined Weak Reference
    __cxa_finalize                            - Undefined Weak Reference
    __sigvec_lookup                           - Undefined Weak Reference
    _atexit_init                              - Undefined Weak Reference
    _call_atexit_fns                          - Undefined Weak Reference
    _clock_init                               - Undefined Weak Reference
    _fp_trap_init                             - Undefined Weak Reference
    _fp_trap_shutdown                         - Undefined Weak Reference
    _get_lc_collate                           - Undefined Weak Reference
    _get_lc_ctype                             - Undefined Weak Reference
    _get_lc_monetary                          - Undefined Weak Reference
    _get_lc_time                              - Undefined Weak Reference
    _getenv_init                              - Undefined Weak Reference
    _handle_redirection                       - Undefined Weak Reference
    _init_alloc                               - Undefined Weak Reference
    _init_user_alloc                          - Undefined Weak Reference
    _initio                                   - Undefined Weak Reference
    _printf_truncate_signed                   - Undefined Weak Reference
    _printf_truncate_unsigned                 - Undefined Weak Reference
    _rand_init                                - Undefined Weak Reference
    _signal_finish                            - Undefined Weak Reference
    _signal_init                              - Undefined Weak Reference
    _terminate_alloc                          - Undefined Weak Reference
    _terminate_user_alloc                     - Undefined Weak Reference
    _terminateio                              - Undefined Weak Reference
    __Vectors_Size                           0x000001d8   Number         0  startup_stm32g431xx.o ABSOLUTE
    __Vectors                                0x08000000   Data           4  startup_stm32g431xx.o(RESET)
    __Vectors_End                            0x080001d8   Data           0  startup_stm32g431xx.o(RESET)
    __main                                   0x080001d9   Thumb Code     8  __main.o(!!!main)
    __scatterload                            0x080001e1   Thumb Code     0  __scatter.o(!!!scatter)
    __scatterload_rt2                        0x080001e1   Thumb Code    44  __scatter.o(!!!scatter)
    __scatterload_rt2_thumb_only             0x080001e1   Thumb Code     0  __scatter.o(!!!scatter)
    __scatterload_null                       0x080001ef   Thumb Code     0  __scatter.o(!!!scatter)
    __scatterload_copy                       0x08000215   Thumb Code    26  __scatter_copy.o(!!handler_copy)
    __scatterload_zeroinit                   0x08000231   Thumb Code    28  __scatter_zi.o(!!handler_zi)
    _printf_f                                0x0800024d   Thumb Code     0  _printf_f.o(.ARM.Collect$$_printf_percent$$00000003)
    _printf_percent                          0x0800024d   Thumb Code     0  _printf_percent.o(.ARM.Collect$$_printf_percent$$00000000)
    _printf_d                                0x08000253   Thumb Code     0  _printf_d.o(.ARM.Collect$$_printf_percent$$00000009)
    _printf_x                                0x08000259   Thumb Code     0  _printf_x.o(.ARM.Collect$$_printf_percent$$0000000C)
    _printf_percent_end                      0x0800025f   Thumb Code     0  _printf_percent_end.o(.ARM.Collect$$_printf_percent$$00000017)
    __rt_lib_init                            0x08000263   Thumb Code     0  libinit.o(.ARM.Collect$$libinit$$00000000)
    __rt_lib_init_fp_1                       0x08000265   Thumb Code     0  libinit2.o(.ARM.Collect$$libinit$$00000001)
    __rt_lib_init_heap_1                     0x08000269   Thumb Code     0  libinit2.o(.ARM.Collect$$libinit$$0000000A)
    __rt_lib_init_lc_common                  0x08000269   Thumb Code     0  libinit2.o(.ARM.Collect$$libinit$$0000000F)
    __rt_lib_init_preinit_1                  0x08000269   Thumb Code     0  libinit2.o(.ARM.Collect$$libinit$$00000004)
    __rt_lib_init_rand_1                     0x08000269   Thumb Code     0  libinit2.o(.ARM.Collect$$libinit$$0000000E)
    __rt_lib_init_user_alloc_1               0x08000269   Thumb Code     0  libinit2.o(.ARM.Collect$$libinit$$0000000C)
    __rt_lib_init_lc_collate_1               0x0800026f   Thumb Code     0  libinit2.o(.ARM.Collect$$libinit$$00000011)
    __rt_lib_init_lc_ctype_1                 0x0800026f   Thumb Code     0  libinit2.o(.ARM.Collect$$libinit$$00000013)
    __rt_lib_init_lc_monetary_1              0x0800026f   Thumb Code     0  libinit2.o(.ARM.Collect$$libinit$$00000015)
    __rt_lib_init_lc_numeric_2               0x0800026f   Thumb Code     0  libinit2.o(.ARM.Collect$$libinit$$00000016)
    __rt_lib_init_alloca_1                   0x08000279   Thumb Code     0  libinit2.o(.ARM.Collect$$libinit$$0000002E)
    __rt_lib_init_argv_1                     0x08000279   Thumb Code     0  libinit2.o(.ARM.Collect$$libinit$$0000002C)
    __rt_lib_init_atexit_1                   0x08000279   Thumb Code     0  libinit2.o(.ARM.Collect$$libinit$$0000001B)
    __rt_lib_init_clock_1                    0x08000279   Thumb Code     0  libinit2.o(.ARM.Collect$$libinit$$00000021)
    __rt_lib_init_cpp_1                      0x08000279   Thumb Code     0  libinit2.o(.ARM.Collect$$libinit$$00000032)
    __rt_lib_init_exceptions_1               0x08000279   Thumb Code     0  libinit2.o(.ARM.Collect$$libinit$$00000030)
    __rt_lib_init_fp_trap_1                  0x08000279   Thumb Code     0  libinit2.o(.ARM.Collect$$libinit$$0000001F)
    __rt_lib_init_getenv_1                   0x08000279   Thumb Code     0  libinit2.o(.ARM.Collect$$libinit$$00000023)
    __rt_lib_init_lc_numeric_1               0x08000279   Thumb Code     0  libinit2.o(.ARM.Collect$$libinit$$00000017)
    __rt_lib_init_lc_time_1                  0x08000279   Thumb Code     0  libinit2.o(.ARM.Collect$$libinit$$00000019)
    __rt_lib_init_return                     0x08000279   Thumb Code     0  libinit2.o(.ARM.Collect$$libinit$$00000033)
    __rt_lib_init_signal_1                   0x08000279   Thumb Code     0  libinit2.o(.ARM.Collect$$libinit$$0000001D)
    __rt_lib_init_stdio_1                    0x08000279   Thumb Code     0  libinit2.o(.ARM.Collect$$libinit$$00000025)
    __rt_lib_shutdown                        0x0800027b   Thumb Code     0  libshutdown.o(.ARM.Collect$$libshutdown$$00000000)
    __rt_lib_shutdown_cpp_1                  0x0800027d   Thumb Code     0  libshutdown2.o(.ARM.Collect$$libshutdown$$00000002)
    __rt_lib_shutdown_fp_trap_1              0x0800027d   Thumb Code     0  libshutdown2.o(.ARM.Collect$$libshutdown$$00000007)
    __rt_lib_shutdown_heap_1                 0x0800027d   Thumb Code     0  libshutdown2.o(.ARM.Collect$$libshutdown$$0000000F)
    __rt_lib_shutdown_return                 0x0800027d   Thumb Code     0  libshutdown2.o(.ARM.Collect$$libshutdown$$00000010)
    __rt_lib_shutdown_signal_1               0x0800027d   Thumb Code     0  libshutdown2.o(.ARM.Collect$$libshutdown$$0000000A)
    __rt_lib_shutdown_stdio_1                0x0800027d   Thumb Code     0  libshutdown2.o(.ARM.Collect$$libshutdown$$00000004)
    __rt_lib_shutdown_user_alloc_1           0x0800027d   Thumb Code     0  libshutdown2.o(.ARM.Collect$$libshutdown$$0000000C)
    __rt_entry                               0x0800027f   Thumb Code     0  __rtentry.o(.ARM.Collect$$rtentry$$00000000)
    __rt_entry_presh_1                       0x0800027f   Thumb Code     0  __rtentry2.o(.ARM.Collect$$rtentry$$00000002)
    __rt_entry_sh                            0x0800027f   Thumb Code     0  __rtentry4.o(.ARM.Collect$$rtentry$$00000004)
    __rt_entry_li                            0x08000285   Thumb Code     0  __rtentry2.o(.ARM.Collect$$rtentry$$0000000A)
    __rt_entry_postsh_1                      0x08000285   Thumb Code     0  __rtentry2.o(.ARM.Collect$$rtentry$$00000009)
    __rt_entry_main                          0x08000289   Thumb Code     0  __rtentry2.o(.ARM.Collect$$rtentry$$0000000D)
    __rt_entry_postli_1                      0x08000289   Thumb Code     0  __rtentry2.o(.ARM.Collect$$rtentry$$0000000C)
    __rt_exit                                0x08000291   Thumb Code     0  rtexit.o(.ARM.Collect$$rtexit$$00000000)
    __rt_exit_ls                             0x08000293   Thumb Code     0  rtexit2.o(.ARM.Collect$$rtexit$$00000003)
    __rt_exit_prels_1                        0x08000293   Thumb Code     0  rtexit2.o(.ARM.Collect$$rtexit$$00000002)
    __rt_exit_exit                           0x08000297   Thumb Code     0  rtexit2.o(.ARM.Collect$$rtexit$$00000004)
    Reset_Handler                            0x0800029d   Thumb Code     8  startup_stm32g431xx.o(.text)
    ADC1_2_IRQHandler                        0x080002b7   Thumb Code     0  startup_stm32g431xx.o(.text)
    COMP1_2_3_IRQHandler                     0x080002b7   Thumb Code     0  startup_stm32g431xx.o(.text)
    COMP4_IRQHandler                         0x080002b7   Thumb Code     0  startup_stm32g431xx.o(.text)
    CORDIC_IRQHandler                        0x080002b7   Thumb Code     0  startup_stm32g431xx.o(.text)
    CRS_IRQHandler                           0x080002b7   Thumb Code     0  startup_stm32g431xx.o(.text)
    DMA1_Channel1_IRQHandler                 0x080002b7   Thumb Code     0  startup_stm32g431xx.o(.text)
    DMA1_Channel2_IRQHandler                 0x080002b7   Thumb Code     0  startup_stm32g431xx.o(.text)
    DMA1_Channel3_IRQHandler                 0x080002b7   Thumb Code     0  startup_stm32g431xx.o(.text)
    DMA1_Channel4_IRQHandler                 0x080002b7   Thumb Code     0  startup_stm32g431xx.o(.text)
    DMA1_Channel5_IRQHandler                 0x080002b7   Thumb Code     0  startup_stm32g431xx.o(.text)
    DMA1_Channel6_IRQHandler                 0x080002b7   Thumb Code     0  startup_stm32g431xx.o(.text)
    DMA2_Channel1_IRQHandler                 0x080002b7   Thumb Code     0  startup_stm32g431xx.o(.text)
    DMA2_Channel2_IRQHandler                 0x080002b7   Thumb Code     0  startup_stm32g431xx.o(.text)
    DMA2_Channel3_IRQHandler                 0x080002b7   Thumb Code     0  startup_stm32g431xx.o(.text)
    DMA2_Channel4_IRQHandler                 0x080002b7   Thumb Code     0  startup_stm32g431xx.o(.text)
    DMA2_Channel5_IRQHandler                 0x080002b7   Thumb Code     0  startup_stm32g431xx.o(.text)
    DMA2_Channel6_IRQHandler                 0x080002b7   Thumb Code     0  startup_stm32g431xx.o(.text)
    DMAMUX_OVR_IRQHandler                    0x080002b7   Thumb Code     0  startup_stm32g431xx.o(.text)
    EXTI0_IRQHandler                         0x080002b7   Thumb Code     0  startup_stm32g431xx.o(.text)
    EXTI15_10_IRQHandler                     0x080002b7   Thumb Code     0  startup_stm32g431xx.o(.text)
    EXTI1_IRQHandler                         0x080002b7   Thumb Code     0  startup_stm32g431xx.o(.text)
    EXTI2_IRQHandler                         0x080002b7   Thumb Code     0  startup_stm32g431xx.o(.text)
    EXTI3_IRQHandler                         0x080002b7   Thumb Code     0  startup_stm32g431xx.o(.text)
    EXTI4_IRQHandler                         0x080002b7   Thumb Code     0  startup_stm32g431xx.o(.text)
    EXTI9_5_IRQHandler                       0x080002b7   Thumb Code     0  startup_stm32g431xx.o(.text)
    FDCAN1_IT0_IRQHandler                    0x080002b7   Thumb Code     0  startup_stm32g431xx.o(.text)
    FDCAN1_IT1_IRQHandler                    0x080002b7   Thumb Code     0  startup_stm32g431xx.o(.text)
    FLASH_IRQHandler                         0x080002b7   Thumb Code     0  startup_stm32g431xx.o(.text)
    FMAC_IRQHandler                          0x080002b7   Thumb Code     0  startup_stm32g431xx.o(.text)
    FPU_IRQHandler                           0x080002b7   Thumb Code     0  startup_stm32g431xx.o(.text)
    I2C1_ER_IRQHandler                       0x080002b7   Thumb Code     0  startup_stm32g431xx.o(.text)
    I2C1_EV_IRQHandler                       0x080002b7   Thumb Code     0  startup_stm32g431xx.o(.text)
    I2C2_ER_IRQHandler                       0x080002b7   Thumb Code     0  startup_stm32g431xx.o(.text)
    I2C2_EV_IRQHandler                       0x080002b7   Thumb Code     0  startup_stm32g431xx.o(.text)
    I2C3_ER_IRQHandler                       0x080002b7   Thumb Code     0  startup_stm32g431xx.o(.text)
    I2C3_EV_IRQHandler                       0x080002b7   Thumb Code     0  startup_stm32g431xx.o(.text)
    LPTIM1_IRQHandler                        0x080002b7   Thumb Code     0  startup_stm32g431xx.o(.text)
    LPUART1_IRQHandler                       0x080002b7   Thumb Code     0  startup_stm32g431xx.o(.text)
    PVD_PVM_IRQHandler                       0x080002b7   Thumb Code     0  startup_stm32g431xx.o(.text)
    RCC_IRQHandler                           0x080002b7   Thumb Code     0  startup_stm32g431xx.o(.text)
    RNG_IRQHandler                           0x080002b7   Thumb Code     0  startup_stm32g431xx.o(.text)
    RTC_Alarm_IRQHandler                     0x080002b7   Thumb Code     0  startup_stm32g431xx.o(.text)
    RTC_TAMP_LSECSS_IRQHandler               0x080002b7   Thumb Code     0  startup_stm32g431xx.o(.text)
    RTC_WKUP_IRQHandler                      0x080002b7   Thumb Code     0  startup_stm32g431xx.o(.text)
    SAI1_IRQHandler                          0x080002b7   Thumb Code     0  startup_stm32g431xx.o(.text)
    SPI1_IRQHandler                          0x080002b7   Thumb Code     0  startup_stm32g431xx.o(.text)
    SPI2_IRQHandler                          0x080002b7   Thumb Code     0  startup_stm32g431xx.o(.text)
    SPI3_IRQHandler                          0x080002b7   Thumb Code     0  startup_stm32g431xx.o(.text)
    TIM1_CC_IRQHandler                       0x080002b7   Thumb Code     0  startup_stm32g431xx.o(.text)
    TIM1_TRG_COM_TIM17_IRQHandler            0x080002b7   Thumb Code     0  startup_stm32g431xx.o(.text)
    TIM1_UP_TIM16_IRQHandler                 0x080002b7   Thumb Code     0  startup_stm32g431xx.o(.text)
    TIM2_IRQHandler                          0x080002b7   Thumb Code     0  startup_stm32g431xx.o(.text)
    TIM4_IRQHandler                          0x080002b7   Thumb Code     0  startup_stm32g431xx.o(.text)
    TIM7_DAC_IRQHandler                      0x080002b7   Thumb Code     0  startup_stm32g431xx.o(.text)
    TIM8_BRK_IRQHandler                      0x080002b7   Thumb Code     0  startup_stm32g431xx.o(.text)
    TIM8_CC_IRQHandler                       0x080002b7   Thumb Code     0  startup_stm32g431xx.o(.text)
    TIM8_TRG_COM_IRQHandler                  0x080002b7   Thumb Code     0  startup_stm32g431xx.o(.text)
    TIM8_UP_IRQHandler                       0x080002b7   Thumb Code     0  startup_stm32g431xx.o(.text)
    UART4_IRQHandler                         0x080002b7   Thumb Code     0  startup_stm32g431xx.o(.text)
    UCPD1_IRQHandler                         0x080002b7   Thumb Code     0  startup_stm32g431xx.o(.text)
    USART2_IRQHandler                        0x080002b7   Thumb Code     0  startup_stm32g431xx.o(.text)
    USART3_IRQHandler                        0x080002b7   Thumb Code     0  startup_stm32g431xx.o(.text)
    USBWakeUp_IRQHandler                     0x080002b7   Thumb Code     0  startup_stm32g431xx.o(.text)
    USB_HP_IRQHandler                        0x080002b7   Thumb Code     0  startup_stm32g431xx.o(.text)
    USB_LP_IRQHandler                        0x080002b7   Thumb Code     0  startup_stm32g431xx.o(.text)
    WWDG_IRQHandler                          0x080002b7   Thumb Code     0  startup_stm32g431xx.o(.text)
    __user_initial_stackheap                 0x080002b9   Thumb Code     0  startup_stm32g431xx.o(.text)
    __aeabi_uldivmod                         0x080002dd   Thumb Code     0  lludivv7m.o(.text)
    _ll_udiv                                 0x080002dd   Thumb Code   238  lludivv7m.o(.text)
    __2sprintf                               0x080003cd   Thumb Code    34  noretval__2sprintf.o(.text)
    _printf_pre_padding                      0x080003f5   Thumb Code    44  _printf_pad.o(.text)
    _printf_post_padding                     0x08000421   Thumb Code    34  _printf_pad.o(.text)
    _printf_int_dec                          0x08000445   Thumb Code   104  _printf_dec.o(.text)
    _printf_int_hex                          0x080004bd   Thumb Code    84  _printf_hex_int.o(.text)
    _printf_longlong_hex                     0x080004bd   Thumb Code     0  _printf_hex_int.o(.text)
    __printf                                 0x08000515   Thumb Code   270  __printf_wp.o(.text)
    strlen                                   0x08000623   Thumb Code    62  strlen.o(.text)
    __aeabi_memclr4                          0x08000661   Thumb Code     0  rt_memclr_w.o(.text)
    __aeabi_memclr8                          0x08000661   Thumb Code     0  rt_memclr_w.o(.text)
    __rt_memclr_w                            0x08000661   Thumb Code    78  rt_memclr_w.o(.text)
    _memset_w                                0x08000665   Thumb Code     0  rt_memclr_w.o(.text)
    __use_two_region_memory                  0x080006af   Thumb Code     2  heapauxi.o(.text)
    __rt_heap_escrow$2region                 0x080006b1   Thumb Code     2  heapauxi.o(.text)
    __rt_heap_expand$2region                 0x080006b3   Thumb Code     2  heapauxi.o(.text)
    _printf_int_common                       0x080006b5   Thumb Code   178  _printf_intcommon.o(.text)
    __lib_sel_fp_printf                      0x08000767   Thumb Code     2  _printf_fp_dec.o(.text)
    _printf_fp_dec_real                      0x08000919   Thumb Code   620  _printf_fp_dec.o(.text)
    _printf_char_common                      0x08000b8f   Thumb Code    32  _printf_char_common.o(.text)
    _sputc                                   0x08000bb5   Thumb Code    10  _sputc.o(.text)
    __rt_locale                              0x08000bc1   Thumb Code     8  rt_locale_intlibspace.o(.text)
    _ll_udiv10                               0x08000bc9   Thumb Code   138  lludiv10.o(.text)
    _printf_fp_infnan                        0x08000c55   Thumb Code   112  _printf_fp_infnan.o(.text)
    _btod_etento                             0x08000cd5   Thumb Code   224  bigflt0.o(.text)
    __user_libspace                          0x08000db9   Thumb Code     8  libspace.o(.text)
    __user_perproc_libspace                  0x08000db9   Thumb Code     0  libspace.o(.text)
    __user_perthread_libspace                0x08000db9   Thumb Code     0  libspace.o(.text)
    __user_setup_stackheap                   0x08000dc1   Thumb Code    74  sys_stackheap_outer.o(.text)
    exit                                     0x08000e0b   Thumb Code    18  exit.o(.text)
    strcmp                                   0x08000e1d   Thumb Code   128  strcmpv7m.o(.text)
    _sys_exit                                0x08000e9d   Thumb Code     8  sys_exit.o(.text)
    __I$use$semihosting                      0x08000ea9   Thumb Code     0  use_no_semi.o(.text)
    __use_no_semihosting_swi                 0x08000ea9   Thumb Code     2  use_no_semi.o(.text)
    __semihosting_library_function           0x08000eab   Thumb Code     0  indicate_semi.o(.text)
    _btod_d2e                                0x08000eab   Thumb Code    62  btod.o(CL$$btod_d2e)
    _d2e_denorm_low                          0x08000ee9   Thumb Code    70  btod.o(CL$$btod_d2e_denorm_low)
    _d2e_norm_op1                            0x08000f2f   Thumb Code    96  btod.o(CL$$btod_d2e_norm_op1)
    __btod_div_common                        0x08000f8f   Thumb Code   696  btod.o(CL$$btod_div_common)
    _e2e                                     0x080012c7   Thumb Code   220  btod.o(CL$$btod_e2e)
    _btod_ediv                               0x080013a3   Thumb Code    42  btod.o(CL$$btod_ediv)
    _btod_emul                               0x080013cd   Thumb Code    42  btod.o(CL$$btod_emul)
    __btod_mult_common                       0x080013f7   Thumb Code   580  btod.o(CL$$btod_mult_common)
    ADC2_Get_Num                             0x0800163d   Thumb Code    18  adc_1.o(i.ADC2_Get_Num)
    ADC2_Init                                0x08001655   Thumb Code   112  adc_1.o(i.ADC2_Init)
    ADC_Enable                               0x080016d1   Thumb Code   154  stm32g4xx_hal_adc.o(i.ADC_Enable)
    BusFault_Handler                         0x0800177d   Thumb Code     2  stm32g4xx_it.o(i.BusFault_Handler)
    DebugMon_Handler                         0x0800177f   Thumb Code     2  stm32g4xx_it.o(i.DebugMon_Handler)
    Delay_LCD                                0x08001781   Thumb Code    28  lcd.o(i.Delay_LCD)
    EEPROM_Test                              0x0800179d   Thumb Code    34  main.o(i.EEPROM_Test)
    Error_Handler                            0x080017c5   Thumb Code     4  main.o(i.Error_Handler)
    HAL_ADC_ConfigChannel                    0x080017c9   Thumb Code  1006  stm32g4xx_hal_adc.o(i.HAL_ADC_ConfigChannel)
    HAL_ADC_GetValue                         0x08001bed   Thumb Code     6  stm32g4xx_hal_adc.o(i.HAL_ADC_GetValue)
    HAL_ADC_Init                             0x08001bf5   Thumb Code   466  stm32g4xx_hal_adc.o(i.HAL_ADC_Init)
    HAL_ADC_MspInit                          0x08001de9   Thumb Code   106  adc_1.o(i.HAL_ADC_MspInit)
    HAL_ADC_Start                            0x08001e61   Thumb Code   230  stm32g4xx_hal_adc.o(i.HAL_ADC_Start)
    HAL_DMA_Abort                            0x08001f55   Thumb Code   106  stm32g4xx_hal_dma.o(i.HAL_DMA_Abort)
    HAL_DMA_Abort_IT                         0x08001fbf   Thumb Code   120  stm32g4xx_hal_dma.o(i.HAL_DMA_Abort_IT)
    HAL_Delay                                0x08002039   Thumb Code    32  stm32g4xx_hal.o(i.HAL_Delay)
    HAL_GPIO_Init                            0x0800205d   Thumb Code   550  stm32g4xx_hal_gpio.o(i.HAL_GPIO_Init)
    HAL_GPIO_ReadPin                         0x080022a5   Thumb Code    10  stm32g4xx_hal_gpio.o(i.HAL_GPIO_ReadPin)
    HAL_GPIO_WritePin                        0x080022af   Thumb Code    10  stm32g4xx_hal_gpio.o(i.HAL_GPIO_WritePin)
    HAL_GetTick                              0x080022b9   Thumb Code     6  stm32g4xx_hal.o(i.HAL_GetTick)
    HAL_IncTick                              0x080022c5   Thumb Code    12  stm32g4xx_hal.o(i.HAL_IncTick)
    HAL_Init                                 0x080022d5   Thumb Code    30  stm32g4xx_hal.o(i.HAL_Init)
    HAL_InitTick                             0x080022f5   Thumb Code    58  stm32g4xx_hal.o(i.HAL_InitTick)
    HAL_MspInit                              0x08002339   Thumb Code    42  stm32g4xx_hal_msp.o(i.HAL_MspInit)
    HAL_NVIC_EnableIRQ                       0x08002369   Thumb Code    26  stm32g4xx_hal_cortex.o(i.HAL_NVIC_EnableIRQ)
    HAL_NVIC_SetPriority                     0x08002385   Thumb Code    60  stm32g4xx_hal_cortex.o(i.HAL_NVIC_SetPriority)
    HAL_NVIC_SetPriorityGrouping             0x080023c5   Thumb Code    26  stm32g4xx_hal_cortex.o(i.HAL_NVIC_SetPriorityGrouping)
    HAL_PWREx_ControlVoltageScaling          0x080023e9   Thumb Code   174  stm32g4xx_hal_pwr_ex.o(i.HAL_PWREx_ControlVoltageScaling)
    HAL_PWREx_DisableUCPDDeadBattery         0x080024a5   Thumb Code    12  stm32g4xx_hal_pwr_ex.o(i.HAL_PWREx_DisableUCPDDeadBattery)
    HAL_RCCEx_PeriphCLKConfig                0x080024b5   Thumb Code   638  stm32g4xx_hal_rcc_ex.o(i.HAL_RCCEx_PeriphCLKConfig)
    HAL_RCC_ClockConfig                      0x0800273d   Thumb Code   444  stm32g4xx_hal_rcc.o(i.HAL_RCC_ClockConfig)
    HAL_RCC_GetPCLK1Freq                     0x08002919   Thumb Code    24  stm32g4xx_hal_rcc.o(i.HAL_RCC_GetPCLK1Freq)
    HAL_RCC_GetPCLK2Freq                     0x0800293d   Thumb Code    24  stm32g4xx_hal_rcc.o(i.HAL_RCC_GetPCLK2Freq)
    HAL_RCC_GetSysClockFreq                  0x08002961   Thumb Code    98  stm32g4xx_hal_rcc.o(i.HAL_RCC_GetSysClockFreq)
    HAL_RCC_OscConfig                        0x080029d1   Thumb Code  1028  stm32g4xx_hal_rcc.o(i.HAL_RCC_OscConfig)
    HAL_RTC_GetDate                          0x08002dd5   Thumb Code    62  stm32g4xx_hal_rtc.o(i.HAL_RTC_GetDate)
    HAL_RTC_GetTime                          0x08002e19   Thumb Code    78  stm32g4xx_hal_rtc.o(i.HAL_RTC_GetTime)
    HAL_RTC_Init                             0x08002e6d   Thumb Code   152  stm32g4xx_hal_rtc.o(i.HAL_RTC_Init)
    HAL_RTC_MspInit                          0x08002f09   Thumb Code    80  rtc_1.o(i.HAL_RTC_MspInit)
    HAL_RTC_SetDate                          0x08002f61   Thumb Code   156  stm32g4xx_hal_rtc.o(i.HAL_RTC_SetDate)
    HAL_RTC_SetTime                          0x08003001   Thumb Code   198  stm32g4xx_hal_rtc.o(i.HAL_RTC_SetTime)
    HAL_RTC_WaitForSynchro                   0x080030cd   Thumb Code    50  stm32g4xx_hal_rtc.o(i.HAL_RTC_WaitForSynchro)
    HAL_SYSTICK_Config                       0x08003105   Thumb Code    40  stm32g4xx_hal_cortex.o(i.HAL_SYSTICK_Config)
    HAL_TIMEx_Break2Callback                 0x0800312d   Thumb Code     2  stm32g4xx_hal_tim_ex.o(i.HAL_TIMEx_Break2Callback)
    HAL_TIMEx_BreakCallback                  0x0800312f   Thumb Code     2  stm32g4xx_hal_tim_ex.o(i.HAL_TIMEx_BreakCallback)
    HAL_TIMEx_CommutCallback                 0x08003131   Thumb Code     2  stm32g4xx_hal_tim_ex.o(i.HAL_TIMEx_CommutCallback)
    HAL_TIMEx_ConfigBreakDeadTime            0x08003135   Thumb Code   148  stm32g4xx_hal_tim_ex.o(i.HAL_TIMEx_ConfigBreakDeadTime)
    HAL_TIMEx_DirectionChangeCallback        0x080031d1   Thumb Code     2  stm32g4xx_hal_tim_ex.o(i.HAL_TIMEx_DirectionChangeCallback)
    HAL_TIMEx_EncoderIndexCallback           0x080031d3   Thumb Code     2  stm32g4xx_hal_tim_ex.o(i.HAL_TIMEx_EncoderIndexCallback)
    HAL_TIMEx_IndexErrorCallback             0x080031d5   Thumb Code     2  stm32g4xx_hal_tim_ex.o(i.HAL_TIMEx_IndexErrorCallback)
    HAL_TIMEx_MasterConfigSynchronization    0x080031d9   Thumb Code   132  stm32g4xx_hal_tim_ex.o(i.HAL_TIMEx_MasterConfigSynchronization)
    HAL_TIMEx_TransitionErrorCallback        0x08003275   Thumb Code     2  stm32g4xx_hal_tim_ex.o(i.HAL_TIMEx_TransitionErrorCallback)
    HAL_TIM_Base_Init                        0x08003277   Thumb Code    98  stm32g4xx_hal_tim.o(i.HAL_TIM_Base_Init)
    HAL_TIM_Base_MspInit                     0x080032d9   Thumb Code   162  tim_1.o(i.HAL_TIM_Base_MspInit)
    HAL_TIM_Base_Start                       0x08003389   Thumb Code    84  stm32g4xx_hal_tim.o(i.HAL_TIM_Base_Start)
    HAL_TIM_Base_Start_IT                    0x080033f5   Thumb Code    94  stm32g4xx_hal_tim.o(i.HAL_TIM_Base_Start_IT)
    HAL_TIM_ConfigClockSource                0x0800346d   Thumb Code   246  stm32g4xx_hal_tim.o(i.HAL_TIM_ConfigClockSource)
    HAL_TIM_IC_CaptureCallback               0x0800356d   Thumb Code   108  main.o(i.HAL_TIM_IC_CaptureCallback)
    HAL_TIM_IC_ConfigChannel                 0x080035ed   Thumb Code   292  stm32g4xx_hal_tim.o(i.HAL_TIM_IC_ConfigChannel)
    HAL_TIM_IC_Init                          0x08003711   Thumb Code    98  stm32g4xx_hal_tim.o(i.HAL_TIM_IC_Init)
    HAL_TIM_IC_MspInit                       0x08003773   Thumb Code     2  stm32g4xx_hal_tim.o(i.HAL_TIM_IC_MspInit)
    HAL_TIM_IRQHandler                       0x08003775   Thumb Code   418  stm32g4xx_hal_tim.o(i.HAL_TIM_IRQHandler)
    HAL_TIM_MspPostInit                      0x08003919   Thumb Code   104  tim_1.o(i.HAL_TIM_MspPostInit)
    HAL_TIM_OC_ConfigChannel                 0x08003989   Thumb Code   110  stm32g4xx_hal_tim.o(i.HAL_TIM_OC_ConfigChannel)
    HAL_TIM_OC_DelayElapsedCallback          0x080039f9   Thumb Code    20  main.o(i.HAL_TIM_OC_DelayElapsedCallback)
    HAL_TIM_OC_Init                          0x08003a11   Thumb Code    98  stm32g4xx_hal_tim.o(i.HAL_TIM_OC_Init)
    HAL_TIM_OC_MspInit                       0x08003a75   Thumb Code    50  tim_1.o(i.HAL_TIM_OC_MspInit)
    HAL_TIM_PWM_ConfigChannel                0x08003ab1   Thumb Code   292  stm32g4xx_hal_tim.o(i.HAL_TIM_PWM_ConfigChannel)
    HAL_TIM_PWM_Init                         0x08003bd5   Thumb Code    98  stm32g4xx_hal_tim.o(i.HAL_TIM_PWM_Init)
    HAL_TIM_PWM_MspInit                      0x08003c37   Thumb Code     2  stm32g4xx_hal_tim.o(i.HAL_TIM_PWM_MspInit)
    HAL_TIM_PWM_PulseFinishedCallback        0x08003c39   Thumb Code     2  stm32g4xx_hal_tim.o(i.HAL_TIM_PWM_PulseFinishedCallback)
    HAL_TIM_PWM_Start                        0x08003c3d   Thumb Code   218  stm32g4xx_hal_tim.o(i.HAL_TIM_PWM_Start)
    HAL_TIM_PeriodElapsedCallback            0x08003d39   Thumb Code    42  main.o(i.HAL_TIM_PeriodElapsedCallback)
    HAL_TIM_ReadCapturedValue                0x08003d79   Thumb Code    42  stm32g4xx_hal_tim.o(i.HAL_TIM_ReadCapturedValue)
    HAL_TIM_SlaveConfigSynchro               0x08003da3   Thumb Code    86  stm32g4xx_hal_tim.o(i.HAL_TIM_SlaveConfigSynchro)
    HAL_TIM_TriggerCallback                  0x08003df9   Thumb Code     2  stm32g4xx_hal_tim.o(i.HAL_TIM_TriggerCallback)
    HAL_UARTEx_DisableFifoMode               0x08003dfb   Thumb Code    62  stm32g4xx_hal_uart_ex.o(i.HAL_UARTEx_DisableFifoMode)
    HAL_UARTEx_RxEventCallback               0x08003e39   Thumb Code     2  stm32g4xx_hal_uart.o(i.HAL_UARTEx_RxEventCallback)
    HAL_UARTEx_RxFifoFullCallback            0x08003e3b   Thumb Code     2  stm32g4xx_hal_uart_ex.o(i.HAL_UARTEx_RxFifoFullCallback)
    HAL_UARTEx_SetRxFifoThreshold            0x08003e3d   Thumb Code    76  stm32g4xx_hal_uart_ex.o(i.HAL_UARTEx_SetRxFifoThreshold)
    HAL_UARTEx_SetTxFifoThreshold            0x08003e89   Thumb Code    76  stm32g4xx_hal_uart_ex.o(i.HAL_UARTEx_SetTxFifoThreshold)
    HAL_UARTEx_TxFifoEmptyCallback           0x08003ed5   Thumb Code     2  stm32g4xx_hal_uart_ex.o(i.HAL_UARTEx_TxFifoEmptyCallback)
    HAL_UARTEx_WakeupCallback                0x08003ed7   Thumb Code     2  stm32g4xx_hal_uart_ex.o(i.HAL_UARTEx_WakeupCallback)
    HAL_UART_ErrorCallback                   0x08003ed9   Thumb Code     2  stm32g4xx_hal_uart.o(i.HAL_UART_ErrorCallback)
    HAL_UART_IRQHandler                      0x08003edd   Thumb Code   766  stm32g4xx_hal_uart.o(i.HAL_UART_IRQHandler)
    HAL_UART_Init                            0x080041e9   Thumb Code   106  stm32g4xx_hal_uart.o(i.HAL_UART_Init)
    HAL_UART_MspInit                         0x08004255   Thumb Code   132  uart.o(i.HAL_UART_MspInit)
    HAL_UART_Transmit                        0x080042e1   Thumb Code   174  stm32g4xx_hal_uart.o(i.HAL_UART_Transmit)
    HAL_UART_TxCpltCallback                  0x0800438f   Thumb Code     2  stm32g4xx_hal_uart.o(i.HAL_UART_TxCpltCallback)
    HardFault_Handler                        0x08004391   Thumb Code     2  stm32g4xx_it.o(i.HardFault_Handler)
    I2CInit                                  0x08004395   Thumb Code    38  i2c.o(i.I2CInit)
    I2CReceiveByte                           0x080043c1   Thumb Code    78  i2c.o(i.I2CReceiveByte)
    I2CSendAck                               0x0800440f   Thumb Code    48  i2c.o(i.I2CSendAck)
    I2CSendByte                              0x0800443f   Thumb Code    78  i2c.o(i.I2CSendByte)
    I2CSendNotAck                            0x0800448d   Thumb Code    48  i2c.o(i.I2CSendNotAck)
    I2CStart                                 0x080044bd   Thumb Code    54  i2c.o(i.I2CStart)
    I2CStop                                  0x080044f3   Thumb Code    54  i2c.o(i.I2CStop)
    I2CWaitAck                               0x08004529   Thumb Code    78  i2c.o(i.I2CWaitAck)
    Key_Proc                                 0x08004579   Thumb Code    72  main.o(i.Key_Proc)
    Key_Scan                                 0x080045c5   Thumb Code   156  key_led.o(i.Key_Scan)
    Key_Timer                                0x08004665   Thumb Code    26  main.o(i.Key_Timer)
    Key_led_Init                             0x08004689   Thumb Code   232  key_led.o(i.Key_led_Init)
    LCD_BusIn                                0x08004781   Thumb Code    40  lcd.o(i.LCD_BusIn)
    LCD_BusOut                               0x080047ad   Thumb Code    42  lcd.o(i.LCD_BusOut)
    LCD_Clear                                0x080047dd   Thumb Code    36  lcd.o(i.LCD_Clear)
    LCD_CtrlLinesConfig                      0x08004801   Thumb Code   134  lcd.o(i.LCD_CtrlLinesConfig)
    LCD_DisplayChar                          0x08004891   Thumb Code    18  lcd.o(i.LCD_DisplayChar)
    LCD_DisplayStringLine                    0x080048a9   Thumb Code    42  lcd.o(i.LCD_DisplayStringLine)
    LCD_DrawChar                             0x080048d5   Thumb Code    84  lcd.o(i.LCD_DrawChar)
    LCD_Init                                 0x0800492d   Thumb Code    46  lcd.o(i.LCD_Init)
    LCD_ReadReg                              0x08004961   Thumb Code   120  lcd.o(i.LCD_ReadReg)
    LCD_SetBackColor                         0x080049e1   Thumb Code    12  lcd.o(i.LCD_SetBackColor)
    LCD_SetCursor                            0x080049f1   Thumb Code    24  lcd.o(i.LCD_SetCursor)
    LCD_SetTextColor                         0x08004a09   Thumb Code    12  lcd.o(i.LCD_SetTextColor)
    LCD_WriteRAM                             0x08004a19   Thumb Code    80  lcd.o(i.LCD_WriteRAM)
    LCD_WriteRAM_Prepare                     0x08004a71   Thumb Code    82  lcd.o(i.LCD_WriteRAM_Prepare)
    LCD_WriteReg                             0x08004acd   Thumb Code   100  lcd.o(i.LCD_WriteReg)
    Lcd_Proc                                 0x08004b85   Thumb Code   302  main.o(i.Lcd_Proc)
    Led_Disp                                 0x08004d6d   Thumb Code    74  key_led.o(i.Led_Disp)
    MSP4017_Test                             0x08004dc1   Thumb Code    24  main.o(i.MSP4017_Test)
    MemManage_Handler                        0x08004ddd   Thumb Code     2  stm32g4xx_it.o(i.MemManage_Handler)
    NMI_Handler                              0x08004ddf   Thumb Code     2  stm32g4xx_it.o(i.NMI_Handler)
    PendSV_Handler                           0x08004de1   Thumb Code     2  stm32g4xx_it.o(i.PendSV_Handler)
    REG_8230_Init                            0x08004de3   Thumb Code   274  lcd.o(i.REG_8230_Init)
    REG_932X_Init                            0x08004ef5   Thumb Code   514  lcd.o(i.REG_932X_Init)
    RTC_Bcd2ToByte                           0x080050f7   Thumb Code    18  stm32g4xx_hal_rtc.o(i.RTC_Bcd2ToByte)
    RTC_ByteToBcd2                           0x08005109   Thumb Code    24  stm32g4xx_hal_rtc.o(i.RTC_ByteToBcd2)
    RTC_EnterInitMode                        0x08005121   Thumb Code    74  stm32g4xx_hal_rtc.o(i.RTC_EnterInitMode)
    RTC_ExitInitMode                         0x0800516b   Thumb Code    80  stm32g4xx_hal_rtc.o(i.RTC_ExitInitMode)
    RTC_Init                                 0x080051bd   Thumb Code   142  rtc_1.o(i.RTC_Init)
    SCL_Output                               0x08005255   Thumb Code    20  i2c.o(i.SCL_Output)
    SDA_Input                                0x0800526d   Thumb Code    18  i2c.o(i.SDA_Input)
    SDA_Input_Mode                           0x08005285   Thumb Code    40  i2c.o(i.SDA_Input_Mode)
    SDA_Output                               0x080052b1   Thumb Code    20  i2c.o(i.SDA_Output)
    SDA_Output_Mode                          0x080052c9   Thumb Code    40  i2c.o(i.SDA_Output_Mode)
    SVC_Handler                              0x080052f5   Thumb Code     2  stm32g4xx_it.o(i.SVC_Handler)
    SysTick_Handler                          0x080052f7   Thumb Code     4  stm32g4xx_it.o(i.SysTick_Handler)
    SystemClock_Config                       0x080052fb   Thumb Code   102  rcc.o(i.SystemClock_Config)
    SystemInit                               0x08005361   Thumb Code    12  system_stm32g4xx.o(i.SystemInit)
    TIM15_Init                               0x08005371   Thumb Code   156  tim_1.o(i.TIM15_Init)
    TIM1_BRK_TIM15_IRQHandler                0x08005415   Thumb Code     6  stm32g4xx_it.o(i.TIM1_BRK_TIM15_IRQHandler)
    TIM2_Init                                0x08005421   Thumb Code   154  tim_1.o(i.TIM2_Init)
    TIM3_IRQHandler                          0x080054c1   Thumb Code     6  stm32g4xx_it.o(i.TIM3_IRQHandler)
    TIM3_Init                                0x080054cd   Thumb Code   198  tim_1.o(i.TIM3_Init)
    TIM6_DAC_IRQHandler                      0x0800559d   Thumb Code     6  stm32g4xx_it.o(i.TIM6_DAC_IRQHandler)
    TIM6_Init                                0x080055a9   Thumb Code    62  tim_1.o(i.TIM6_Init)
    TIM_Base_SetConfig                       0x080055f1   Thumb Code   160  stm32g4xx_hal_tim.o(i.TIM_Base_SetConfig)
    TIM_CCxChannelCmd                        0x080056ad   Thumb Code    26  stm32g4xx_hal_tim.o(i.TIM_CCxChannelCmd)
    TIM_ETR_SetConfig                        0x080056c7   Thumb Code    20  stm32g4xx_hal_tim.o(i.TIM_ETR_SetConfig)
    TIM_OC2_SetConfig                        0x0800578d   Thumb Code   120  stm32g4xx_hal_tim.o(i.TIM_OC2_SetConfig)
    TIM_TI1_SetConfig                        0x08005b11   Thumb Code    88  stm32g4xx_hal_tim.o(i.TIM_TI1_SetConfig)
    UART_AdvFeatureConfig                    0x08005c1d   Thumb Code   200  stm32g4xx_hal_uart.o(i.UART_AdvFeatureConfig)
    UART_CheckIdleState                      0x08005ce5   Thumb Code   172  stm32g4xx_hal_uart.o(i.UART_CheckIdleState)
    UART_Init                                0x08005df9   Thumb Code    94  uart.o(i.UART_Init)
    UART_SetConfig                           0x08005e61   Thumb Code   582  stm32g4xx_hal_uart.o(i.UART_SetConfig)
    UART_WaitOnFlagUntilTimeout              0x080060d5   Thumb Code   148  stm32g4xx_hal_uart.o(i.UART_WaitOnFlagUntilTimeout)
    USART1_IRQHandler                        0x08006169   Thumb Code     6  stm32g4xx_it.o(i.USART1_IRQHandler)
    Uart_Proc                                0x08006175   Thumb Code    58  main.o(i.Uart_Proc)
    UsageFault_Handler                       0x080061c1   Thumb Code     2  stm32g4xx_it.o(i.UsageFault_Handler)
    __ARM_fpclassify                         0x080061c3   Thumb Code    48  fpclassify.o(i.__ARM_fpclassify)
    _is_digit                                0x08006213   Thumb Code    14  __printf_wp.o(i._is_digit)
    iic24c02_Read                            0x0800622d   Thumb Code    82  i2c.o(i.iic24c02_Read)
    iic24c02_Write                           0x08006281   Thumb Code    54  i2c.o(i.iic24c02_Write)
    main                                     0x080062b9   Thumb Code   130  main.o(i.main)
    msp4017_Read                             0x0800634d   Thumb Code    34  i2c.o(i.msp4017_Read)
    msp4017_Write                            0x0800636f   Thumb Code    36  i2c.o(i.msp4017_Write)
    _get_lc_numeric                          0x08006395   Thumb Code    44  lc_numeric_c.o(locale$$code)
    __aeabi_ui2d                             0x080063c1   Thumb Code     0  dflt_clz.o(x$fpl$dfltu)
    _dfltu                                   0x080063c1   Thumb Code    38  dflt_clz.o(x$fpl$dfltu)
    __aeabi_dmul                             0x080063e9   Thumb Code     0  dmul.o(x$fpl$dmul)
    _dmul                                    0x080063e9   Thumb Code   332  dmul.o(x$fpl$dmul)
    __fpl_dnaninf                            0x0800653d   Thumb Code   156  dnaninf.o(x$fpl$dnaninf)
    __fpl_dretinf                            0x080065d9   Thumb Code    12  dretinf.o(x$fpl$dretinf)
    __aeabi_f2d                              0x080065e5   Thumb Code     0  f2d.o(x$fpl$f2d)
    _f2d                                     0x080065e5   Thumb Code    86  f2d.o(x$fpl$f2d)
    __fpl_fnaninf                            0x0800663b   Thumb Code   140  fnaninf.o(x$fpl$fnaninf)
    _fp_init                                 0x080066c7   Thumb Code    10  fpinit.o(x$fpl$fpinit)
    __fplib_config_fpu_vfp                   0x080066cf   Thumb Code     0  fpinit.o(x$fpl$fpinit)
    __fplib_config_pureend_doubles           0x080066cf   Thumb Code     0  fpinit.o(x$fpl$fpinit)
    _printf_fp_dec                           0x080066d1   Thumb Code     4  printf1.o(x$fpl$printf1)
    UARTPrescTable                           0x080066d4   Data          24  stm32g4xx_hal_uart.o(.constdata)
    __I$use$fp                               0x080066d4   Number         0  usenofp.o(x$fpl$usenofp)
    AHBPrescTable                            0x080066fc   Data          16  system_stm32g4xx.o(.constdata)
    APBPrescTable                            0x0800670c   Data           8  system_stm32g4xx.o(.constdata)
    ASCII_Table                              0x08006714   Data        4560  lcd.o(.constdata)
    Region$$Table$$Base                      0x080079a0   Number         0  anon$$obj.o(Region$$Table)
    Region$$Table$$Limit                     0x080079c0   Number         0  anon$$obj.o(Region$$Table)
    Key_Value                                0x20000000   Data           1  main.o(.data)
    ucled                                    0x20000001   Data           1  main.o(.data)
    MSP4017                                  0x20000002   Data           2  main.o(.data)
    Freq_Count                               0x20000004   Data           2  main.o(.data)
    Duty_Count                               0x20000006   Data           2  main.o(.data)
    uwTick_Key_Point                         0x20000008   Data           4  main.o(.data)
    rxbufferr                                0x2000000c   Data           4  main.o(.data)
    txbufferr                                0x20000010   Data           4  main.o(.data)
    Date                                     0x20000014   Data           4  main.o(.data)
    Freq                                     0x20000018   Data           4  main.o(.data)
    Duty                                     0x2000001c   Data           4  main.o(.data)
    EEPROM_0                                 0x20000020   Data           8  main.o(.data)
    EEPROM_1                                 0x20000028   Data           8  main.o(.data)
    uwTickPrio                               0x20000030   Data           4  stm32g4xx_hal.o(.data)
    uwTickFreq                               0x20000034   Data           4  stm32g4xx_hal.o(.data)
    uwTick                                   0x20000038   Data           4  stm32g4xx_hal.o(.data)
    SystemCoreClock                          0x2000003c   Data           4  system_stm32g4xx.o(.data)
    dummy                                    0x20000044   Data           2  lcd.o(.data)
    Lcd_Show_Strings                         0x20000048   Data          21  main.o(.bss)
    Time                                     0x20000060   Data          20  main.o(.bss)
    hadc2                                    0x20000074   Data         108  adc_1.o(.bss)
    hrtc                                     0x200000e0   Data          40  rtc_1.o(.bss)
    htim2                                    0x20000108   Data          76  tim_1.o(.bss)
    htim3                                    0x20000154   Data          76  tim_1.o(.bss)
    htim6                                    0x200001a0   Data          76  tim_1.o(.bss)
    htim15                                   0x200001ec   Data          76  tim_1.o(.bss)
    huart1                                   0x20000238   Data         148  uart.o(.bss)
    __libspace_start                         0x200002cc   Data          96  libspace.o(.bss)
    __temporary_stack_top$libspace           0x2000032c   Data           0  libspace.o(.bss)



==============================================================================

Memory Map of the image

  Image Entry point : 0x080001d9

  Load Region LR_IROM1 (Base: 0x08000000, Size: 0x00007a24, Max: 0x00020000, ABSOLUTE)

    Execution Region ER_IROM1 (Exec base: 0x08000000, Load base: 0x08000000, Size: 0x000079dc, Max: 0x00020000, ABSOLUTE)

    Exec Addr    Load Addr    Size         Type   Attr      Idx    E Section Name        Object

    0x08000000   0x08000000   0x000001d8   Data   RO         4482    RESET               startup_stm32g431xx.o
    0x080001d8   0x080001d8   0x00000008   Code   RO         5125  * !!!main             c_w.l(__main.o)
    0x080001e0   0x080001e0   0x00000034   Code   RO         5365    !!!scatter          c_w.l(__scatter.o)
    0x08000214   0x08000214   0x0000001a   Code   RO         5367    !!handler_copy      c_w.l(__scatter_copy.o)
    0x0800022e   0x0800022e   0x00000002   PAD
    0x08000230   0x08000230   0x0000001c   Code   RO         5369    !!handler_zi        c_w.l(__scatter_zi.o)
    0x0800024c   0x0800024c   0x00000000   Code   RO         5118    .ARM.Collect$$_printf_percent$$00000000  c_w.l(_printf_percent.o)
    0x0800024c   0x0800024c   0x00000006   Code   RO         5117    .ARM.Collect$$_printf_percent$$00000003  c_w.l(_printf_f.o)
    0x08000252   0x08000252   0x00000006   Code   RO         5116    .ARM.Collect$$_printf_percent$$00000009  c_w.l(_printf_d.o)
    0x08000258   0x08000258   0x00000006   Code   RO         5115    .ARM.Collect$$_printf_percent$$0000000C  c_w.l(_printf_x.o)
    0x0800025e   0x0800025e   0x00000004   Code   RO         5152    .ARM.Collect$$_printf_percent$$00000017  c_w.l(_printf_percent_end.o)
    0x08000262   0x08000262   0x00000002   Code   RO         5238    .ARM.Collect$$libinit$$00000000  c_w.l(libinit.o)
    0x08000264   0x08000264   0x00000004   Code   RO         5239    .ARM.Collect$$libinit$$00000001  c_w.l(libinit2.o)
    0x08000268   0x08000268   0x00000000   Code   RO         5242    .ARM.Collect$$libinit$$00000004  c_w.l(libinit2.o)
    0x08000268   0x08000268   0x00000000   Code   RO         5245    .ARM.Collect$$libinit$$0000000A  c_w.l(libinit2.o)
    0x08000268   0x08000268   0x00000000   Code   RO         5247    .ARM.Collect$$libinit$$0000000C  c_w.l(libinit2.o)
    0x08000268   0x08000268   0x00000000   Code   RO         5249    .ARM.Collect$$libinit$$0000000E  c_w.l(libinit2.o)
    0x08000268   0x08000268   0x00000006   Code   RO         5250    .ARM.Collect$$libinit$$0000000F  c_w.l(libinit2.o)
    0x0800026e   0x0800026e   0x00000000   Code   RO         5252    .ARM.Collect$$libinit$$00000011  c_w.l(libinit2.o)
    0x0800026e   0x0800026e   0x00000000   Code   RO         5254    .ARM.Collect$$libinit$$00000013  c_w.l(libinit2.o)
    0x0800026e   0x0800026e   0x00000000   Code   RO         5256    .ARM.Collect$$libinit$$00000015  c_w.l(libinit2.o)
    0x0800026e   0x0800026e   0x0000000a   Code   RO         5257    .ARM.Collect$$libinit$$00000016  c_w.l(libinit2.o)
    0x08000278   0x08000278   0x00000000   Code   RO         5258    .ARM.Collect$$libinit$$00000017  c_w.l(libinit2.o)
    0x08000278   0x08000278   0x00000000   Code   RO         5260    .ARM.Collect$$libinit$$00000019  c_w.l(libinit2.o)
    0x08000278   0x08000278   0x00000000   Code   RO         5262    .ARM.Collect$$libinit$$0000001B  c_w.l(libinit2.o)
    0x08000278   0x08000278   0x00000000   Code   RO         5264    .ARM.Collect$$libinit$$0000001D  c_w.l(libinit2.o)
    0x08000278   0x08000278   0x00000000   Code   RO         5266    .ARM.Collect$$libinit$$0000001F  c_w.l(libinit2.o)
    0x08000278   0x08000278   0x00000000   Code   RO         5268    .ARM.Collect$$libinit$$00000021  c_w.l(libinit2.o)
    0x08000278   0x08000278   0x00000000   Code   RO         5270    .ARM.Collect$$libinit$$00000023  c_w.l(libinit2.o)
    0x08000278   0x08000278   0x00000000   Code   RO         5272    .ARM.Collect$$libinit$$00000025  c_w.l(libinit2.o)
    0x08000278   0x08000278   0x00000000   Code   RO         5276    .ARM.Collect$$libinit$$0000002C  c_w.l(libinit2.o)
    0x08000278   0x08000278   0x00000000   Code   RO         5278    .ARM.Collect$$libinit$$0000002E  c_w.l(libinit2.o)
    0x08000278   0x08000278   0x00000000   Code   RO         5280    .ARM.Collect$$libinit$$00000030  c_w.l(libinit2.o)
    0x08000278   0x08000278   0x00000000   Code   RO         5282    .ARM.Collect$$libinit$$00000032  c_w.l(libinit2.o)
    0x08000278   0x08000278   0x00000002   Code   RO         5283    .ARM.Collect$$libinit$$00000033  c_w.l(libinit2.o)
    0x0800027a   0x0800027a   0x00000002   Code   RO         5330    .ARM.Collect$$libshutdown$$00000000  c_w.l(libshutdown.o)
    0x0800027c   0x0800027c   0x00000000   Code   RO         5348    .ARM.Collect$$libshutdown$$00000002  c_w.l(libshutdown2.o)
    0x0800027c   0x0800027c   0x00000000   Code   RO         5350    .ARM.Collect$$libshutdown$$00000004  c_w.l(libshutdown2.o)
    0x0800027c   0x0800027c   0x00000000   Code   RO         5353    .ARM.Collect$$libshutdown$$00000007  c_w.l(libshutdown2.o)
    0x0800027c   0x0800027c   0x00000000   Code   RO         5356    .ARM.Collect$$libshutdown$$0000000A  c_w.l(libshutdown2.o)
    0x0800027c   0x0800027c   0x00000000   Code   RO         5358    .ARM.Collect$$libshutdown$$0000000C  c_w.l(libshutdown2.o)
    0x0800027c   0x0800027c   0x00000000   Code   RO         5361    .ARM.Collect$$libshutdown$$0000000F  c_w.l(libshutdown2.o)
    0x0800027c   0x0800027c   0x00000002   Code   RO         5362    .ARM.Collect$$libshutdown$$00000010  c_w.l(libshutdown2.o)
    0x0800027e   0x0800027e   0x00000000   Code   RO         5139    .ARM.Collect$$rtentry$$00000000  c_w.l(__rtentry.o)
    0x0800027e   0x0800027e   0x00000000   Code   RO         5161    .ARM.Collect$$rtentry$$00000002  c_w.l(__rtentry2.o)
    0x0800027e   0x0800027e   0x00000006   Code   RO         5173    .ARM.Collect$$rtentry$$00000004  c_w.l(__rtentry4.o)
    0x08000284   0x08000284   0x00000000   Code   RO         5163    .ARM.Collect$$rtentry$$00000009  c_w.l(__rtentry2.o)
    0x08000284   0x08000284   0x00000004   Code   RO         5164    .ARM.Collect$$rtentry$$0000000A  c_w.l(__rtentry2.o)
    0x08000288   0x08000288   0x00000000   Code   RO         5166    .ARM.Collect$$rtentry$$0000000C  c_w.l(__rtentry2.o)
    0x08000288   0x08000288   0x00000008   Code   RO         5167    .ARM.Collect$$rtentry$$0000000D  c_w.l(__rtentry2.o)
    0x08000290   0x08000290   0x00000002   Code   RO         5284    .ARM.Collect$$rtexit$$00000000  c_w.l(rtexit.o)
    0x08000292   0x08000292   0x00000000   Code   RO         5299    .ARM.Collect$$rtexit$$00000002  c_w.l(rtexit2.o)
    0x08000292   0x08000292   0x00000004   Code   RO         5300    .ARM.Collect$$rtexit$$00000003  c_w.l(rtexit2.o)
    0x08000296   0x08000296   0x00000006   Code   RO         5301    .ARM.Collect$$rtexit$$00000004  c_w.l(rtexit2.o)
    0x0800029c   0x0800029c   0x00000040   Code   RO         4483    .text               startup_stm32g431xx.o
    0x080002dc   0x080002dc   0x000000ee   Code   RO         5062    .text               c_w.l(lludivv7m.o)
    0x080003ca   0x080003ca   0x00000002   PAD
    0x080003cc   0x080003cc   0x00000028   Code   RO         5066    .text               c_w.l(noretval__2sprintf.o)
    0x080003f4   0x080003f4   0x0000004e   Code   RO         5070    .text               c_w.l(_printf_pad.o)
    0x08000442   0x08000442   0x00000002   PAD
    0x08000444   0x08000444   0x00000078   Code   RO         5072    .text               c_w.l(_printf_dec.o)
    0x080004bc   0x080004bc   0x00000058   Code   RO         5077    .text               c_w.l(_printf_hex_int.o)
    0x08000514   0x08000514   0x0000010e   Code   RO         5103    .text               c_w.l(__printf_wp.o)
    0x08000622   0x08000622   0x0000003e   Code   RO         5119    .text               c_w.l(strlen.o)
    0x08000660   0x08000660   0x0000004e   Code   RO         5121    .text               c_w.l(rt_memclr_w.o)
    0x080006ae   0x080006ae   0x00000006   Code   RO         5123    .text               c_w.l(heapauxi.o)
    0x080006b4   0x080006b4   0x000000b2   Code   RO         5144    .text               c_w.l(_printf_intcommon.o)
    0x08000766   0x08000766   0x0000041e   Code   RO         5146    .text               c_w.l(_printf_fp_dec.o)
    0x08000b84   0x08000b84   0x00000030   Code   RO         5148    .text               c_w.l(_printf_char_common.o)
    0x08000bb4   0x08000bb4   0x0000000a   Code   RO         5150    .text               c_w.l(_sputc.o)
    0x08000bbe   0x08000bbe   0x00000002   PAD
    0x08000bc0   0x08000bc0   0x00000008   Code   RO         5180    .text               c_w.l(rt_locale_intlibspace.o)
    0x08000bc8   0x08000bc8   0x0000008a   Code   RO         5182    .text               c_w.l(lludiv10.o)
    0x08000c52   0x08000c52   0x00000002   PAD
    0x08000c54   0x08000c54   0x00000080   Code   RO         5184    .text               c_w.l(_printf_fp_infnan.o)
    0x08000cd4   0x08000cd4   0x000000e4   Code   RO         5188    .text               c_w.l(bigflt0.o)
    0x08000db8   0x08000db8   0x00000008   Code   RO         5220    .text               c_w.l(libspace.o)
    0x08000dc0   0x08000dc0   0x0000004a   Code   RO         5223    .text               c_w.l(sys_stackheap_outer.o)
    0x08000e0a   0x08000e0a   0x00000012   Code   RO         5225    .text               c_w.l(exit.o)
    0x08000e1c   0x08000e1c   0x00000080   Code   RO         5231    .text               c_w.l(strcmpv7m.o)
    0x08000e9c   0x08000e9c   0x0000000c   Code   RO         5296    .text               c_w.l(sys_exit.o)
    0x08000ea8   0x08000ea8   0x00000002   Code   RO         5317    .text               c_w.l(use_no_semi.o)
    0x08000eaa   0x08000eaa   0x00000000   Code   RO         5319    .text               c_w.l(indicate_semi.o)
    0x08000eaa   0x08000eaa   0x0000003e   Code   RO         5191    CL$$btod_d2e        c_w.l(btod.o)
    0x08000ee8   0x08000ee8   0x00000046   Code   RO         5193    CL$$btod_d2e_denorm_low  c_w.l(btod.o)
    0x08000f2e   0x08000f2e   0x00000060   Code   RO         5192    CL$$btod_d2e_norm_op1  c_w.l(btod.o)
    0x08000f8e   0x08000f8e   0x00000338   Code   RO         5201    CL$$btod_div_common  c_w.l(btod.o)
    0x080012c6   0x080012c6   0x000000dc   Code   RO         5198    CL$$btod_e2e        c_w.l(btod.o)
    0x080013a2   0x080013a2   0x0000002a   Code   RO         5195    CL$$btod_ediv       c_w.l(btod.o)
    0x080013cc   0x080013cc   0x0000002a   Code   RO         5194    CL$$btod_emul       c_w.l(btod.o)
    0x080013f6   0x080013f6   0x00000244   Code   RO         5200    CL$$btod_mult_common  c_w.l(btod.o)
    0x0800163a   0x0800163a   0x00000002   PAD
    0x0800163c   0x0800163c   0x00000018   Code   RO         4490    i.ADC2_Get_Num      adc_1.o
    0x08001654   0x08001654   0x0000007c   Code   RO         4491    i.ADC2_Init         adc_1.o
    0x080016d0   0x080016d0   0x000000ac   Code   RO          373    i.ADC_Enable        stm32g4xx_hal_adc.o
    0x0800177c   0x0800177c   0x00000002   Code   RO          244    i.BusFault_Handler  stm32g4xx_it.o
    0x0800177e   0x0800177e   0x00000002   Code   RO          245    i.DebugMon_Handler  stm32g4xx_it.o
    0x08001780   0x08001780   0x0000001c   Code   RO         4689    i.Delay_LCD         lcd.o
    0x0800179c   0x0800179c   0x00000028   Code   RO            4    i.EEPROM_Test       main.o
    0x080017c4   0x080017c4   0x00000004   Code   RO            5    i.Error_Handler     main.o
    0x080017c8   0x080017c8   0x00000424   Code   RO          375    i.HAL_ADC_ConfigChannel  stm32g4xx_hal_adc.o
    0x08001bec   0x08001bec   0x00000006   Code   RO          382    i.HAL_ADC_GetValue  stm32g4xx_hal_adc.o
    0x08001bf2   0x08001bf2   0x00000002   PAD
    0x08001bf4   0x08001bf4   0x000001f4   Code   RO          384    i.HAL_ADC_Init      stm32g4xx_hal_adc.o
    0x08001de8   0x08001de8   0x00000078   Code   RO         4492    i.HAL_ADC_MspInit   adc_1.o
    0x08001e60   0x08001e60   0x000000f4   Code   RO          390    i.HAL_ADC_Start     stm32g4xx_hal_adc.o
    0x08001f54   0x08001f54   0x0000006a   Code   RO         1669    i.HAL_DMA_Abort     stm32g4xx_hal_dma.o
    0x08001fbe   0x08001fbe   0x00000078   Code   RO         1670    i.HAL_DMA_Abort_IT  stm32g4xx_hal_dma.o
    0x08002036   0x08002036   0x00000002   PAD
    0x08002038   0x08002038   0x00000024   Code   RO          822    i.HAL_Delay         stm32g4xx_hal.o
    0x0800205c   0x0800205c   0x00000248   Code   RO         1531    i.HAL_GPIO_Init     stm32g4xx_hal_gpio.o
    0x080022a4   0x080022a4   0x0000000a   Code   RO         1533    i.HAL_GPIO_ReadPin  stm32g4xx_hal_gpio.o
    0x080022ae   0x080022ae   0x0000000a   Code   RO         1535    i.HAL_GPIO_WritePin  stm32g4xx_hal_gpio.o
    0x080022b8   0x080022b8   0x0000000c   Code   RO          826    i.HAL_GetTick       stm32g4xx_hal.o
    0x080022c4   0x080022c4   0x00000010   Code   RO          832    i.HAL_IncTick       stm32g4xx_hal.o
    0x080022d4   0x080022d4   0x0000001e   Code   RO          833    i.HAL_Init          stm32g4xx_hal.o
    0x080022f2   0x080022f2   0x00000002   PAD
    0x080022f4   0x080022f4   0x00000044   Code   RO          834    i.HAL_InitTick      stm32g4xx_hal.o
    0x08002338   0x08002338   0x00000030   Code   RO          344    i.HAL_MspInit       stm32g4xx_hal_msp.o
    0x08002368   0x08002368   0x0000001a   Code   RO         2178    i.HAL_NVIC_EnableIRQ  stm32g4xx_hal_cortex.o
    0x08002382   0x08002382   0x00000002   PAD
    0x08002384   0x08002384   0x00000040   Code   RO         2184    i.HAL_NVIC_SetPriority  stm32g4xx_hal_cortex.o
    0x080023c4   0x080023c4   0x00000024   Code   RO         2185    i.HAL_NVIC_SetPriorityGrouping  stm32g4xx_hal_cortex.o
    0x080023e8   0x080023e8   0x000000bc   Code   RO         1934    i.HAL_PWREx_ControlVoltageScaling  stm32g4xx_hal_pwr_ex.o
    0x080024a4   0x080024a4   0x00000010   Code   RO         1946    i.HAL_PWREx_DisableUCPDDeadBattery  stm32g4xx_hal_pwr_ex.o
    0x080024b4   0x080024b4   0x00000288   Code   RO         1193    i.HAL_RCCEx_PeriphCLKConfig  stm32g4xx_hal_rcc_ex.o
    0x0800273c   0x0800273c   0x000001dc   Code   RO         1068    i.HAL_RCC_ClockConfig  stm32g4xx_hal_rcc.o
    0x08002918   0x08002918   0x00000024   Code   RO         1076    i.HAL_RCC_GetPCLK1Freq  stm32g4xx_hal_rcc.o
    0x0800293c   0x0800293c   0x00000024   Code   RO         1077    i.HAL_RCC_GetPCLK2Freq  stm32g4xx_hal_rcc.o
    0x08002960   0x08002960   0x00000070   Code   RO         1078    i.HAL_RCC_GetSysClockFreq  stm32g4xx_hal_rcc.o
    0x080029d0   0x080029d0   0x00000404   Code   RO         1081    i.HAL_RCC_OscConfig  stm32g4xx_hal_rcc.o
    0x08002dd4   0x08002dd4   0x00000044   Code   RO         2318    i.HAL_RTC_GetDate   stm32g4xx_hal_rtc.o
    0x08002e18   0x08002e18   0x00000054   Code   RO         2320    i.HAL_RTC_GetTime   stm32g4xx_hal_rtc.o
    0x08002e6c   0x08002e6c   0x0000009c   Code   RO         2321    i.HAL_RTC_Init      stm32g4xx_hal_rtc.o
    0x08002f08   0x08002f08   0x00000058   Code   RO         4919    i.HAL_RTC_MspInit   rtc_1.o
    0x08002f60   0x08002f60   0x000000a0   Code   RO         2327    i.HAL_RTC_SetDate   stm32g4xx_hal_rtc.o
    0x08003000   0x08003000   0x000000cc   Code   RO         2328    i.HAL_RTC_SetTime   stm32g4xx_hal_rtc.o
    0x080030cc   0x080030cc   0x00000038   Code   RO         2329    i.HAL_RTC_WaitForSynchro  stm32g4xx_hal_rtc.o
    0x08003104   0x08003104   0x00000028   Code   RO         2189    i.HAL_SYSTICK_Config  stm32g4xx_hal_cortex.o
    0x0800312c   0x0800312c   0x00000002   Code   RO         3478    i.HAL_TIMEx_Break2Callback  stm32g4xx_hal_tim_ex.o
    0x0800312e   0x0800312e   0x00000002   Code   RO         3479    i.HAL_TIMEx_BreakCallback  stm32g4xx_hal_tim_ex.o
    0x08003130   0x08003130   0x00000002   Code   RO         3480    i.HAL_TIMEx_CommutCallback  stm32g4xx_hal_tim_ex.o
    0x08003132   0x08003132   0x00000002   PAD
    0x08003134   0x08003134   0x0000009c   Code   RO         3483    i.HAL_TIMEx_ConfigBreakDeadTime  stm32g4xx_hal_tim_ex.o
    0x080031d0   0x080031d0   0x00000002   Code   RO         3491    i.HAL_TIMEx_DirectionChangeCallback  stm32g4xx_hal_tim_ex.o
    0x080031d2   0x080031d2   0x00000002   Code   RO         3505    i.HAL_TIMEx_EncoderIndexCallback  stm32g4xx_hal_tim_ex.o
    0x080031d4   0x080031d4   0x00000002   Code   RO         3519    i.HAL_TIMEx_IndexErrorCallback  stm32g4xx_hal_tim_ex.o
    0x080031d6   0x080031d6   0x00000002   PAD
    0x080031d8   0x080031d8   0x0000009c   Code   RO         3520    i.HAL_TIMEx_MasterConfigSynchronization  stm32g4xx_hal_tim_ex.o
    0x08003274   0x08003274   0x00000002   Code   RO         3541    i.HAL_TIMEx_TransitionErrorCallback  stm32g4xx_hal_tim_ex.o
    0x08003276   0x08003276   0x00000062   Code   RO         2764    i.HAL_TIM_Base_Init  stm32g4xx_hal_tim.o
    0x080032d8   0x080032d8   0x000000b0   Code   RO         4956    i.HAL_TIM_Base_MspInit  tim_1.o
    0x08003388   0x08003388   0x0000006c   Code   RO         2767    i.HAL_TIM_Base_Start  stm32g4xx_hal_tim.o
    0x080033f4   0x080033f4   0x00000078   Code   RO         2769    i.HAL_TIM_Base_Start_IT  stm32g4xx_hal_tim.o
    0x0800346c   0x0800346c   0x00000100   Code   RO         2773    i.HAL_TIM_ConfigClockSource  stm32g4xx_hal_tim.o
    0x0800356c   0x0800356c   0x00000080   Code   RO            6    i.HAL_TIM_IC_CaptureCallback  main.o
    0x080035ec   0x080035ec   0x00000124   Code   RO         2800    i.HAL_TIM_IC_ConfigChannel  stm32g4xx_hal_tim.o
    0x08003710   0x08003710   0x00000062   Code   RO         2803    i.HAL_TIM_IC_Init   stm32g4xx_hal_tim.o
    0x08003772   0x08003772   0x00000002   Code   RO         2805    i.HAL_TIM_IC_MspInit  stm32g4xx_hal_tim.o
    0x08003774   0x08003774   0x000001a2   Code   RO         2812    i.HAL_TIM_IRQHandler  stm32g4xx_hal_tim.o
    0x08003916   0x08003916   0x00000002   PAD
    0x08003918   0x08003918   0x00000070   Code   RO         4957    i.HAL_TIM_MspPostInit  tim_1.o
    0x08003988   0x08003988   0x0000006e   Code   RO         2813    i.HAL_TIM_OC_ConfigChannel  stm32g4xx_hal_tim.o
    0x080039f6   0x080039f6   0x00000002   PAD
    0x080039f8   0x080039f8   0x00000018   Code   RO            7    i.HAL_TIM_OC_DelayElapsedCallback  main.o
    0x08003a10   0x08003a10   0x00000062   Code   RO         2817    i.HAL_TIM_OC_Init   stm32g4xx_hal_tim.o
    0x08003a72   0x08003a72   0x00000002   PAD
    0x08003a74   0x08003a74   0x0000003c   Code   RO         4958    i.HAL_TIM_OC_MspInit  tim_1.o
    0x08003ab0   0x08003ab0   0x00000124   Code   RO         2836    i.HAL_TIM_PWM_ConfigChannel  stm32g4xx_hal_tim.o
    0x08003bd4   0x08003bd4   0x00000062   Code   RO         2839    i.HAL_TIM_PWM_Init  stm32g4xx_hal_tim.o
    0x08003c36   0x08003c36   0x00000002   Code   RO         2841    i.HAL_TIM_PWM_MspInit  stm32g4xx_hal_tim.o
    0x08003c38   0x08003c38   0x00000002   Code   RO         2842    i.HAL_TIM_PWM_PulseFinishedCallback  stm32g4xx_hal_tim.o
    0x08003c3a   0x08003c3a   0x00000002   PAD
    0x08003c3c   0x08003c3c   0x000000fc   Code   RO         2844    i.HAL_TIM_PWM_Start  stm32g4xx_hal_tim.o
    0x08003d38   0x08003d38   0x00000040   Code   RO            8    i.HAL_TIM_PeriodElapsedCallback  main.o
    0x08003d78   0x08003d78   0x0000002a   Code   RO         2852    i.HAL_TIM_ReadCapturedValue  stm32g4xx_hal_tim.o
    0x08003da2   0x08003da2   0x00000056   Code   RO         2853    i.HAL_TIM_SlaveConfigSynchro  stm32g4xx_hal_tim.o
    0x08003df8   0x08003df8   0x00000002   Code   RO         2855    i.HAL_TIM_TriggerCallback  stm32g4xx_hal_tim.o
    0x08003dfa   0x08003dfa   0x0000003e   Code   RO         4327    i.HAL_UARTEx_DisableFifoMode  stm32g4xx_hal_uart_ex.o
    0x08003e38   0x08003e38   0x00000002   Code   RO         3916    i.HAL_UARTEx_RxEventCallback  stm32g4xx_hal_uart.o
    0x08003e3a   0x08003e3a   0x00000002   Code   RO         4335    i.HAL_UARTEx_RxFifoFullCallback  stm32g4xx_hal_uart_ex.o
    0x08003e3c   0x08003e3c   0x0000004c   Code   RO         4336    i.HAL_UARTEx_SetRxFifoThreshold  stm32g4xx_hal_uart_ex.o
    0x08003e88   0x08003e88   0x0000004c   Code   RO         4337    i.HAL_UARTEx_SetTxFifoThreshold  stm32g4xx_hal_uart_ex.o
    0x08003ed4   0x08003ed4   0x00000002   Code   RO         4339    i.HAL_UARTEx_TxFifoEmptyCallback  stm32g4xx_hal_uart_ex.o
    0x08003ed6   0x08003ed6   0x00000002   Code   RO         4340    i.HAL_UARTEx_WakeupCallback  stm32g4xx_hal_uart_ex.o
    0x08003ed8   0x08003ed8   0x00000002   Code   RO         3932    i.HAL_UART_ErrorCallback  stm32g4xx_hal_uart.o
    0x08003eda   0x08003eda   0x00000002   PAD
    0x08003edc   0x08003edc   0x0000030c   Code   RO         3935    i.HAL_UART_IRQHandler  stm32g4xx_hal_uart.o
    0x080041e8   0x080041e8   0x0000006a   Code   RO         3936    i.HAL_UART_Init     stm32g4xx_hal_uart.o
    0x08004252   0x08004252   0x00000002   PAD
    0x08004254   0x08004254   0x0000008c   Code   RO         5027    i.HAL_UART_MspInit  uart.o
    0x080042e0   0x080042e0   0x000000ae   Code   RO         3945    i.HAL_UART_Transmit  stm32g4xx_hal_uart.o
    0x0800438e   0x0800438e   0x00000002   Code   RO         3948    i.HAL_UART_TxCpltCallback  stm32g4xx_hal_uart.o
    0x08004390   0x08004390   0x00000002   Code   RO          246    i.HardFault_Handler  stm32g4xx_it.o
    0x08004392   0x08004392   0x00000002   PAD
    0x08004394   0x08004394   0x0000002c   Code   RO         4532    i.I2CInit           i2c.o
    0x080043c0   0x080043c0   0x0000004e   Code   RO         4533    i.I2CReceiveByte    i2c.o
    0x0800440e   0x0800440e   0x00000030   Code   RO         4534    i.I2CSendAck        i2c.o
    0x0800443e   0x0800443e   0x0000004e   Code   RO         4535    i.I2CSendByte       i2c.o
    0x0800448c   0x0800448c   0x00000030   Code   RO         4536    i.I2CSendNotAck     i2c.o
    0x080044bc   0x080044bc   0x00000036   Code   RO         4537    i.I2CStart          i2c.o
    0x080044f2   0x080044f2   0x00000036   Code   RO         4538    i.I2CStop           i2c.o
    0x08004528   0x08004528   0x0000004e   Code   RO         4539    i.I2CWaitAck        i2c.o
    0x08004576   0x08004576   0x00000002   PAD
    0x08004578   0x08004578   0x0000004c   Code   RO           10    i.Key_Proc          main.o
    0x080045c4   0x080045c4   0x000000a0   Code   RO         4653    i.Key_Scan          key_led.o
    0x08004664   0x08004664   0x00000024   Code   RO           11    i.Key_Timer         main.o
    0x08004688   0x08004688   0x000000f8   Code   RO         4654    i.Key_led_Init      key_led.o
    0x08004780   0x08004780   0x0000002c   Code   RO         4690    i.LCD_BusIn         lcd.o
    0x080047ac   0x080047ac   0x00000030   Code   RO         4691    i.LCD_BusOut        lcd.o
    0x080047dc   0x080047dc   0x00000024   Code   RO         4692    i.LCD_Clear         lcd.o
    0x08004800   0x08004800   0x00000090   Code   RO         4694    i.LCD_CtrlLinesConfig  lcd.o
    0x08004890   0x08004890   0x00000018   Code   RO         4695    i.LCD_DisplayChar   lcd.o
    0x080048a8   0x080048a8   0x0000002a   Code   RO         4698    i.LCD_DisplayStringLine  lcd.o
    0x080048d2   0x080048d2   0x00000002   PAD
    0x080048d4   0x080048d4   0x00000058   Code   RO         4699    i.LCD_DrawChar      lcd.o
    0x0800492c   0x0800492c   0x00000034   Code   RO         4705    i.LCD_Init          lcd.o
    0x08004960   0x08004960   0x00000080   Code   RO         4708    i.LCD_ReadReg       lcd.o
    0x080049e0   0x080049e0   0x00000010   Code   RO         4709    i.LCD_SetBackColor  lcd.o
    0x080049f0   0x080049f0   0x00000018   Code   RO         4710    i.LCD_SetCursor     lcd.o
    0x08004a08   0x08004a08   0x00000010   Code   RO         4712    i.LCD_SetTextColor  lcd.o
    0x08004a18   0x08004a18   0x00000058   Code   RO         4715    i.LCD_WriteRAM      lcd.o
    0x08004a70   0x08004a70   0x0000005c   Code   RO         4716    i.LCD_WriteRAM_Prepare  lcd.o
    0x08004acc   0x08004acc   0x0000006c   Code   RO         4717    i.LCD_WriteReg      lcd.o
    0x08004b38   0x08004b38   0x0000000c   Code   RO          398    i.LL_ADC_GetOffsetChannel  stm32g4xx_hal_adc.o
    0x08004b44   0x08004b44   0x00000008   Code   RO          399    i.LL_ADC_INJ_IsConversionOngoing  stm32g4xx_hal_adc.o
    0x08004b4c   0x08004b4c   0x00000008   Code   RO          400    i.LL_ADC_REG_IsConversionOngoing  stm32g4xx_hal_adc.o
    0x08004b54   0x08004b54   0x0000001e   Code   RO          403    i.LL_ADC_SetChannelSamplingTime  stm32g4xx_hal_adc.o
    0x08004b72   0x08004b72   0x00000010   Code   RO          404    i.LL_ADC_SetOffsetState  stm32g4xx_hal_adc.o
    0x08004b82   0x08004b82   0x00000002   PAD
    0x08004b84   0x08004b84   0x000001e8   Code   RO           12    i.Lcd_Proc          main.o
    0x08004d6c   0x08004d6c   0x00000054   Code   RO         4655    i.Led_Disp          key_led.o
    0x08004dc0   0x08004dc0   0x0000001c   Code   RO           13    i.MSP4017_Test      main.o
    0x08004ddc   0x08004ddc   0x00000002   Code   RO          247    i.MemManage_Handler  stm32g4xx_it.o
    0x08004dde   0x08004dde   0x00000002   Code   RO          248    i.NMI_Handler       stm32g4xx_it.o
    0x08004de0   0x08004de0   0x00000002   Code   RO          249    i.PendSV_Handler    stm32g4xx_it.o
    0x08004de2   0x08004de2   0x00000112   Code   RO         4718    i.REG_8230_Init     lcd.o
    0x08004ef4   0x08004ef4   0x00000202   Code   RO         4719    i.REG_932X_Init     lcd.o
    0x080050f6   0x080050f6   0x00000012   Code   RO         2330    i.RTC_Bcd2ToByte    stm32g4xx_hal_rtc.o
    0x08005108   0x08005108   0x00000018   Code   RO         2331    i.RTC_ByteToBcd2    stm32g4xx_hal_rtc.o
    0x08005120   0x08005120   0x0000004a   Code   RO         2332    i.RTC_EnterInitMode  stm32g4xx_hal_rtc.o
    0x0800516a   0x0800516a   0x00000050   Code   RO         2333    i.RTC_ExitInitMode  stm32g4xx_hal_rtc.o
    0x080051ba   0x080051ba   0x00000002   PAD
    0x080051bc   0x080051bc   0x00000098   Code   RO         4920    i.RTC_Init          rtc_1.o
    0x08005254   0x08005254   0x00000018   Code   RO         4540    i.SCL_Output        i2c.o
    0x0800526c   0x0800526c   0x00000018   Code   RO         4541    i.SDA_Input         i2c.o
    0x08005284   0x08005284   0x0000002c   Code   RO         4542    i.SDA_Input_Mode    i2c.o
    0x080052b0   0x080052b0   0x00000018   Code   RO         4543    i.SDA_Output        i2c.o
    0x080052c8   0x080052c8   0x0000002c   Code   RO         4544    i.SDA_Output_Mode   i2c.o
    0x080052f4   0x080052f4   0x00000002   Code   RO          250    i.SVC_Handler       stm32g4xx_it.o
    0x080052f6   0x080052f6   0x00000004   Code   RO          251    i.SysTick_Handler   stm32g4xx_it.o
    0x080052fa   0x080052fa   0x00000066   Code   RO         4895    i.SystemClock_Config  rcc.o
    0x08005360   0x08005360   0x00000010   Code   RO         4446    i.SystemInit        system_stm32g4xx.o
    0x08005370   0x08005370   0x000000a4   Code   RO         4959    i.TIM15_Init        tim_1.o
    0x08005414   0x08005414   0x0000000c   Code   RO          252    i.TIM1_BRK_TIM15_IRQHandler  stm32g4xx_it.o
    0x08005420   0x08005420   0x000000a0   Code   RO         4960    i.TIM2_Init         tim_1.o
    0x080054c0   0x080054c0   0x0000000c   Code   RO          253    i.TIM3_IRQHandler   stm32g4xx_it.o
    0x080054cc   0x080054cc   0x000000d0   Code   RO         4961    i.TIM3_Init         tim_1.o
    0x0800559c   0x0800559c   0x0000000c   Code   RO          254    i.TIM6_DAC_IRQHandler  stm32g4xx_it.o
    0x080055a8   0x080055a8   0x00000048   Code   RO         4962    i.TIM6_Init         tim_1.o
    0x080055f0   0x080055f0   0x000000bc   Code   RO         2857    i.TIM_Base_SetConfig  stm32g4xx_hal_tim.o
    0x080056ac   0x080056ac   0x0000001a   Code   RO         2858    i.TIM_CCxChannelCmd  stm32g4xx_hal_tim.o
    0x080056c6   0x080056c6   0x00000014   Code   RO         2868    i.TIM_ETR_SetConfig  stm32g4xx_hal_tim.o
    0x080056da   0x080056da   0x00000002   PAD
    0x080056dc   0x080056dc   0x00000014   Code   RO         2869    i.TIM_ITRx_SetConfig  stm32g4xx_hal_tim.o
    0x080056f0   0x080056f0   0x0000009c   Code   RO         2870    i.TIM_OC1_SetConfig  stm32g4xx_hal_tim.o
    0x0800578c   0x0800578c   0x00000090   Code   RO         2871    i.TIM_OC2_SetConfig  stm32g4xx_hal_tim.o
    0x0800581c   0x0800581c   0x00000090   Code   RO         2872    i.TIM_OC3_SetConfig  stm32g4xx_hal_tim.o
    0x080058ac   0x080058ac   0x00000090   Code   RO         2873    i.TIM_OC4_SetConfig  stm32g4xx_hal_tim.o
    0x0800593c   0x0800593c   0x00000070   Code   RO         2874    i.TIM_OC5_SetConfig  stm32g4xx_hal_tim.o
    0x080059ac   0x080059ac   0x00000070   Code   RO         2875    i.TIM_OC6_SetConfig  stm32g4xx_hal_tim.o
    0x08005a1c   0x08005a1c   0x000000d0   Code   RO         2876    i.TIM_SlaveTimer_SetConfig  stm32g4xx_hal_tim.o
    0x08005aec   0x08005aec   0x00000022   Code   RO         2877    i.TIM_TI1_ConfigInputStage  stm32g4xx_hal_tim.o
    0x08005b0e   0x08005b0e   0x00000002   PAD
    0x08005b10   0x08005b10   0x0000006c   Code   RO         2878    i.TIM_TI1_SetConfig  stm32g4xx_hal_tim.o
    0x08005b7c   0x08005b7c   0x00000024   Code   RO         2879    i.TIM_TI2_ConfigInputStage  stm32g4xx_hal_tim.o
    0x08005ba0   0x08005ba0   0x00000036   Code   RO         2880    i.TIM_TI2_SetConfig  stm32g4xx_hal_tim.o
    0x08005bd6   0x08005bd6   0x00000002   PAD
    0x08005bd8   0x08005bd8   0x00000044   Code   RO         4341    i.UARTEx_SetNbDataToProcess  stm32g4xx_hal_uart_ex.o
    0x08005c1c   0x08005c1c   0x000000c8   Code   RO         3950    i.UART_AdvFeatureConfig  stm32g4xx_hal_uart.o
    0x08005ce4   0x08005ce4   0x000000ac   Code   RO         3951    i.UART_CheckIdleState  stm32g4xx_hal_uart.o
    0x08005d90   0x08005d90   0x00000014   Code   RO         3952    i.UART_DMAAbortOnError  stm32g4xx_hal_uart.o
    0x08005da4   0x08005da4   0x00000054   Code   RO         3962    i.UART_EndRxTransfer  stm32g4xx_hal_uart.o
    0x08005df8   0x08005df8   0x00000068   Code   RO         5028    i.UART_Init         uart.o
    0x08005e60   0x08005e60   0x00000274   Code   RO         3968    i.UART_SetConfig    stm32g4xx_hal_uart.o
    0x080060d4   0x080060d4   0x00000094   Code   RO         3975    i.UART_WaitOnFlagUntilTimeout  stm32g4xx_hal_uart.o
    0x08006168   0x08006168   0x0000000c   Code   RO          255    i.USART1_IRQHandler  stm32g4xx_it.o
    0x08006174   0x08006174   0x0000004c   Code   RO           14    i.Uart_Proc         main.o
    0x080061c0   0x080061c0   0x00000002   Code   RO          256    i.UsageFault_Handler  stm32g4xx_it.o
    0x080061c2   0x080061c2   0x00000030   Code   RO         5218    i.__ARM_fpclassify  m_wm.l(fpclassify.o)
    0x080061f2   0x080061f2   0x00000020   Code   RO         2191    i.__NVIC_SetPriority  stm32g4xx_hal_cortex.o
    0x08006212   0x08006212   0x0000000e   Code   RO         5105    i._is_digit         c_w.l(__printf_wp.o)
    0x08006220   0x08006220   0x0000000c   Code   RO         4545    i.delay1            i2c.o
    0x0800622c   0x0800622c   0x00000052   Code   RO         4546    i.iic24c02_Read     i2c.o
    0x0800627e   0x0800627e   0x00000002   PAD
    0x08006280   0x08006280   0x00000036   Code   RO         4547    i.iic24c02_Write    i2c.o
    0x080062b6   0x080062b6   0x00000002   PAD
    0x080062b8   0x080062b8   0x00000094   Code   RO           15    i.main              main.o
    0x0800634c   0x0800634c   0x00000022   Code   RO         4548    i.msp4017_Read      i2c.o
    0x0800636e   0x0800636e   0x00000024   Code   RO         4549    i.msp4017_Write     i2c.o
    0x08006392   0x08006392   0x00000002   PAD
    0x08006394   0x08006394   0x0000002c   Code   RO         5214    locale$$code        c_w.l(lc_numeric_c.o)
    0x080063c0   0x080063c0   0x00000026   Code   RO         5127    x$fpl$dfltu         fz_wm.l(dflt_clz.o)
    0x080063e6   0x080063e6   0x00000002   PAD
    0x080063e8   0x080063e8   0x00000154   Code   RO         5133    x$fpl$dmul          fz_wm.l(dmul.o)
    0x0800653c   0x0800653c   0x0000009c   Code   RO         5153    x$fpl$dnaninf       fz_wm.l(dnaninf.o)
    0x080065d8   0x080065d8   0x0000000c   Code   RO         5155    x$fpl$dretinf       fz_wm.l(dretinf.o)
    0x080065e4   0x080065e4   0x00000056   Code   RO         5135    x$fpl$f2d           fz_wm.l(f2d.o)
    0x0800663a   0x0800663a   0x0000008c   Code   RO         5157    x$fpl$fnaninf       fz_wm.l(fnaninf.o)
    0x080066c6   0x080066c6   0x0000000a   Code   RO         5294    x$fpl$fpinit        fz_wm.l(fpinit.o)
    0x080066d0   0x080066d0   0x00000004   Code   RO         5137    x$fpl$printf1       fz_wm.l(printf1.o)
    0x080066d4   0x080066d4   0x00000000   Code   RO         5159    x$fpl$usenofp       fz_wm.l(usenofp.o)
    0x080066d4   0x080066d4   0x00000018   Data   RO         3976    .constdata          stm32g4xx_hal_uart.o
    0x080066ec   0x080066ec   0x00000010   Data   RO         4342    .constdata          stm32g4xx_hal_uart_ex.o
    0x080066fc   0x080066fc   0x00000010   Data   RO         4447    .constdata          system_stm32g4xx.o
    0x0800670c   0x0800670c   0x00000008   Data   RO         4448    .constdata          system_stm32g4xx.o
    0x08006714   0x08006714   0x000011d0   Data   RO         4720    .constdata          lcd.o
    0x080078e4   0x080078e4   0x00000028   Data   RO         5078    .constdata          c_w.l(_printf_hex_int.o)
    0x0800790c   0x0800790c   0x00000094   Data   RO         5189    .constdata          c_w.l(bigflt0.o)
    0x080079a0   0x080079a0   0x00000020   Data   RO         5363    Region$$Table       anon$$obj.o
    0x080079c0   0x080079c0   0x0000001c   Data   RO         5213    locale$$data        c_w.l(lc_numeric_c.o)


    Execution Region RW_IRAM1 (Exec base: 0x20000000, Load base: 0x080079dc, Size: 0x00000930, Max: 0x00008000, ABSOLUTE)

    Exec Addr    Load Addr    Size         Type   Attr      Idx    E Section Name        Object

    0x20000000   0x080079dc   0x00000030   Data   RW           17    .data               main.o
    0x20000030   0x08007a0c   0x0000000c   Data   RW          853    .data               stm32g4xx_hal.o
    0x2000003c   0x08007a18   0x00000004   Data   RW         4449    .data               system_stm32g4xx.o
    0x20000040   0x08007a1c   0x00000006   Data   RW         4721    .data               lcd.o
    0x20000046   0x08007a22   0x00000002   PAD
    0x20000048        -       0x0000002c   Zero   RW           16    .bss                main.o
    0x20000074        -       0x0000006c   Zero   RW         4493    .bss                adc_1.o
    0x200000e0        -       0x00000028   Zero   RW         4921    .bss                rtc_1.o
    0x20000108        -       0x00000130   Zero   RW         4963    .bss                tim_1.o
    0x20000238        -       0x00000094   Zero   RW         5029    .bss                uart.o
    0x200002cc        -       0x00000060   Zero   RW         5221    .bss                c_w.l(libspace.o)
    0x2000032c   0x08007a22   0x00000004   PAD
    0x20000330        -       0x00000200   Zero   RW         4481    HEAP                startup_stm32g431xx.o
    0x20000530        -       0x00000400   Zero   RW         4480    STACK               startup_stm32g431xx.o


==============================================================================

Image component sizes


      Code (inc. data)   RO Data    RW Data    ZI Data      Debug   Object Name

       268         32          0          0        108       2445   adc_1.o
       860         28          0          0          0      10865   i2c.o
       492         30          0          0          0       2373   key_led.o
      1766         78       4560          6          0      12130   lcd.o
      1112        292          0         48         44     683100   main.o
       102          0          0          0          0        669   rcc.o
       240         18          0          0         40       1860   rtc_1.o
        64         26        472          0       1536        836   startup_stm32g431xx.o
       162         24          0         12          0       4565   stm32g4xx_hal.o
      2056        120          0          0          0      76703   stm32g4xx_hal_adc.o
       198         14          0          0          0      34039   stm32g4xx_hal_cortex.o
       226          0          0          0          0       2043   stm32g4xx_hal_dma.o
       604         34          0          0          0       3147   stm32g4xx_hal_gpio.o
        48          6          0          0          0        906   stm32g4xx_hal_msp.o
       204         18          0          0          0       1473   stm32g4xx_hal_pwr_ex.o
      1688         92          0          0          0       6480   stm32g4xx_hal_rcc.o
       648         10          0          0          0       1948   stm32g4xx_hal_rcc_ex.o
       924         32          0          0          0       8621   stm32g4xx_hal_rtc.o
      3882        316          0          0          0      27832   stm32g4xx_hal_tim.o
       326         32          0          0          0       6660   stm32g4xx_hal_tim_ex.o
      2318         86         24          0          0      31212   stm32g4xx_hal_uart.o
       288          6         16          0          0       5658   stm32g4xx_hal_uart_ex.o
        68         24          0          0          0       6394   stm32g4xx_it.o
        16          4         24          4          0       1211   system_stm32g4xx.o
       952         66          0          0        304       5670   tim_1.o
       244         18          0          0        148       1904   uart.o

    ----------------------------------------------------------------------
     19802       1406       5128         72       2180     940744   Object Totals
         0          0         32          0          0          0   (incl. Generated)
        46          0          0          2          0          0   (incl. Padding)

    ----------------------------------------------------------------------

      Code (inc. data)   RO Data    RW Data    ZI Data      Debug   Library Member Name

         8          0          0          0          0         68   __main.o
       284          0          0          0          0        156   __printf_wp.o
         0          0          0          0          0          0   __rtentry.o
        12          0          0          0          0          0   __rtentry2.o
         6          0          0          0          0          0   __rtentry4.o
        52          8          0          0          0          0   __scatter.o
        26          0          0          0          0          0   __scatter_copy.o
        28          0          0          0          0          0   __scatter_zi.o
        48          6          0          0          0         96   _printf_char_common.o
         6          0          0          0          0          0   _printf_d.o
       120         16          0          0          0         92   _printf_dec.o
         6          0          0          0          0          0   _printf_f.o
      1054          0          0          0          0        216   _printf_fp_dec.o
       128         16          0          0          0         84   _printf_fp_infnan.o
        88          4         40          0          0         88   _printf_hex_int.o
       178          0          0          0          0         88   _printf_intcommon.o
        78          0          0          0          0        108   _printf_pad.o
         0          0          0          0          0          0   _printf_percent.o
         4          0          0          0          0          0   _printf_percent_end.o
         6          0          0          0          0          0   _printf_x.o
        10          0          0          0          0         68   _sputc.o
       228          4        148          0          0         96   bigflt0.o
      1936        128          0          0          0        672   btod.o
        18          0          0          0          0         80   exit.o
         6          0          0          0          0        152   heapauxi.o
         0          0          0          0          0          0   indicate_semi.o
        44         10         28          0          0         76   lc_numeric_c.o
         2          0          0          0          0          0   libinit.o
        22          0          0          0          0          0   libinit2.o
         2          0          0          0          0          0   libshutdown.o
         2          0          0          0          0          0   libshutdown2.o
         8          4          0          0         96         68   libspace.o
       138          0          0          0          0         80   lludiv10.o
       238          0          0          0          0        100   lludivv7m.o
        40          6          0          0          0         84   noretval__2sprintf.o
         8          4          0          0          0         68   rt_locale_intlibspace.o
        78          0          0          0          0         80   rt_memclr_w.o
         2          0          0          0          0          0   rtexit.o
        10          0          0          0          0          0   rtexit2.o
       128          0          0          0          0         68   strcmpv7m.o
        62          0          0          0          0         76   strlen.o
        12          4          0          0          0         68   sys_exit.o
        74          0          0          0          0         80   sys_stackheap_outer.o
         2          0          0          0          0         68   use_no_semi.o
        38          0          0          0          0        116   dflt_clz.o
       340         12          0          0          0        152   dmul.o
       156          4          0          0          0        140   dnaninf.o
        12          0          0          0          0        116   dretinf.o
        86          4          0          0          0        132   f2d.o
       140          4          0          0          0        132   fnaninf.o
        10          0          0          0          0        116   fpinit.o
         4          0          0          0          0        116   printf1.o
         0          0          0          0          0          0   usenofp.o
        48          0          0          0          0        124   fpclassify.o

    ----------------------------------------------------------------------
      6050        234        216          0        100       4124   Library Totals
        14          0          0          0          4          0   (incl. Padding)

    ----------------------------------------------------------------------

      Code (inc. data)   RO Data    RW Data    ZI Data      Debug   Library Name

      5202        210        216          0         96       2980   c_w.l
       786         24          0          0          0       1020   fz_wm.l
        48          0          0          0          0        124   m_wm.l

    ----------------------------------------------------------------------
      6050        234        216          0        100       4124   Library Totals

    ----------------------------------------------------------------------

==============================================================================


      Code (inc. data)   RO Data    RW Data    ZI Data      Debug   

     25852       1640       5344         72       2280     924856   Grand Totals
     25852       1640       5344         72       2280     924856   ELF Image Totals
     25852       1640       5344         72          0          0   ROM Totals

==============================================================================

    Total RO  Size (Code + RO Data)                31196 (  30.46kB)
    Total RW  Size (RW Data + ZI Data)              2352 (   2.30kB)
    Total ROM Size (Code + RO Data + RW Data)      31268 (  30.54kB)

==============================================================================

