<html>
<body>
<pre>
<h1>礦ision Build Log</h1>
<h2>Tool Versions:</h2>
IDE-Version: μVision V5.24.2.0
Copyright (C) 2017 ARM Ltd and ARM Germany GmbH. All rights reserved.
License Information: 1 1951910844@qq.com, 1, LIC=UJWP0-BH1JB-GK2BG-VHWLA-C8LHD-W8FK1
 
Tool Versions:
Toolchain:       MDK-ARM Plus  Version: 5.24.1
Toolchain Path:  D:\Keil5\ARM\ARMCC\Bin
C Compiler:      Armcc.exe V5.06 update 5 (build 528)
Assembler:       Armasm.exe V5.06 update 5 (build 528)
Linker/Locator:  ArmLink.exe V5.06 update 5 (build 528)
Library Manager: ArmAr.exe V5.06 update 5 (build 528)
Hex Converter:   FromElf.exe V5.06 update 5 (build 528)
CPU DLL:         SARMCM3.DLL V5.24.1
Dialog DLL:      DCM.DLL V1.16.0.0
Target DLL:      CMSIS_AGDI.dll V1.28.3.0
Dialog DLL:      TCM.DLL V1.32.0.0
 
<h2>Project:</h2>
D:\STM32\比赛\2024蓝桥杯嵌入式\真题\2024模拟1\1.Object_Project\MDK-ARM\1.uvprojx
Project File Date:  04/08/2024

<h2>Output:</h2>
*** Using Compiler 'V5.06 update 5 (build 528)', folder: 'D:\Keil5\ARM\ARMCC\Bin'
Rebuild target '1'
compiling stm32g4xx_ll_adc.c...
compiling stm32g4xx_hal_msp.c...
compiling stm32g4xx_hal_flash.c...
compiling stm32g4xx_it.c...
compiling stm32g4xx_hal_flash_ramfunc.c...
compiling stm32g4xx_hal_dma.c...
compiling stm32g4xx_hal_exti.c...
compiling stm32g4xx_hal_flash_ex.c...
compiling stm32g4xx_hal_gpio.c...
compiling stm32g4xx_hal.c...
compiling main.c...
../Inc/adc.h(7): warning:  #1295-D: Deprecated declaration ADC_Get_Num - give arg types
  uint16_t ADC_Get_Num();
../Src/main.c(91): warning:  #223-D: function "sprintf" declared implicitly
  		sprintf((char *)txbuffer, "Success\r\n");
../Src/main.c(92): warning:  #223-D: function "strlen" declared implicitly
  		HAL_UART_Transmit(&huart1, txbuffer, strlen(txbuffer), 5);
../Src/main.c(97): warning:  #223-D: function "sprintf" declared implicitly
  		sprintf((char *)txbuffer, "Warn\r\n");
../Src/main.c(98): warning:  #223-D: function "strlen" declared implicitly
  		HAL_UART_Transmit(&huart1, txbuffer, strlen(txbuffer), 5);
../Src/main.c(103): warning:  #223-D: function "sprintf" declared implicitly
  		sprintf((char *)txbuffer, "Warn\r\n");
../Src/main.c(104): warning:  #223-D: function "strlen" declared implicitly
  		HAL_UART_Transmit(&huart1, txbuffer, strlen(txbuffer), 5);
../Src/main.c(122): warning:  #223-D: function "sprintf" declared implicitly
  				sprintf((char *)txbuffer, "Success\r\n");
../Src/main.c(123): warning:  #223-D: function "strlen" declared implicitly
  				HAL_UART_Transmit(&huart1, txbuffer, strlen(txbuffer), 5);
../Src/main.c(131): warning:  #223-D: function "sprintf" declared implicitly
  				sprintf((char *)txbuffer, "Warn\r\n");
../Src/main.c(132): warning:  #223-D: function "strlen" declared implicitly
  				HAL_UART_Transmit(&huart1, txbuffer, strlen(txbuffer), 5);
../Src/main.c(150): warning:  #223-D: function "sprintf" declared implicitly
  				sprintf((char *)txbuffer, "Success\r\n");
../Src/main.c(151): warning:  #223-D: function "strlen" declared implicitly
  				HAL_UART_Transmit(&huart1, txbuffer, strlen(txbuffer), 5);
../Src/main.c(160): warning:  #223-D: function "sprintf" declared implicitly
  				sprintf((char *)txbuffer, "Warn\r\n");
../Src/main.c(161): warning:  #223-D: function "strlen" declared implicitly
  				HAL_UART_Transmit(&huart1, txbuffer, strlen(txbuffer), 5);
../Src/main.c(222): warning:  #223-D: function "sprintf" declared implicitly
  		sprintf((char *)Lcd_Show_Strings, "        DATA");
../Src/main.c(250): warning:  #223-D: function "sprintf" declared implicitly
  		sprintf((char *)Lcd_Show_Strings, "        WARN");
../Src/main.c(286): warning:  #223-D: function "sprintf" declared implicitly
  			sprintf((char *)txbuffer, "ERROR\r\n");
../Src/main.c(287): warning:  #223-D: function "strlen" declared implicitly
  			HAL_UART_Transmit(&huart1, txbuffer, strlen(txbuffer), 5);
../Src/main.c(298): warning:  #223-D: function "sprintf" declared implicitly
  			sprintf((char *)txbuffer, "WAIT\r\n");
../Src/main.c(299): warning:  #223-D: function "strlen" declared implicitly
  			HAL_UART_Transmit(&huart1, txbuffer, strlen(txbuffer), 5);
../Src/main.c(307): warning:  #1035-D: single-precision operand implicitly converted to double-precision
  	Voltage= (float)ADC_Get_Num()/4096.0*3.3;
../Src/main.c: 22 warnings, 0 errors
compiling stm32g4xx_hal_rcc.c...
compiling stm32g4xx_hal_adc_ex.c...
compiling stm32g4xx_hal_rcc_ex.c...
assembling startup_stm32g431xx.s...
compiling stm32g4xx_hal_adc.c...
compiling stm32g4xx_hal_dma_ex.c...
compiling stm32g4xx_hal_tim.c...
compiling stm32g4xx_hal_tim_ex.c...
compiling key_led.c...
compiling system_stm32g4xx.c...
compiling rcc.c...
compiling stm32g4xx_hal_cortex.c...
compiling uart.c...
compiling stm32g4xx_hal_pwr.c...
compiling stm32g4xx_hal_uart_ex.c...
compiling adc.c...
../Inc/adc.h(7): warning:  #1295-D: Deprecated declaration ADC_Get_Num - give arg types
  uint16_t ADC_Get_Num();
..\Src\bsp\adc.c: 1 warning, 0 errors
compiling stm32g4xx_hal_pwr_ex.c...
compiling lcd.c...
compiling stm32g4xx_hal_uart.c...
linking...
Program Size: Code=19858 RO-data=5306 RW-data=48 ZI-data=1912  
FromELF: creating hex file...
"1\1.axf" - 0 Error(s), 23 Warning(s).

<h2>Software Packages used:</h2>

Package Vendor: ARM
                http://www.keil.com/pack/ARM.CMSIS.5.0.1.pack
                ARM.CMSIS.5.0.1
                CMSIS (Cortex Microcontroller Software Interface Standard)
   * Component: CORE Version: 5.0.1

Package Vendor: Keil
                http://www.keil.com/pack/Keil.STM32G4xx_DFP.1.4.0.pack
                Keil.STM32G4xx_DFP.1.4.0
                STMicroelectronics STM32G4 Series Device Support, Drivers and Examples

<h2>Collection of Component include folders:</h2>
  .\RTE\_1
  D:\Keil5\ARM\PACK\ARM\CMSIS\5.0.1\CMSIS\Include
  D:\Keil5\ARM\PACK\Keil\STM32G4xx_DFP\1.4.0\Drivers\CMSIS\Device\ST\STM32G4xx\Include

<h2>Collection of Component Files used:</h2>

   * Component: ARM::CMSIS:CORE:5.0.1
Build Time Elapsed:  00:00:09
</pre>
</body>
</html>
