Component: ARM Compiler 5.06 update 5 (build 528) Tool: armlink [4d35e2]

==============================================================================

Section Cross References

    main.o(i.ADC1_Get_Num) refers to stm32g4xx_hal_adc.o(i.HAL_ADC_Start) for HAL_ADC_Start
    main.o(i.ADC1_Get_Num) refers to stm32g4xx_hal_adc.o(i.HAL_ADC_GetValue) for HAL_ADC_GetValue
    main.o(i.ADC1_Get_Num) refers to adc_1.o(.bss) for hadc1
    main.o(i.HAL_TIM_IC_CaptureCallback) refers to stm32g4xx_hal_tim.o(i.HAL_TIM_ReadCapturedValue) for HAL_TIM_ReadCapturedValue
    main.o(i.HAL_TIM_IC_CaptureCallback) refers to main.o(.data) for .data
    main.o(i.HAL_TIM_IC_CaptureCallback) refers to tim_1.o(.bss) for htim3
    main.o(i.HAL_TIM_OC_DelayElapsedCallback) refers to tim_1.o(.bss) for htim15
    main.o(i.HAL_TIM_PeriodElapsedCallback) refers to noretval__2sprintf.o(.text) for __2sprintf
    main.o(i.HAL_TIM_PeriodElapsedCallback) refers to strlen.o(.text) for strlen
    main.o(i.HAL_TIM_PeriodElapsedCallback) refers to stm32g4xx_hal_uart.o(i.HAL_UART_Transmit) for HAL_UART_Transmit
    main.o(i.HAL_TIM_PeriodElapsedCallback) refers to main.o(.data) for .data
    main.o(i.HAL_TIM_PeriodElapsedCallback) refers to uart.o(.bss) for huart1
    main.o(i.HAL_UART_RxCpltCallback) refers to stm32g4xx_hal_uart.o(i.HAL_UART_Receive_IT) for HAL_UART_Receive_IT
    main.o(i.HAL_UART_RxCpltCallback) refers to noretval__2sprintf.o(.text) for __2sprintf
    main.o(i.HAL_UART_RxCpltCallback) refers to strlen.o(.text) for strlen
    main.o(i.HAL_UART_RxCpltCallback) refers to stm32g4xx_hal_uart.o(i.HAL_UART_Transmit) for HAL_UART_Transmit
    main.o(i.HAL_UART_RxCpltCallback) refers to main.o(.data) for .data
    main.o(i.HAL_UART_RxCpltCallback) refers to uart.o(.bss) for huart1
    main.o(i.Key_Proc) refers to key_led.o(i.Key_Scan) for Key_Scan
    main.o(i.Key_Proc) refers to key_led.o(i.LED_Disp) for LED_Disp
    main.o(i.Key_Proc) refers to stm32g4xx_hal.o(.data) for uwTick
    main.o(i.Key_Proc) refers to main.o(.data) for .data
    main.o(i.Lcd_Proc) refers to _printf_pad.o(.text) for _printf_pre_padding
    main.o(i.Lcd_Proc) refers to _printf_percent.o(.ARM.Collect$$_printf_percent$$00000000) for _printf_percent
    main.o(i.Lcd_Proc) refers to _printf_f.o(.ARM.Collect$$_printf_percent$$00000003) for _printf_f
    main.o(i.Lcd_Proc) refers to printf1.o(x$fpl$printf1) for _printf_fp_dec
    main.o(i.Lcd_Proc) refers to _printf_d.o(.ARM.Collect$$_printf_percent$$00000009) for _printf_d
    main.o(i.Lcd_Proc) refers to _printf_dec.o(.text) for _printf_int_dec
    main.o(i.Lcd_Proc) refers to noretval__2sprintf.o(.text) for __2sprintf
    main.o(i.Lcd_Proc) refers to lcd.o(i.LCD_DisplayStringLine) for LCD_DisplayStringLine
    main.o(i.Lcd_Proc) refers to main.o(i.ADC1_Get_Num) for ADC1_Get_Num
    main.o(i.Lcd_Proc) refers to f2d.o(x$fpl$f2d) for __aeabi_f2d
    main.o(i.Lcd_Proc) refers to dmul.o(x$fpl$dmul) for __aeabi_dmul
    main.o(i.Lcd_Proc) refers to dflt_clz.o(x$fpl$dfltu) for __aeabi_ui2d
    main.o(i.Lcd_Proc) refers to stm32g4xx_hal_rtc.o(i.HAL_RTC_GetTime) for HAL_RTC_GetTime
    main.o(i.Lcd_Proc) refers to stm32g4xx_hal_rtc.o(i.HAL_RTC_GetDate) for HAL_RTC_GetDate
    main.o(i.Lcd_Proc) refers to stm32g4xx_hal.o(.data) for uwTick
    main.o(i.Lcd_Proc) refers to main.o(.data) for .data
    main.o(i.Lcd_Proc) refers to main.o(.bss) for .bss
    main.o(i.Lcd_Proc) refers to rtc_1.o(.bss) for hrtc
    main.o(i.Uart_Proc) refers to noretval__2sprintf.o(.text) for __2sprintf
    main.o(i.Uart_Proc) refers to strlen.o(.text) for strlen
    main.o(i.Uart_Proc) refers to stm32g4xx_hal_uart.o(i.HAL_UART_Transmit) for HAL_UART_Transmit
    main.o(i.Uart_Proc) refers to stm32g4xx_hal.o(.data) for uwTick
    main.o(i.Uart_Proc) refers to main.o(.data) for .data
    main.o(i.Uart_Proc) refers to uart.o(.bss) for huart1
    main.o(i.iic_4017_Test) refers to i2c.o(i.msp4017_Write) for msp4017_Write
    main.o(i.iic_4017_Test) refers to stm32g4xx_hal.o(i.HAL_Delay) for HAL_Delay
    main.o(i.iic_4017_Test) refers to i2c.o(i.msp4017_Read) for msp4017_Read
    main.o(i.iic_4017_Test) refers to main.o(.data) for .data
    main.o(i.iic_EEPROM_Test) refers to i2c.o(i.iic24c02_Write) for iic24c02_Write
    main.o(i.iic_EEPROM_Test) refers to stm32g4xx_hal.o(i.HAL_Delay) for HAL_Delay
    main.o(i.iic_EEPROM_Test) refers to i2c.o(i.iic24c02_Read) for iic24c02_Read
    main.o(i.iic_EEPROM_Test) refers to main.o(.data) for .data
    main.o(i.main) refers to stm32g4xx_hal.o(i.HAL_Init) for HAL_Init
    main.o(i.main) refers to rcc.o(i.SystemClock_Config) for SystemClock_Config
    main.o(i.main) refers to key_led.o(i.Key_led_Init) for Key_led_Init
    main.o(i.main) refers to uart.o(i.UART_Init) for UART_Init
    main.o(i.main) refers to adc_1.o(i.ADC1_Init) for ADC1_Init
    main.o(i.main) refers to lcd.o(i.LCD_Init) for LCD_Init
    main.o(i.main) refers to lcd.o(i.LCD_Clear) for LCD_Clear
[...]
    $v0                                      0x08006d0c   Number         0  dflt_clz.o(x$fpl$dfltu)
    x$fpl$dmul                               0x08006d34   Section      340  dmul.o(x$fpl$dmul)
    $v0                                      0x08006d34   Number         0  dmul.o(x$fpl$dmul)
    x$fpl$dnaninf                            0x08006e88   Section      156  dnaninf.o(x$fpl$dnaninf)
    $v0                                      0x08006e88   Number         0  dnaninf.o(x$fpl$dnaninf)
    x$fpl$dretinf                            0x08006f24   Section       12  dretinf.o(x$fpl$dretinf)
    $v0                                      0x08006f24   Number         0  dretinf.o(x$fpl$dretinf)
    x$fpl$f2d                                0x08006f30   Section       86  f2d.o(x$fpl$f2d)
    $v0                                      0x08006f30   Number         0  f2d.o(x$fpl$f2d)
    x$fpl$fnaninf                            0x08006f86   Section      140  fnaninf.o(x$fpl$fnaninf)
    $v0                                      0x08006f86   Number         0  fnaninf.o(x$fpl$fnaninf)
    x$fpl$fpinit                             0x08007012   Section       10  fpinit.o(x$fpl$fpinit)
    $v0                                      0x08007012   Number         0  fpinit.o(x$fpl$fpinit)
    x$fpl$printf1                            0x0800701c   Section        4  printf1.o(x$fpl$printf1)
    $v0                                      0x0800701c   Number         0  printf1.o(x$fpl$printf1)
    .constdata                               0x08007020   Section       24  stm32g4xx_hal_uart.o(.constdata)
    x$fpl$usenofp                            0x08007020   Section        0  usenofp.o(x$fpl$usenofp)
    .constdata                               0x08007038   Section       16  stm32g4xx_hal_uart_ex.o(.constdata)
    numerator                                0x08007038   Data           8  stm32g4xx_hal_uart_ex.o(.constdata)
    denominator                              0x08007040   Data           8  stm32g4xx_hal_uart_ex.o(.constdata)
    .constdata                               0x08007048   Section       16  system_stm32g4xx.o(.constdata)
    .constdata                               0x08007058   Section        8  system_stm32g4xx.o(.constdata)
    .constdata                               0x08007060   Section     4560  lcd.o(.constdata)
    .constdata                               0x08008230   Section      148  bigflt0.o(.constdata)
    tenpwrs_x                                0x08008230   Data          60  bigflt0.o(.constdata)
    tenpwrs_i                                0x0800826c   Data          64  bigflt0.o(.constdata)
    locale$$data                             0x080082e4   Section       28  lc_numeric_c.o(locale$$data)
    __lcnum_c_name                           0x080082e8   Data           2  lc_numeric_c.o(locale$$data)
    __lcnum_c_start                          0x080082f0   Data           0  lc_numeric_c.o(locale$$data)
    __lcnum_c_point                          0x080082fc   Data           0  lc_numeric_c.o(locale$$data)
    __lcnum_c_thousands                      0x080082fe   Data           0  lc_numeric_c.o(locale$$data)
    __lcnum_c_grouping                       0x080082ff   Data           0  lc_numeric_c.o(locale$$data)
    __lcnum_c_end                            0x08008300   Data           0  lc_numeric_c.o(locale$$data)
    .data                                    0x20000000   Section       48  main.o(.data)
    .data                                    0x20000030   Section       12  stm32g4xx_hal.o(.data)
    .data                                    0x2000003c   Section        4  system_stm32g4xx.o(.data)
    .data                                    0x20000040   Section        4  adc_1.o(.data)
    HAL_RCC_ADC12_CLK_ENABLED                0x20000040   Data           4  adc_1.o(.data)
    .data                                    0x20000044   Section        6  lcd.o(.data)
    TextColor                                0x20000044   Data           2  lcd.o(.data)
    BackColor                                0x20000046   Data           2  lcd.o(.data)
    .bss                                     0x2000004c   Section       44  main.o(.bss)
    .bss                                     0x20000078   Section      216  adc_1.o(.bss)
    .bss                                     0x20000150   Section       40  rtc_1.o(.bss)
    .bss                                     0x20000178   Section      304  tim_1.o(.bss)
    .bss                                     0x200002a8   Section      148  uart.o(.bss)
    .bss                                     0x2000033c   Section       96  libspace.o(.bss)
    HEAP                                     0x200003a0   Section      512  startup_stm32g431xx.o(HEAP)
    Heap_Mem                                 0x200003a0   Data         512  startup_stm32g431xx.o(HEAP)
    STACK                                    0x200005a0   Section     1024  startup_stm32g431xx.o(STACK)
    Stack_Mem                                0x200005a0   Data        1024  startup_stm32g431xx.o(STACK)
    __initial_sp                             0x200009a0   Data           0  startup_stm32g431xx.o(STACK)

    Global Symbols

    Symbol Name                              Value     Ov Type        Size  Object(Section)

    BuildAttributes$$THM_ISAv4$E$P$D$K$B$S$7EM$VFPi3$EXTD16$VFPS$VFMA$PE$A:L22UL41UL21$X:L11$S22US41US21$IEEE1$IW$USESV6$~STKCKD$USESV7$~SHL$OTIME$ROPI$IEEEJ$EBA8$UX$STANDARDLIB$REQ8$PRES8$EABIv2 0x00000000   Number         0  anon$$obj.o ABSOLUTE
    __ARM_use_no_argv                        0x00000000   Number         0  main.o ABSOLUTE
    _printf_flags                            0x00000000   Number         0  printf_stubs.o ABSOLUTE
    _printf_return_value                     0x00000000   Number         0  printf_stubs.o ABSOLUTE
    _printf_sizespec                         0x00000000   Number         0  printf_stubs.o ABSOLUTE
    _printf_widthprec                        0x00000000   Number         0  printf_stubs.o ABSOLUTE
    __ARM_exceptions_init                     - Undefined Weak Reference
    __alloca_initialize                       - Undefined Weak Reference
    __arm_preinit_                            - Undefined Weak Reference
    __cpp_initialize__aeabi_                  - Undefined Weak Reference
    __cxa_finalize                            - Undefined Weak Reference
    __sigvec_lookup                           - Undefined Weak Reference
    _atexit_init                              - Undefined Weak Reference
    _call_atexit_fns                          - Undefined Weak Reference
    _clock_init                               - Undefined Weak Reference
    _fp_trap_init                             - Undefined Weak Reference
    _fp_trap_shutdown                         - Undefined Weak Reference
    _get_lc_collate                           - Undefined Weak Reference
    _get_lc_ctype                             - Undefined Weak Reference
    _get_lc_monetary                          - Undefined Weak Reference
    _get_lc_time                              - Undefined Weak Reference
    _getenv_init                              - Undefined Weak Reference
    _handle_redirection                       - Undefined Weak Reference
    _init_alloc                               - Undefined Weak Reference
    _init_user_alloc                          - Undefined Weak Reference
    _initio                                   - Undefined Weak Reference
    _printf_truncate_signed                   - Undefined Weak Reference
    _printf_truncate_unsigned                 - Undefined Weak Reference
    _rand_init                                - Undefined Weak Reference
    _signal_finish                            - Undefined Weak Reference
    _signal_init                              - Undefined Weak Reference
    _terminate_alloc                          - Undefined Weak Reference
    _terminate_user_alloc                     - Undefined Weak Reference
    _terminateio                              - Undefined Weak Reference
    __Vectors_Size                           0x000001d8   Number         0  startup_stm32g431xx.o ABSOLUTE
    __Vectors                                0x08000000   Data           4  startup_stm32g431xx.o(RESET)
    __Vectors_End                            0x080001d8   Data           0  startup_stm32g431xx.o(RESET)
    __main                                   0x080001d9   Thumb Code     8  __main.o(!!!main)
    __scatterload                            0x080001e1   Thumb Code     0  __scatter.o(!!!scatter)
    __scatterload_rt2                        0x080001e1   Thumb Code    44  __scatter.o(!!!scatter)
    __scatterload_rt2_thumb_only             0x080001e1   Thumb Code     0  __scatter.o(!!!scatter)
    __scatterload_null                       0x080001ef   Thumb Code     0  __scatter.o(!!!scatter)
    __scatterload_copy                       0x08000215   Thumb Code    26  __scatter_copy.o(!!handler_copy)
    __scatterload_zeroinit                   0x08000231   Thumb Code    28  __scatter_zi.o(!!handler_zi)
    _printf_f                                0x0800024d   Thumb Code     0  _printf_f.o(.ARM.Collect$$_printf_percent$$00000003)
    _printf_percent                          0x0800024d   Thumb Code     0  _printf_percent.o(.ARM.Collect$$_printf_percent$$00000000)
    _printf_d                                0x08000253   Thumb Code     0  _printf_d.o(.ARM.Collect$$_printf_percent$$00000009)
    _printf_percent_end                      0x08000259   Thumb Code     0  _printf_percent_end.o(.ARM.Collect$$_printf_percent$$00000017)
    __rt_lib_init                            0x0800025d   Thumb Code     0  libinit.o(.ARM.Collect$$libinit$$00000000)
    __rt_lib_init_fp_1                       0x0800025f   Thumb Code     0  libinit2.o(.ARM.Collect$$libinit$$00000001)
    __rt_lib_init_heap_1                     0x08000263   Thumb Code     0  libinit2.o(.ARM.Collect$$libinit$$0000000A)
    __rt_lib_init_lc_common                  0x08000263   Thumb Code     0  libinit2.o(.ARM.Collect$$libinit$$0000000F)
    __rt_lib_init_preinit_1                  0x08000263   Thumb Code     0  libinit2.o(.ARM.Collect$$libinit$$00000004)
    __rt_lib_init_rand_1                     0x08000263   Thumb Code     0  libinit2.o(.ARM.Collect$$libinit$$0000000E)
    __rt_lib_init_user_alloc_1               0x08000263   Thumb Code     0  libinit2.o(.ARM.Collect$$libinit$$0000000C)
    __rt_lib_init_lc_collate_1               0x08000269   Thumb Code     0  libinit2.o(.ARM.Collect$$libinit$$00000011)
    __rt_lib_init_lc_ctype_1                 0x08000269   Thumb Code     0  libinit2.o(.ARM.Collect$$libinit$$00000013)
    __rt_lib_init_lc_monetary_1              0x08000269   Thumb Code     0  libinit2.o(.ARM.Collect$$libinit$$00000015)
    __rt_lib_init_lc_numeric_2               0x08000269   Thumb Code     0  libinit2.o(.ARM.Collect$$libinit$$00000016)
    __rt_lib_init_alloca_1                   0x08000273   Thumb Code     0  libinit2.o(.ARM.Collect$$libinit$$0000002E)
    __rt_lib_init_argv_1                     0x08000273   Thumb Code     0  libinit2.o(.ARM.Collect$$libinit$$0000002C)
    __rt_lib_init_atexit_1                   0x08000273   Thumb Code     0  libinit2.o(.ARM.Collect$$libinit$$0000001B)
    __rt_lib_init_clock_1                    0x08000273   Thumb Code     0  libinit2.o(.ARM.Collect$$libinit$$00000021)
    __rt_lib_init_cpp_1                      0x08000273   Thumb Code     0  libinit2.o(.ARM.Collect$$libinit$$00000032)
    __rt_lib_init_exceptions_1               0x08000273   Thumb Code     0  libinit2.o(.ARM.Collect$$libinit$$00000030)
    __rt_lib_init_fp_trap_1                  0x08000273   Thumb Code     0  libinit2.o(.ARM.Collect$$libinit$$0000001F)
    __rt_lib_init_getenv_1                   0x08000273   Thumb Code     0  libinit2.o(.ARM.Collect$$libinit$$00000023)
    __rt_lib_init_lc_numeric_1               0x08000273   Thumb Code     0  libinit2.o(.ARM.Collect$$libinit$$00000017)
    __rt_lib_init_lc_time_1                  0x08000273   Thumb Code     0  libinit2.o(.ARM.Collect$$libinit$$00000019)
    __rt_lib_init_return                     0x08000273   Thumb Code     0  libinit2.o(.ARM.Collect$$libinit$$00000033)
    __rt_lib_init_signal_1                   0x08000273   Thumb Code     0  libinit2.o(.ARM.Collect$$libinit$$0000001D)
    __rt_lib_init_stdio_1                    0x08000273   Thumb Code     0  libinit2.o(.ARM.Collect$$libinit$$00000025)
    __rt_lib_shutdown                        0x08000275   Thumb Code     0  libshutdown.o(.ARM.Collect$$libshutdown$$00000000)
    __rt_lib_shutdown_cpp_1                  0x08000277   Thumb Code     0  libshutdown2.o(.ARM.Collect$$libshutdown$$00000002)
    __rt_lib_shutdown_fp_trap_1              0x08000277   Thumb Code     0  libshutdown2.o(.ARM.Collect$$libshutdown$$00000007)
    __rt_lib_shutdown_heap_1                 0x08000277   Thumb Code     0  libshutdown2.o(.ARM.Collect$$libshutdown$$0000000F)
    __rt_lib_shutdown_return                 0x08000277   Thumb Code     0  libshutdown2.o(.ARM.Collect$$libshutdown$$00000010)
    __rt_lib_shutdown_signal_1               0x08000277   Thumb Code     0  libshutdown2.o(.ARM.Collect$$libshutdown$$0000000A)
    __rt_lib_shutdown_stdio_1                0x08000277   Thumb Code     0  libshutdown2.o(.ARM.Collect$$libshutdown$$00000004)
    __rt_lib_shutdown_user_alloc_1           0x08000277   Thumb Code     0  libshutdown2.o(.ARM.Collect$$libshutdown$$0000000C)
    __rt_entry                               0x08000279   Thumb Code     0  __rtentry.o(.ARM.Collect$$rtentry$$00000000)
    __rt_entry_presh_1                       0x08000279   Thumb Code     0  __rtentry2.o(.ARM.Collect$$rtentry$$00000002)
    __rt_entry_sh                            0x08000279   Thumb Code     0  __rtentry4.o(.ARM.Collect$$rtentry$$00000004)
    __rt_entry_li                            0x0800027f   Thumb Code     0  __rtentry2.o(.ARM.Collect$$rtentry$$0000000A)
    __rt_entry_postsh_1                      0x0800027f   Thumb Code     0  __rtentry2.o(.ARM.Collect$$rtentry$$00000009)
    __rt_entry_main                          0x08000283   Thumb Code     0  __rtentry2.o(.ARM.Collect$$rtentry$$0000000D)
    __rt_entry_postli_1                      0x08000283   Thumb Code     0  __rtentry2.o(.ARM.Collect$$rtentry$$0000000C)
    __rt_exit                                0x0800028b   Thumb Code     0  rtexit.o(.ARM.Collect$$rtexit$$00000000)
    __rt_exit_ls                             0x0800028d   Thumb Code     0  rtexit2.o(.ARM.Collect$$rtexit$$00000003)
    __rt_exit_prels_1                        0x0800028d   Thumb Code     0  rtexit2.o(.ARM.Collect$$rtexit$$00000002)
    __rt_exit_exit                           0x08000291   Thumb Code     0  rtexit2.o(.ARM.Collect$$rtexit$$00000004)
    Reset_Handler                            0x08000299   Thumb Code     8  startup_stm32g431xx.o(.text)
    ADC1_2_IRQHandler                        0x080002b3   Thumb Code     0  startup_stm32g431xx.o(.text)
    COMP1_2_3_IRQHandler                     0x080002b3   Thumb Code     0  startup_stm32g431xx.o(.text)
    COMP4_IRQHandler                         0x080002b3   Thumb Code     0  startup_stm32g431xx.o(.text)
    CORDIC_IRQHandler                        0x080002b3   Thumb Code     0  startup_stm32g431xx.o(.text)
    CRS_IRQHandler                           0x080002b3   Thumb Code     0  startup_stm32g431xx.o(.text)
    DMA1_Channel1_IRQHandler                 0x080002b3   Thumb Code     0  startup_stm32g431xx.o(.text)
    DMA1_Channel2_IRQHandler                 0x080002b3   Thumb Code     0  startup_stm32g431xx.o(.text)
    DMA1_Channel3_IRQHandler                 0x080002b3   Thumb Code     0  startup_stm32g431xx.o(.text)
    DMA1_Channel4_IRQHandler                 0x080002b3   Thumb Code     0  startup_stm32g431xx.o(.text)
    DMA1_Channel5_IRQHandler                 0x080002b3   Thumb Code     0  startup_stm32g431xx.o(.text)
    DMA1_Channel6_IRQHandler                 0x080002b3   Thumb Code     0  startup_stm32g431xx.o(.text)
    DMA2_Channel1_IRQHandler                 0x080002b3   Thumb Code     0  startup_stm32g431xx.o(.text)
    DMA2_Channel2_IRQHandler                 0x080002b3   Thumb Code     0  startup_stm32g431xx.o(.text)
    DMA2_Channel3_IRQHandler                 0x080002b3   Thumb Code     0  startup_stm32g431xx.o(.text)
    DMA2_Channel4_IRQHandler                 0x080002b3   Thumb Code     0  startup_stm32g431xx.o(.text)
    DMA2_Channel5_IRQHandler                 0x080002b3   Thumb Code     0  startup_stm32g431xx.o(.text)
    DMA2_Channel6_IRQHandler                 0x080002b3   Thumb Code     0  startup_stm32g431xx.o(.text)
    DMAMUX_OVR_IRQHandler                    0x080002b3   Thumb Code     0  startup_stm32g431xx.o(.text)
    EXTI0_IRQHandler                         0x080002b3   Thumb Code     0  startup_stm32g431xx.o(.text)
    EXTI15_10_IRQHandler                     0x080002b3   Thumb Code     0  startup_stm32g431xx.o(.text)
    EXTI1_IRQHandler                         0x080002b3   Thumb Code     0  startup_stm32g431xx.o(.text)
    EXTI2_IRQHandler                         0x080002b3   Thumb Code     0  startup_stm32g431xx.o(.text)
    EXTI3_IRQHandler                         0x080002b3   Thumb Code     0  startup_stm32g431xx.o(.text)
    EXTI4_IRQHandler                         0x080002b3   Thumb Code     0  startup_stm32g431xx.o(.text)
    EXTI9_5_IRQHandler                       0x080002b3   Thumb Code     0  startup_stm32g431xx.o(.text)
    FDCAN1_IT0_IRQHandler                    0x080002b3   Thumb Code     0  startup_stm32g431xx.o(.text)
    FDCAN1_IT1_IRQHandler                    0x080002b3   Thumb Code     0  startup_stm32g431xx.o(.text)
    FLASH_IRQHandler                         0x080002b3   Thumb Code     0  startup_stm32g431xx.o(.text)
    FMAC_IRQHandler                          0x080002b3   Thumb Code     0  startup_stm32g431xx.o(.text)
    FPU_IRQHandler                           0x080002b3   Thumb Code     0  startup_stm32g431xx.o(.text)
    I2C1_ER_IRQHandler                       0x080002b3   Thumb Code     0  startup_stm32g431xx.o(.text)
    I2C1_EV_IRQHandler                       0x080002b3   Thumb Code     0  startup_stm32g431xx.o(.text)
    I2C2_ER_IRQHandler                       0x080002b3   Thumb Code     0  startup_stm32g431xx.o(.text)
    I2C2_EV_IRQHandler                       0x080002b3   Thumb Code     0  startup_stm32g431xx.o(.text)
    I2C3_ER_IRQHandler                       0x080002b3   Thumb Code     0  startup_stm32g431xx.o(.text)
    I2C3_EV_IRQHandler                       0x080002b3   Thumb Code     0  startup_stm32g431xx.o(.text)
    LPTIM1_IRQHandler                        0x080002b3   Thumb Code     0  startup_stm32g431xx.o(.text)
    LPUART1_IRQHandler                       0x080002b3   Thumb Code     0  startup_stm32g431xx.o(.text)
    PVD_PVM_IRQHandler                       0x080002b3   Thumb Code     0  startup_stm32g431xx.o(.text)
    RCC_IRQHandler                           0x080002b3   Thumb Code     0  startup_stm32g431xx.o(.text)
    RNG_IRQHandler                           0x080002b3   Thumb Code     0  startup_stm32g431xx.o(.text)
    RTC_Alarm_IRQHandler                     0x080002b3   Thumb Code     0  startup_stm32g431xx.o(.text)
    RTC_TAMP_LSECSS_IRQHandler               0x080002b3   Thumb Code     0  startup_stm32g431xx.o(.text)
    RTC_WKUP_IRQHandler                      0x080002b3   Thumb Code     0  startup_stm32g431xx.o(.text)
    SAI1_IRQHandler                          0x080002b3   Thumb Code     0  startup_stm32g431xx.o(.text)
    SPI1_IRQHandler                          0x080002b3   Thumb Code     0  startup_stm32g431xx.o(.text)
    SPI2_IRQHandler                          0x080002b3   Thumb Code     0  startup_stm32g431xx.o(.text)
    SPI3_IRQHandler                          0x080002b3   Thumb Code     0  startup_stm32g431xx.o(.text)
    TIM1_BRK_TIM15_IRQHandler                0x080002b3   Thumb Code     0  startup_stm32g431xx.o(.text)
    TIM1_CC_IRQHandler                       0x080002b3   Thumb Code     0  startup_stm32g431xx.o(.text)
    TIM1_TRG_COM_TIM17_IRQHandler            0x080002b3   Thumb Code     0  startup_stm32g431xx.o(.text)
    TIM1_UP_TIM16_IRQHandler                 0x080002b3   Thumb Code     0  startup_stm32g431xx.o(.text)
    TIM2_IRQHandler                          0x080002b3   Thumb Code     0  startup_stm32g431xx.o(.text)
    TIM4_IRQHandler                          0x080002b3   Thumb Code     0  startup_stm32g431xx.o(.text)
    TIM7_DAC_IRQHandler                      0x080002b3   Thumb Code     0  startup_stm32g431xx.o(.text)
    TIM8_BRK_IRQHandler                      0x080002b3   Thumb Code     0  startup_stm32g431xx.o(.text)
    TIM8_CC_IRQHandler                       0x080002b3   Thumb Code     0  startup_stm32g431xx.o(.text)
    TIM8_TRG_COM_IRQHandler                  0x080002b3   Thumb Code     0  startup_stm32g431xx.o(.text)
    TIM8_UP_IRQHandler                       0x080002b3   Thumb Code     0  startup_stm32g431xx.o(.text)
    UART4_IRQHandler                         0x080002b3   Thumb Code     0  startup_stm32g431xx.o(.text)
    UCPD1_IRQHandler                         0x080002b3   Thumb Code     0  startup_stm32g431xx.o(.text)
    USART2_IRQHandler                        0x080002b3   Thumb Code     0  startup_stm32g431xx.o(.text)
    USART3_IRQHandler                        0x080002b3   Thumb Code     0  startup_stm32g431xx.o(.text)
    USBWakeUp_IRQHandler                     0x080002b3   Thumb Code     0  startup_stm32g431xx.o(.text)
    USB_HP_IRQHandler                        0x080002b3   Thumb Code     0  startup_stm32g431xx.o(.text)
    USB_LP_IRQHandler                        0x080002b3   Thumb Code     0  startup_stm32g431xx.o(.text)
    WWDG_IRQHandler                          0x080002b3   Thumb Code     0  startup_stm32g431xx.o(.text)
    __user_initial_stackheap                 0x080002b5   Thumb Code     0  startup_stm32g431xx.o(.text)
    __aeabi_uldivmod                         0x080002d9   Thumb Code     0  lludivv7m.o(.text)
    _ll_udiv                                 0x080002d9   Thumb Code   238  lludivv7m.o(.text)
    __2sprintf                               0x080003c9   Thumb Code    34  noretval__2sprintf.o(.text)
    _printf_pre_padding                      0x080003f1   Thumb Code    44  _printf_pad.o(.text)
    _printf_post_padding                     0x0800041d   Thumb Code    34  _printf_pad.o(.text)
    _printf_int_dec                          0x08000441   Thumb Code   104  _printf_dec.o(.text)
    __printf                                 0x080004b9   Thumb Code   270  __printf_wp.o(.text)
    strlen                                   0x080005c7   Thumb Code    62  strlen.o(.text)
    __aeabi_memclr4                          0x08000605   Thumb Code     0  rt_memclr_w.o(.text)
    __aeabi_memclr8                          0x08000605   Thumb Code     0  rt_memclr_w.o(.text)
    __rt_memclr_w                            0x08000605   Thumb Code    78  rt_memclr_w.o(.text)
    _memset_w                                0x08000609   Thumb Code     0  rt_memclr_w.o(.text)
    __use_two_region_memory                  0x08000653   Thumb Code     2  heapauxi.o(.text)
    __rt_heap_escrow$2region                 0x08000655   Thumb Code     2  heapauxi.o(.text)
    __rt_heap_expand$2region                 0x08000657   Thumb Code     2  heapauxi.o(.text)
    _printf_int_common                       0x08000659   Thumb Code   178  _printf_intcommon.o(.text)
    __lib_sel_fp_printf                      0x0800070b   Thumb Code     2  _printf_fp_dec.o(.text)
    _printf_fp_dec_real                      0x080008bd   Thumb Code   620  _printf_fp_dec.o(.text)
    _printf_char_common                      0x08000b33   Thumb Code    32  _printf_char_common.o(.text)
    _sputc                                   0x08000b59   Thumb Code    10  _sputc.o(.text)
    __rt_locale                              0x08000b65   Thumb Code     8  rt_locale_intlibspace.o(.text)
    _ll_udiv10                               0x08000b6d   Thumb Code   138  lludiv10.o(.text)
    _printf_fp_infnan                        0x08000bf9   Thumb Code   112  _printf_fp_infnan.o(.text)
    _btod_etento                             0x08000c79   Thumb Code   224  bigflt0.o(.text)
    __user_libspace                          0x08000d5d   Thumb Code     8  libspace.o(.text)
    __user_perproc_libspace                  0x08000d5d   Thumb Code     0  libspace.o(.text)
    __user_perthread_libspace                0x08000d5d   Thumb Code     0  libspace.o(.text)
    __user_setup_stackheap                   0x08000d65   Thumb Code    74  sys_stackheap_outer.o(.text)
    exit                                     0x08000daf   Thumb Code    18  exit.o(.text)
    strcmp                                   0x08000dc1   Thumb Code   128  strcmpv7m.o(.text)
    _sys_exit                                0x08000e41   Thumb Code     8  sys_exit.o(.text)
    __I$use$semihosting                      0x08000e4d   Thumb Code     0  use_no_semi.o(.text)
    __use_no_semihosting_swi                 0x08000e4d   Thumb Code     2  use_no_semi.o(.text)
    __semihosting_library_function           0x08000e4f   Thumb Code     0  indicate_semi.o(.text)
    _btod_d2e                                0x08000e4f   Thumb Code    62  btod.o(CL$$btod_d2e)
    _d2e_denorm_low                          0x08000e8d   Thumb Code    70  btod.o(CL$$btod_d2e_denorm_low)
    _d2e_norm_op1                            0x08000ed3   Thumb Code    96  btod.o(CL$$btod_d2e_norm_op1)
    __btod_div_common                        0x08000f33   Thumb Code   696  btod.o(CL$$btod_div_common)
    _e2e                                     0x0800126b   Thumb Code   220  btod.o(CL$$btod_e2e)
    _btod_ediv                               0x08001347   Thumb Code    42  btod.o(CL$$btod_ediv)
    _btod_emul                               0x08001371   Thumb Code    42  btod.o(CL$$btod_emul)
    __btod_mult_common                       0x0800139b   Thumb Code   580  btod.o(CL$$btod_mult_common)
    ADC1_Get_Num                             0x080015e1   Thumb Code    18  main.o(i.ADC1_Get_Num)
    ADC1_Init                                0x080015f9   Thumb Code   138  adc_1.o(i.ADC1_Init)
    ADC_Enable                               0x0800168d   Thumb Code   154  stm32g4xx_hal_adc.o(i.ADC_Enable)
    BusFault_Handler                         0x08001739   Thumb Code     2  stm32g4xx_it.o(i.BusFault_Handler)
    DebugMon_Handler                         0x0800173b   Thumb Code     2  stm32g4xx_it.o(i.DebugMon_Handler)
    Delay_LCD                                0x0800173d   Thumb Code    28  lcd.o(i.Delay_LCD)
    Error_Handler                            0x08001759   Thumb Code     4  main.o(i.Error_Handler)
    HAL_ADCEx_MultiModeConfigChannel         0x0800175d   Thumb Code   208  stm32g4xx_hal_adc_ex.o(i.HAL_ADCEx_MultiModeConfigChannel)
    HAL_ADC_ConfigChannel                    0x08001835   Thumb Code  1006  stm32g4xx_hal_adc.o(i.HAL_ADC_ConfigChannel)
    HAL_ADC_GetValue                         0x08001c59   Thumb Code     6  stm32g4xx_hal_adc.o(i.HAL_ADC_GetValue)
    HAL_ADC_Init                             0x08001c61   Thumb Code   466  stm32g4xx_hal_adc.o(i.HAL_ADC_Init)
    HAL_ADC_MspInit                          0x08001e55   Thumb Code   210  adc_1.o(i.HAL_ADC_MspInit)
    HAL_ADC_Start                            0x08001f39   Thumb Code   230  stm32g4xx_hal_adc.o(i.HAL_ADC_Start)
    HAL_DMA_Abort                            0x0800202d   Thumb Code   106  stm32g4xx_hal_dma.o(i.HAL_DMA_Abort)
    HAL_DMA_Abort_IT                         0x08002097   Thumb Code   120  stm32g4xx_hal_dma.o(i.HAL_DMA_Abort_IT)
    HAL_Delay                                0x08002111   Thumb Code    32  stm32g4xx_hal.o(i.HAL_Delay)
    HAL_GPIO_Init                            0x08002135   Thumb Code   550  stm32g4xx_hal_gpio.o(i.HAL_GPIO_Init)
    HAL_GPIO_ReadPin                         0x0800237d   Thumb Code    10  stm32g4xx_hal_gpio.o(i.HAL_GPIO_ReadPin)
    HAL_GPIO_WritePin                        0x08002387   Thumb Code    10  stm32g4xx_hal_gpio.o(i.HAL_GPIO_WritePin)
    HAL_GetTick                              0x08002391   Thumb Code     6  stm32g4xx_hal.o(i.HAL_GetTick)
    HAL_IncTick                              0x0800239d   Thumb Code    12  stm32g4xx_hal.o(i.HAL_IncTick)
    HAL_Init                                 0x080023ad   Thumb Code    30  stm32g4xx_hal.o(i.HAL_Init)
    HAL_InitTick                             0x080023cd   Thumb Code    58  stm32g4xx_hal.o(i.HAL_InitTick)
    HAL_MspInit                              0x08002411   Thumb Code    42  stm32g4xx_hal_msp.o(i.HAL_MspInit)
    HAL_NVIC_EnableIRQ                       0x08002441   Thumb Code    26  stm32g4xx_hal_cortex.o(i.HAL_NVIC_EnableIRQ)
    HAL_NVIC_SetPriority                     0x0800245d   Thumb Code    60  stm32g4xx_hal_cortex.o(i.HAL_NVIC_SetPriority)
    HAL_NVIC_SetPriorityGrouping             0x0800249d   Thumb Code    26  stm32g4xx_hal_cortex.o(i.HAL_NVIC_SetPriorityGrouping)
    HAL_PWREx_ControlVoltageScaling          0x080024c1   Thumb Code   174  stm32g4xx_hal_pwr_ex.o(i.HAL_PWREx_ControlVoltageScaling)
    HAL_PWREx_DisableUCPDDeadBattery         0x0800257d   Thumb Code    12  stm32g4xx_hal_pwr_ex.o(i.HAL_PWREx_DisableUCPDDeadBattery)
    HAL_RCCEx_PeriphCLKConfig                0x0800258d   Thumb Code   638  stm32g4xx_hal_rcc_ex.o(i.HAL_RCCEx_PeriphCLKConfig)
    HAL_RCC_ClockConfig                      0x08002815   Thumb Code   444  stm32g4xx_hal_rcc.o(i.HAL_RCC_ClockConfig)
    HAL_RCC_GetPCLK1Freq                     0x080029f1   Thumb Code    24  stm32g4xx_hal_rcc.o(i.HAL_RCC_GetPCLK1Freq)
    HAL_RCC_GetPCLK2Freq                     0x08002a15   Thumb Code    24  stm32g4xx_hal_rcc.o(i.HAL_RCC_GetPCLK2Freq)
    HAL_RCC_GetSysClockFreq                  0x08002a39   Thumb Code    98  stm32g4xx_hal_rcc.o(i.HAL_RCC_GetSysClockFreq)
    HAL_RCC_OscConfig                        0x08002aa9   Thumb Code  1028  stm32g4xx_hal_rcc.o(i.HAL_RCC_OscConfig)
    HAL_RTC_GetDate                          0x08002ead   Thumb Code    62  stm32g4xx_hal_rtc.o(i.HAL_RTC_GetDate)
    HAL_RTC_GetTime                          0x08002ef1   Thumb Code    78  stm32g4xx_hal_rtc.o(i.HAL_RTC_GetTime)
    HAL_RTC_Init                             0x08002f45   Thumb Code   152  stm32g4xx_hal_rtc.o(i.HAL_RTC_Init)
    HAL_RTC_MspInit                          0x08002fe1   Thumb Code    80  rtc_1.o(i.HAL_RTC_MspInit)
    HAL_RTC_SetDate                          0x08003039   Thumb Code   156  stm32g4xx_hal_rtc.o(i.HAL_RTC_SetDate)
    HAL_RTC_SetTime                          0x080030d9   Thumb Code   198  stm32g4xx_hal_rtc.o(i.HAL_RTC_SetTime)
    HAL_RTC_WaitForSynchro                   0x080031a5   Thumb Code    50  stm32g4xx_hal_rtc.o(i.HAL_RTC_WaitForSynchro)
    HAL_SYSTICK_Config                       0x080031dd   Thumb Code    40  stm32g4xx_hal_cortex.o(i.HAL_SYSTICK_Config)
    HAL_TIMEx_Break2Callback                 0x08003205   Thumb Code     2  stm32g4xx_hal_tim_ex.o(i.HAL_TIMEx_Break2Callback)
    HAL_TIMEx_BreakCallback                  0x08003207   Thumb Code     2  stm32g4xx_hal_tim_ex.o(i.HAL_TIMEx_BreakCallback)
    HAL_TIMEx_CommutCallback                 0x08003209   Thumb Code     2  stm32g4xx_hal_tim_ex.o(i.HAL_TIMEx_CommutCallback)
    HAL_TIMEx_ConfigBreakDeadTime            0x0800320d   Thumb Code   148  stm32g4xx_hal_tim_ex.o(i.HAL_TIMEx_ConfigBreakDeadTime)
    HAL_TIMEx_DirectionChangeCallback        0x080032a9   Thumb Code     2  stm32g4xx_hal_tim_ex.o(i.HAL_TIMEx_DirectionChangeCallback)
    HAL_TIMEx_EncoderIndexCallback           0x080032ab   Thumb Code     2  stm32g4xx_hal_tim_ex.o(i.HAL_TIMEx_EncoderIndexCallback)
    HAL_TIMEx_IndexErrorCallback             0x080032ad   Thumb Code     2  stm32g4xx_hal_tim_ex.o(i.HAL_TIMEx_IndexErrorCallback)
    HAL_TIMEx_MasterConfigSynchronization    0x080032b1   Thumb Code   132  stm32g4xx_hal_tim_ex.o(i.HAL_TIMEx_MasterConfigSynchronization)
    HAL_TIMEx_TransitionErrorCallback        0x0800334d   Thumb Code     2  stm32g4xx_hal_tim_ex.o(i.HAL_TIMEx_TransitionErrorCallback)
    HAL_TIM_Base_Init                        0x0800334f   Thumb Code    98  stm32g4xx_hal_tim.o(i.HAL_TIM_Base_Init)
    HAL_TIM_Base_MspInit                     0x080033b1   Thumb Code   184  tim_1.o(i.HAL_TIM_Base_MspInit)
    HAL_TIM_Base_Start                       0x08003479   Thumb Code    84  stm32g4xx_hal_tim.o(i.HAL_TIM_Base_Start)
    HAL_TIM_ConfigClockSource                0x080034e5   Thumb Code   246  stm32g4xx_hal_tim.o(i.HAL_TIM_ConfigClockSource)
    HAL_TIM_IC_CaptureCallback               0x080035e5   Thumb Code   108  main.o(i.HAL_TIM_IC_CaptureCallback)
    HAL_TIM_IC_ConfigChannel                 0x08003665   Thumb Code   292  stm32g4xx_hal_tim.o(i.HAL_TIM_IC_ConfigChannel)
    HAL_TIM_IC_Init                          0x08003789   Thumb Code    98  stm32g4xx_hal_tim.o(i.HAL_TIM_IC_Init)
    HAL_TIM_IC_MspInit                       0x080037eb   Thumb Code     2  stm32g4xx_hal_tim.o(i.HAL_TIM_IC_MspInit)
    HAL_TIM_IC_Start_IT                      0x080037ed   Thumb Code   274  stm32g4xx_hal_tim.o(i.HAL_TIM_IC_Start_IT)
    HAL_TIM_IRQHandler                       0x08003919   Thumb Code   418  stm32g4xx_hal_tim.o(i.HAL_TIM_IRQHandler)
    HAL_TIM_MspPostInit                      0x08003abd   Thumb Code   104  tim_1.o(i.HAL_TIM_MspPostInit)
    HAL_TIM_OC_ConfigChannel                 0x08003b2d   Thumb Code   110  stm32g4xx_hal_tim.o(i.HAL_TIM_OC_ConfigChannel)
    HAL_TIM_OC_DelayElapsedCallback          0x08003b9d   Thumb Code    26  main.o(i.HAL_TIM_OC_DelayElapsedCallback)
    HAL_TIM_OC_Init                          0x08003bc1   Thumb Code    98  stm32g4xx_hal_tim.o(i.HAL_TIM_OC_Init)
    HAL_TIM_OC_MspInit                       0x08003c23   Thumb Code     2  stm32g4xx_hal_tim.o(i.HAL_TIM_OC_MspInit)
    HAL_TIM_OC_Start_IT                      0x08003c25   Thumb Code   262  stm32g4xx_hal_tim.o(i.HAL_TIM_OC_Start_IT)
    HAL_TIM_PWM_ConfigChannel                0x08003d4d   Thumb Code   292  stm32g4xx_hal_tim.o(i.HAL_TIM_PWM_ConfigChannel)
    HAL_TIM_PWM_Init                         0x08003e71   Thumb Code    98  stm32g4xx_hal_tim.o(i.HAL_TIM_PWM_Init)
    HAL_TIM_PWM_MspInit                      0x08003ed3   Thumb Code     2  stm32g4xx_hal_tim.o(i.HAL_TIM_PWM_MspInit)
    HAL_TIM_PWM_PulseFinishedCallback        0x08003ed5   Thumb Code     2  stm32g4xx_hal_tim.o(i.HAL_TIM_PWM_PulseFinishedCallback)
    HAL_TIM_PWM_Start                        0x08003ed9   Thumb Code   218  stm32g4xx_hal_tim.o(i.HAL_TIM_PWM_Start)
    HAL_TIM_PeriodElapsedCallback            0x08003fd5   Thumb Code    42  main.o(i.HAL_TIM_PeriodElapsedCallback)
    HAL_TIM_ReadCapturedValue                0x08004015   Thumb Code    42  stm32g4xx_hal_tim.o(i.HAL_TIM_ReadCapturedValue)
    HAL_TIM_SlaveConfigSynchro               0x0800403f   Thumb Code    86  stm32g4xx_hal_tim.o(i.HAL_TIM_SlaveConfigSynchro)
    HAL_TIM_TriggerCallback                  0x08004095   Thumb Code     2  stm32g4xx_hal_tim.o(i.HAL_TIM_TriggerCallback)
    HAL_UARTEx_DisableFifoMode               0x08004097   Thumb Code    62  stm32g4xx_hal_uart_ex.o(i.HAL_UARTEx_DisableFifoMode)
    HAL_UARTEx_RxEventCallback               0x080040d5   Thumb Code     2  stm32g4xx_hal_uart.o(i.HAL_UARTEx_RxEventCallback)
    HAL_UARTEx_RxFifoFullCallback            0x080040d7   Thumb Code     2  stm32g4xx_hal_uart_ex.o(i.HAL_UARTEx_RxFifoFullCallback)
    HAL_UARTEx_SetRxFifoThreshold            0x080040d9   Thumb Code    76  stm32g4xx_hal_uart_ex.o(i.HAL_UARTEx_SetRxFifoThreshold)
    HAL_UARTEx_SetTxFifoThreshold            0x08004125   Thumb Code    76  stm32g4xx_hal_uart_ex.o(i.HAL_UARTEx_SetTxFifoThreshold)
    HAL_UARTEx_TxFifoEmptyCallback           0x08004171   Thumb Code     2  stm32g4xx_hal_uart_ex.o(i.HAL_UARTEx_TxFifoEmptyCallback)
    HAL_UARTEx_WakeupCallback                0x08004173   Thumb Code     2  stm32g4xx_hal_uart_ex.o(i.HAL_UARTEx_WakeupCallback)
    HAL_UART_ErrorCallback                   0x08004175   Thumb Code     2  stm32g4xx_hal_uart.o(i.HAL_UART_ErrorCallback)
    HAL_UART_IRQHandler                      0x08004179   Thumb Code   766  stm32g4xx_hal_uart.o(i.HAL_UART_IRQHandler)
    HAL_UART_Init                            0x08004485   Thumb Code   106  stm32g4xx_hal_uart.o(i.HAL_UART_Init)
    HAL_UART_MspInit                         0x080044f1   Thumb Code   132  uart.o(i.HAL_UART_MspInit)
    HAL_UART_Receive_IT                      0x0800457d   Thumb Code    66  stm32g4xx_hal_uart.o(i.HAL_UART_Receive_IT)
    HAL_UART_RxCpltCallback                  0x080045c5   Thumb Code    60  main.o(i.HAL_UART_RxCpltCallback)
    HAL_UART_Transmit                        0x08004611   Thumb Code   174  stm32g4xx_hal_uart.o(i.HAL_UART_Transmit)
    HAL_UART_TxCpltCallback                  0x080046bf   Thumb Code     2  stm32g4xx_hal_uart.o(i.HAL_UART_TxCpltCallback)
    HardFault_Handler                        0x080046c1   Thumb Code     2  stm32g4xx_it.o(i.HardFault_Handler)
    I2CInit                                  0x080046c5   Thumb Code    38  i2c.o(i.I2CInit)
    I2CReceiveByte                           0x080046f1   Thumb Code    78  i2c.o(i.I2CReceiveByte)
    I2CSendAck                               0x0800473f   Thumb Code    48  i2c.o(i.I2CSendAck)
    I2CSendByte                              0x0800476f   Thumb Code    78  i2c.o(i.I2CSendByte)
    I2CSendNotAck                            0x080047bd   Thumb Code    48  i2c.o(i.I2CSendNotAck)
    I2CStart                                 0x080047ed   Thumb Code    54  i2c.o(i.I2CStart)
    I2CStop                                  0x08004823   Thumb Code    54  i2c.o(i.I2CStop)
    I2CWaitAck                               0x08004859   Thumb Code    78  i2c.o(i.I2CWaitAck)
    Key_Proc                                 0x080048a9   Thumb Code    76  main.o(i.Key_Proc)
    Key_Scan                                 0x080048fd   Thumb Code   156  key_led.o(i.Key_Scan)
    Key_led_Init                             0x0800499d   Thumb Code   222  key_led.o(i.Key_led_Init)
    LCD_BusIn                                0x08004a8d   Thumb Code    40  lcd.o(i.LCD_BusIn)
    LCD_BusOut                               0x08004ab9   Thumb Code    42  lcd.o(i.LCD_BusOut)
    LCD_Clear                                0x08004ae9   Thumb Code    36  lcd.o(i.LCD_Clear)
    LCD_CtrlLinesConfig                      0x08004b0d   Thumb Code   134  lcd.o(i.LCD_CtrlLinesConfig)
    LCD_DisplayChar                          0x08004b9d   Thumb Code    18  lcd.o(i.LCD_DisplayChar)
    LCD_DisplayStringLine                    0x08004bb5   Thumb Code    42  lcd.o(i.LCD_DisplayStringLine)
    LCD_DrawChar                             0x08004be1   Thumb Code    84  lcd.o(i.LCD_DrawChar)
    LCD_Init                                 0x08004c39   Thumb Code    46  lcd.o(i.LCD_Init)
    LCD_ReadReg                              0x08004c6d   Thumb Code   120  lcd.o(i.LCD_ReadReg)
    LCD_SetBackColor                         0x08004ced   Thumb Code    12  lcd.o(i.LCD_SetBackColor)
    LCD_SetCursor                            0x08004cfd   Thumb Code    24  lcd.o(i.LCD_SetCursor)
    LCD_SetTextColor                         0x08004d15   Thumb Code    12  lcd.o(i.LCD_SetTextColor)
    LCD_WriteRAM                             0x08004d25   Thumb Code    80  lcd.o(i.LCD_WriteRAM)
    LCD_WriteRAM_Prepare                     0x08004d7d   Thumb Code    82  lcd.o(i.LCD_WriteRAM_Prepare)
    LCD_WriteReg                             0x08004dd9   Thumb Code   100  lcd.o(i.LCD_WriteReg)
    LED_Disp                                 0x08004e45   Thumb Code    74  key_led.o(i.LED_Disp)
    Lcd_Proc                                 0x08004eed   Thumb Code   316  main.o(i.Lcd_Proc)
    MemManage_Handler                        0x08005119   Thumb Code     2  stm32g4xx_it.o(i.MemManage_Handler)
    NMI_Handler                              0x0800511b   Thumb Code     2  stm32g4xx_it.o(i.NMI_Handler)
    PendSV_Handler                           0x0800511d   Thumb Code     2  stm32g4xx_it.o(i.PendSV_Handler)
    REG_8230_Init                            0x0800511f   Thumb Code   274  lcd.o(i.REG_8230_Init)
    REG_932X_Init                            0x08005231   Thumb Code   514  lcd.o(i.REG_932X_Init)
    RTC_Bcd2ToByte                           0x08005433   Thumb Code    18  stm32g4xx_hal_rtc.o(i.RTC_Bcd2ToByte)
    RTC_ByteToBcd2                           0x08005445   Thumb Code    24  stm32g4xx_hal_rtc.o(i.RTC_ByteToBcd2)
    RTC_EnterInitMode                        0x0800545d   Thumb Code    74  stm32g4xx_hal_rtc.o(i.RTC_EnterInitMode)
    RTC_ExitInitMode                         0x080054a7   Thumb Code    80  stm32g4xx_hal_rtc.o(i.RTC_ExitInitMode)
    RTC_Init                                 0x080054f9   Thumb Code   140  rtc_1.o(i.RTC_Init)
    SCL_Output                               0x0800558d   Thumb Code    20  i2c.o(i.SCL_Output)
    SDA_Input                                0x080055a5   Thumb Code    18  i2c.o(i.SDA_Input)
    SDA_Input_Mode                           0x080055bd   Thumb Code    40  i2c.o(i.SDA_Input_Mode)
    SDA_Output                               0x080055e9   Thumb Code    20  i2c.o(i.SDA_Output)
    SDA_Output_Mode                          0x08005601   Thumb Code    40  i2c.o(i.SDA_Output_Mode)
    SVC_Handler                              0x0800562d   Thumb Code     2  stm32g4xx_it.o(i.SVC_Handler)
    SysTick_Handler                          0x0800562f   Thumb Code     4  stm32g4xx_it.o(i.SysTick_Handler)
    SystemClock_Config                       0x08005633   Thumb Code   102  rcc.o(i.SystemClock_Config)
    SystemInit                               0x08005699   Thumb Code    12  system_stm32g4xx.o(i.SystemInit)
    TIM15_Init                               0x080056a9   Thumb Code   200  tim_1.o(i.TIM15_Init)
    TIM2_Init                                0x08005779   Thumb Code   152  tim_1.o(i.TIM2_Init)
    TIM3_IRQHandler                          0x08005815   Thumb Code     6  stm32g4xx_it.o(i.TIM3_IRQHandler)
    TIM3_Init                                0x08005821   Thumb Code   198  tim_1.o(i.TIM3_Init)
    TIM6_DAC_IRQHandler                      0x080058f1   Thumb Code     6  stm32g4xx_it.o(i.TIM6_DAC_IRQHandler)
    TIM6_Init                                0x080058fd   Thumb Code    62  tim_1.o(i.TIM6_Init)
    TIM_Base_SetConfig                       0x08005945   Thumb Code   160  stm32g4xx_hal_tim.o(i.TIM_Base_SetConfig)
    TIM_CCxChannelCmd                        0x08005a01   Thumb Code    26  stm32g4xx_hal_tim.o(i.TIM_CCxChannelCmd)
    TIM_ETR_SetConfig                        0x08005a1b   Thumb Code    20  stm32g4xx_hal_tim.o(i.TIM_ETR_SetConfig)
    TIM_OC2_SetConfig                        0x08005ae1   Thumb Code   120  stm32g4xx_hal_tim.o(i.TIM_OC2_SetConfig)
    TIM_TI1_SetConfig                        0x08005e65   Thumb Code    88  stm32g4xx_hal_tim.o(i.TIM_TI1_SetConfig)
    UART_AdvFeatureConfig                    0x08005f71   Thumb Code   200  stm32g4xx_hal_uart.o(i.UART_AdvFeatureConfig)
    UART_CheckIdleState                      0x08006039   Thumb Code   172  stm32g4xx_hal_uart.o(i.UART_CheckIdleState)
    UART_Init                                0x0800614d   Thumb Code    94  uart.o(i.UART_Init)
    UART_SetConfig                           0x08006685   Thumb Code   582  stm32g4xx_hal_uart.o(i.UART_SetConfig)
    UART_Start_Receive_IT                    0x080068f9   Thumb Code   256  stm32g4xx_hal_uart.o(i.UART_Start_Receive_IT)
    UART_WaitOnFlagUntilTimeout              0x08006a09   Thumb Code   148  stm32g4xx_hal_uart.o(i.UART_WaitOnFlagUntilTimeout)
    USART1_IRQHandler                        0x08006a9d   Thumb Code     6  stm32g4xx_it.o(i.USART1_IRQHandler)
    UsageFault_Handler                       0x08006aa9   Thumb Code     2  stm32g4xx_it.o(i.UsageFault_Handler)
    __ARM_fpclassify                         0x08006aab   Thumb Code    48  fpclassify.o(i.__ARM_fpclassify)
    _is_digit                                0x08006afb   Thumb Code    14  __printf_wp.o(i._is_digit)
    iic24c02_Read                            0x08006b15   Thumb Code    82  i2c.o(i.iic24c02_Read)
    iic24c02_Write                           0x08006b69   Thumb Code    54  i2c.o(i.iic24c02_Write)
    iic_4017_Test                            0x08006ba1   Thumb Code    24  main.o(i.iic_4017_Test)
    iic_EEPROM_Test                          0x08006bbd   Thumb Code    34  main.o(i.iic_EEPROM_Test)
    main                                     0x08006be5   Thumb Code   154  main.o(i.main)
    msp4017_Read                             0x08006c99   Thumb Code    34  i2c.o(i.msp4017_Read)
    msp4017_Write                            0x08006cbb   Thumb Code    36  i2c.o(i.msp4017_Write)
    _get_lc_numeric                          0x08006ce1   Thumb Code    44  lc_numeric_c.o(locale$$code)
    __aeabi_ui2d                             0x08006d0d   Thumb Code     0  dflt_clz.o(x$fpl$dfltu)
    _dfltu                                   0x08006d0d   Thumb Code    38  dflt_clz.o(x$fpl$dfltu)
    __aeabi_dmul                             0x08006d35   Thumb Code     0  dmul.o(x$fpl$dmul)
    _dmul                                    0x08006d35   Thumb Code   332  dmul.o(x$fpl$dmul)
    __fpl_dnaninf                            0x08006e89   Thumb Code   156  dnaninf.o(x$fpl$dnaninf)
    __fpl_dretinf                            0x08006f25   Thumb Code    12  dretinf.o(x$fpl$dretinf)
    __aeabi_f2d                              0x08006f31   Thumb Code     0  f2d.o(x$fpl$f2d)
    _f2d                                     0x08006f31   Thumb Code    86  f2d.o(x$fpl$f2d)
    __fpl_fnaninf                            0x08006f87   Thumb Code   140  fnaninf.o(x$fpl$fnaninf)
    _fp_init                                 0x08007013   Thumb Code    10  fpinit.o(x$fpl$fpinit)
    __fplib_config_fpu_vfp                   0x0800701b   Thumb Code     0  fpinit.o(x$fpl$fpinit)
    __fplib_config_pureend_doubles           0x0800701b   Thumb Code     0  fpinit.o(x$fpl$fpinit)
    _printf_fp_dec                           0x0800701d   Thumb Code     4  printf1.o(x$fpl$printf1)
    UARTPrescTable                           0x08007020   Data          24  stm32g4xx_hal_uart.o(.constdata)
    __I$use$fp                               0x08007020   Number         0  usenofp.o(x$fpl$usenofp)
    AHBPrescTable                            0x08007048   Data          16  system_stm32g4xx.o(.constdata)
    APBPrescTable                            0x08007058   Data           8  system_stm32g4xx.o(.constdata)
    ASCII_Table                              0x08007060   Data        4560  lcd.o(.constdata)
    Region$$Table$$Base                      0x080082c4   Number         0  anon$$obj.o(Region$$Table)
    Region$$Table$$Limit                     0x080082e4   Number         0  anon$$obj.o(Region$$Table)
    Key_Value                                0x20000000   Data           1  main.o(.data)
    ucled                                    0x20000001   Data           1  main.o(.data)
    MSP4017                                  0x20000002   Data           1  main.o(.data)
    Duty_Count                               0x20000004   Data           2  main.o(.data)
    Freq_Count                               0x20000006   Data           2  main.o(.data)
    uwTick_Key_Point                         0x20000008   Data           4  main.o(.data)
    uwTick_Lcd_Point                         0x2000000c   Data           4  main.o(.data)
    EEPROM_Strings_0                         0x20000010   Data           4  main.o(.data)
    EEPROM_Strings_1                         0x20000014   Data           4  main.o(.data)
    uwTick_Uart_Point                        0x20000018   Data           4  main.o(.data)
    Freq                                     0x2000001c   Data           4  main.o(.data)
    Duty                                     0x20000020   Data           4  main.o(.data)
    Y_M_D_Date                               0x20000024   Data           4  main.o(.data)
    txbuff                                   0x20000028   Data           4  main.o(.data)
    rxbuff                                   0x2000002c   Data           4  main.o(.data)
    uwTickPrio                               0x20000030   Data           4  stm32g4xx_hal.o(.data)
    uwTickFreq                               0x20000034   Data           4  stm32g4xx_hal.o(.data)
    uwTick                                   0x20000038   Data           4  stm32g4xx_hal.o(.data)
    SystemCoreClock                          0x2000003c   Data           4  system_stm32g4xx.o(.data)
    dummy                                    0x20000048   Data           2  lcd.o(.data)
    Lcd_Show_Strings                         0x2000004c   Data          21  main.o(.bss)
    H_M_S_Time                               0x20000064   Data          20  main.o(.bss)
    hadc1                                    0x20000078   Data         108  adc_1.o(.bss)
    hadc2                                    0x200000e4   Data         108  adc_1.o(.bss)
    hrtc                                     0x20000150   Data          40  rtc_1.o(.bss)
    htim2                                    0x20000178   Data          76  tim_1.o(.bss)
    htim3                                    0x200001c4   Data          76  tim_1.o(.bss)
    htim6                                    0x20000210   Data          76  tim_1.o(.bss)
    htim15                                   0x2000025c   Data          76  tim_1.o(.bss)
    huart1                                   0x200002a8   Data         148  uart.o(.bss)
    __libspace_start                         0x2000033c   Data          96  libspace.o(.bss)
    __temporary_stack_top$libspace           0x2000039c   Data           0  libspace.o(.bss)



==============================================================================

Memory Map of the image

  Image Entry point : 0x080001d9

  Load Region LR_IROM1 (Base: 0x08000000, Size: 0x0000834c, Max: 0x00020000, ABSOLUTE)

    Execution Region ER_IROM1 (Exec base: 0x08000000, Load base: 0x08000000, Size: 0x00008300, Max: 0x00020000, ABSOLUTE)

    Exec Addr    Load Addr    Size         Type   Attr      Idx    E Section Name        Object

    0x08000000   0x08000000   0x000001d8   Data   RO         4475    RESET               startup_stm32g431xx.o
    0x080001d8   0x080001d8   0x00000008   Code   RO         5085  * !!!main             c_w.l(__main.o)
    0x080001e0   0x080001e0   0x00000034   Code   RO         5325    !!!scatter          c_w.l(__scatter.o)
    0x08000214   0x08000214   0x0000001a   Code   RO         5327    !!handler_copy      c_w.l(__scatter_copy.o)
    0x0800022e   0x0800022e   0x00000002   PAD
    0x08000230   0x08000230   0x0000001c   Code   RO         5329    !!handler_zi        c_w.l(__scatter_zi.o)
    0x0800024c   0x0800024c   0x00000000   Code   RO         5078    .ARM.Collect$$_printf_percent$$00000000  c_w.l(_printf_percent.o)
    0x0800024c   0x0800024c   0x00000006   Code   RO         5077    .ARM.Collect$$_printf_percent$$00000003  c_w.l(_printf_f.o)
    0x08000252   0x08000252   0x00000006   Code   RO         5076    .ARM.Collect$$_printf_percent$$00000009  c_w.l(_printf_d.o)
    0x08000258   0x08000258   0x00000004   Code   RO         5112    .ARM.Collect$$_printf_percent$$00000017  c_w.l(_printf_percent_end.o)
    0x0800025c   0x0800025c   0x00000002   Code   RO         5198    .ARM.Collect$$libinit$$00000000  c_w.l(libinit.o)
    0x0800025e   0x0800025e   0x00000004   Code   RO         5199    .ARM.Collect$$libinit$$00000001  c_w.l(libinit2.o)
    0x08000262   0x08000262   0x00000000   Code   RO         5202    .ARM.Collect$$libinit$$00000004  c_w.l(libinit2.o)
    0x08000262   0x08000262   0x00000000   Code   RO         5205    .ARM.Collect$$libinit$$0000000A  c_w.l(libinit2.o)
    0x08000262   0x08000262   0x00000000   Code   RO         5207    .ARM.Collect$$libinit$$0000000C  c_w.l(libinit2.o)
    0x08000262   0x08000262   0x00000000   Code   RO         5209    .ARM.Collect$$libinit$$0000000E  c_w.l(libinit2.o)
    0x08000262   0x08000262   0x00000006   Code   RO         5210    .ARM.Collect$$libinit$$0000000F  c_w.l(libinit2.o)
    0x08000268   0x08000268   0x00000000   Code   RO         5212    .ARM.Collect$$libinit$$00000011  c_w.l(libinit2.o)
    0x08000268   0x08000268   0x00000000   Code   RO         5214    .ARM.Collect$$libinit$$00000013  c_w.l(libinit2.o)
    0x08000268   0x08000268   0x00000000   Code   RO         5216    .ARM.Collect$$libinit$$00000015  c_w.l(libinit2.o)
    0x08000268   0x08000268   0x0000000a   Code   RO         5217    .ARM.Collect$$libinit$$00000016  c_w.l(libinit2.o)
    0x08000272   0x08000272   0x00000000   Code   RO         5218    .ARM.Collect$$libinit$$00000017  c_w.l(libinit2.o)
    0x08000272   0x08000272   0x00000000   Code   RO         5220    .ARM.Collect$$libinit$$00000019  c_w.l(libinit2.o)
    0x08000272   0x08000272   0x00000000   Code   RO         5222    .ARM.Collect$$libinit$$0000001B  c_w.l(libinit2.o)
    0x08000272   0x08000272   0x00000000   Code   RO         5224    .ARM.Collect$$libinit$$0000001D  c_w.l(libinit2.o)
    0x08000272   0x08000272   0x00000000   Code   RO         5226    .ARM.Collect$$libinit$$0000001F  c_w.l(libinit2.o)
    0x08000272   0x08000272   0x00000000   Code   RO         5228    .ARM.Collect$$libinit$$00000021  c_w.l(libinit2.o)
    0x08000272   0x08000272   0x00000000   Code   RO         5230    .ARM.Collect$$libinit$$00000023  c_w.l(libinit2.o)
    0x08000272   0x08000272   0x00000000   Code   RO         5232    .ARM.Collect$$libinit$$00000025  c_w.l(libinit2.o)
    0x08000272   0x08000272   0x00000000   Code   RO         5236    .ARM.Collect$$libinit$$0000002C  c_w.l(libinit2.o)
    0x08000272   0x08000272   0x00000000   Code   RO         5238    .ARM.Collect$$libinit$$0000002E  c_w.l(libinit2.o)
    0x08000272   0x08000272   0x00000000   Code   RO         5240    .ARM.Collect$$libinit$$00000030  c_w.l(libinit2.o)
    0x08000272   0x08000272   0x00000000   Code   RO         5242    .ARM.Collect$$libinit$$00000032  c_w.l(libinit2.o)
    0x08000272   0x08000272   0x00000002   Code   RO         5243    .ARM.Collect$$libinit$$00000033  c_w.l(libinit2.o)
    0x08000274   0x08000274   0x00000002   Code   RO         5290    .ARM.Collect$$libshutdown$$00000000  c_w.l(libshutdown.o)
    0x08000276   0x08000276   0x00000000   Code   RO         5308    .ARM.Collect$$libshutdown$$00000002  c_w.l(libshutdown2.o)
    0x08000276   0x08000276   0x00000000   Code   RO         5310    .ARM.Collect$$libshutdown$$00000004  c_w.l(libshutdown2.o)
    0x08000276   0x08000276   0x00000000   Code   RO         5313    .ARM.Collect$$libshutdown$$00000007  c_w.l(libshutdown2.o)
    0x08000276   0x08000276   0x00000000   Code   RO         5316    .ARM.Collect$$libshutdown$$0000000A  c_w.l(libshutdown2.o)
    0x08000276   0x08000276   0x00000000   Code   RO         5318    .ARM.Collect$$libshutdown$$0000000C  c_w.l(libshutdown2.o)
    0x08000276   0x08000276   0x00000000   Code   RO         5321    .ARM.Collect$$libshutdown$$0000000F  c_w.l(libshutdown2.o)
    0x08000276   0x08000276   0x00000002   Code   RO         5322    .ARM.Collect$$libshutdown$$00000010  c_w.l(libshutdown2.o)
    0x08000278   0x08000278   0x00000000   Code   RO         5099    .ARM.Collect$$rtentry$$00000000  c_w.l(__rtentry.o)
    0x08000278   0x08000278   0x00000000   Code   RO         5121    .ARM.Collect$$rtentry$$00000002  c_w.l(__rtentry2.o)
    0x08000278   0x08000278   0x00000006   Code   RO         5133    .ARM.Collect$$rtentry$$00000004  c_w.l(__rtentry4.o)
    0x0800027e   0x0800027e   0x00000000   Code   RO         5123    .ARM.Collect$$rtentry$$00000009  c_w.l(__rtentry2.o)
    0x0800027e   0x0800027e   0x00000004   Code   RO         5124    .ARM.Collect$$rtentry$$0000000A  c_w.l(__rtentry2.o)
    0x08000282   0x08000282   0x00000000   Code   RO         5126    .ARM.Collect$$rtentry$$0000000C  c_w.l(__rtentry2.o)
    0x08000282   0x08000282   0x00000008   Code   RO         5127    .ARM.Collect$$rtentry$$0000000D  c_w.l(__rtentry2.o)
    0x0800028a   0x0800028a   0x00000002   Code   RO         5244    .ARM.Collect$$rtexit$$00000000  c_w.l(rtexit.o)
    0x0800028c   0x0800028c   0x00000000   Code   RO         5259    .ARM.Collect$$rtexit$$00000002  c_w.l(rtexit2.o)
    0x0800028c   0x0800028c   0x00000004   Code   RO         5260    .ARM.Collect$$rtexit$$00000003  c_w.l(rtexit2.o)
    0x08000290   0x08000290   0x00000006   Code   RO         5261    .ARM.Collect$$rtexit$$00000004  c_w.l(rtexit2.o)
    0x08000296   0x08000296   0x00000002   PAD
    0x08000298   0x08000298   0x00000040   Code   RO         4476    .text               startup_stm32g431xx.o
    0x080002d8   0x080002d8   0x000000ee   Code   RO         5044    .text               c_w.l(lludivv7m.o)
    0x080003c6   0x080003c6   0x00000002   PAD
    0x080003c8   0x080003c8   0x00000028   Code   RO         5048    .text               c_w.l(noretval__2sprintf.o)
    0x080003f0   0x080003f0   0x0000004e   Code   RO         5052    .text               c_w.l(_printf_pad.o)
    0x0800043e   0x0800043e   0x00000002   PAD
    0x08000440   0x08000440   0x00000078   Code   RO         5054    .text               c_w.l(_printf_dec.o)
    0x080004b8   0x080004b8   0x0000010e   Code   RO         5064    .text               c_w.l(__printf_wp.o)
    0x080005c6   0x080005c6   0x0000003e   Code   RO         5079    .text               c_w.l(strlen.o)
    0x08000604   0x08000604   0x0000004e   Code   RO         5081    .text               c_w.l(rt_memclr_w.o)
    0x08000652   0x08000652   0x00000006   Code   RO         5083    .text               c_w.l(heapauxi.o)
    0x08000658   0x08000658   0x000000b2   Code   RO         5104    .text               c_w.l(_printf_intcommon.o)
    0x0800070a   0x0800070a   0x0000041e   Code   RO         5106    .text               c_w.l(_printf_fp_dec.o)
    0x08000b28   0x08000b28   0x00000030   Code   RO         5108    .text               c_w.l(_printf_char_common.o)
    0x08000b58   0x08000b58   0x0000000a   Code   RO         5110    .text               c_w.l(_sputc.o)
    0x08000b62   0x08000b62   0x00000002   PAD
    0x08000b64   0x08000b64   0x00000008   Code   RO         5140    .text               c_w.l(rt_locale_intlibspace.o)
    0x08000b6c   0x08000b6c   0x0000008a   Code   RO         5142    .text               c_w.l(lludiv10.o)
    0x08000bf6   0x08000bf6   0x00000002   PAD
    0x08000bf8   0x08000bf8   0x00000080   Code   RO         5144    .text               c_w.l(_printf_fp_infnan.o)
    0x08000c78   0x08000c78   0x000000e4   Code   RO         5148    .text               c_w.l(bigflt0.o)
    0x08000d5c   0x08000d5c   0x00000008   Code   RO         5180    .text               c_w.l(libspace.o)
    0x08000d64   0x08000d64   0x0000004a   Code   RO         5183    .text               c_w.l(sys_stackheap_outer.o)
    0x08000dae   0x08000dae   0x00000012   Code   RO         5185    .text               c_w.l(exit.o)
    0x08000dc0   0x08000dc0   0x00000080   Code   RO         5191    .text               c_w.l(strcmpv7m.o)
    0x08000e40   0x08000e40   0x0000000c   Code   RO         5256    .text               c_w.l(sys_exit.o)
    0x08000e4c   0x08000e4c   0x00000002   Code   RO         5277    .text               c_w.l(use_no_semi.o)
    0x08000e4e   0x08000e4e   0x00000000   Code   RO         5279    .text               c_w.l(indicate_semi.o)
    0x08000e4e   0x08000e4e   0x0000003e   Code   RO         5151    CL$$btod_d2e        c_w.l(btod.o)
    0x08000e8c   0x08000e8c   0x00000046   Code   RO         5153    CL$$btod_d2e_denorm_low  c_w.l(btod.o)
    0x08000ed2   0x08000ed2   0x00000060   Code   RO         5152    CL$$btod_d2e_norm_op1  c_w.l(btod.o)
    0x08000f32   0x08000f32   0x00000338   Code   RO         5161    CL$$btod_div_common  c_w.l(btod.o)
    0x0800126a   0x0800126a   0x000000dc   Code   RO         5158    CL$$btod_e2e        c_w.l(btod.o)
    0x08001346   0x08001346   0x0000002a   Code   RO         5155    CL$$btod_ediv       c_w.l(btod.o)
    0x08001370   0x08001370   0x0000002a   Code   RO         5154    CL$$btod_emul       c_w.l(btod.o)
    0x0800139a   0x0800139a   0x00000244   Code   RO         5160    CL$$btod_mult_common  c_w.l(btod.o)
    0x080015de   0x080015de   0x00000002   PAD
    0x080015e0   0x080015e0   0x00000018   Code   RO            4    i.ADC1_Get_Num      main.o
    0x080015f8   0x080015f8   0x00000094   Code   RO         4483    i.ADC1_Init         adc_1.o
    0x0800168c   0x0800168c   0x000000ac   Code   RO          366    i.ADC_Enable        stm32g4xx_hal_adc.o
    0x08001738   0x08001738   0x00000002   Code   RO          243    i.BusFault_Handler  stm32g4xx_it.o
    0x0800173a   0x0800173a   0x00000002   Code   RO          244    i.DebugMon_Handler  stm32g4xx_it.o
    0x0800173c   0x0800173c   0x0000001c   Code   RO         4683    i.Delay_LCD         lcd.o
    0x08001758   0x08001758   0x00000004   Code   RO            5    i.Error_Handler     main.o
    0x0800175c   0x0800175c   0x000000d8   Code   RO          616    i.HAL_ADCEx_MultiModeConfigChannel  stm32g4xx_hal_adc_ex.o
    0x08001834   0x08001834   0x00000424   Code   RO          368    i.HAL_ADC_ConfigChannel  stm32g4xx_hal_adc.o
    0x08001c58   0x08001c58   0x00000006   Code   RO          375    i.HAL_ADC_GetValue  stm32g4xx_hal_adc.o
    0x08001c5e   0x08001c5e   0x00000002   PAD
    0x08001c60   0x08001c60   0x000001f4   Code   RO          377    i.HAL_ADC_Init      stm32g4xx_hal_adc.o
    0x08001e54   0x08001e54   0x000000e4   Code   RO         4485    i.HAL_ADC_MspInit   adc_1.o
    0x08001f38   0x08001f38   0x000000f4   Code   RO          383    i.HAL_ADC_Start     stm32g4xx_hal_adc.o
    0x0800202c   0x0800202c   0x0000006a   Code   RO         1662    i.HAL_DMA_Abort     stm32g4xx_hal_dma.o
    0x08002096   0x08002096   0x00000078   Code   RO         1663    i.HAL_DMA_Abort_IT  stm32g4xx_hal_dma.o
    0x0800210e   0x0800210e   0x00000002   PAD
    0x08002110   0x08002110   0x00000024   Code   RO          815    i.HAL_Delay         stm32g4xx_hal.o
    0x08002134   0x08002134   0x00000248   Code   RO         1524    i.HAL_GPIO_Init     stm32g4xx_hal_gpio.o
    0x0800237c   0x0800237c   0x0000000a   Code   RO         1526    i.HAL_GPIO_ReadPin  stm32g4xx_hal_gpio.o
    0x08002386   0x08002386   0x0000000a   Code   RO         1528    i.HAL_GPIO_WritePin  stm32g4xx_hal_gpio.o
    0x08002390   0x08002390   0x0000000c   Code   RO          819    i.HAL_GetTick       stm32g4xx_hal.o
    0x0800239c   0x0800239c   0x00000010   Code   RO          825    i.HAL_IncTick       stm32g4xx_hal.o
    0x080023ac   0x080023ac   0x0000001e   Code   RO          826    i.HAL_Init          stm32g4xx_hal.o
    0x080023ca   0x080023ca   0x00000002   PAD
    0x080023cc   0x080023cc   0x00000044   Code   RO          827    i.HAL_InitTick      stm32g4xx_hal.o
    0x08002410   0x08002410   0x00000030   Code   RO          337    i.HAL_MspInit       stm32g4xx_hal_msp.o
    0x08002440   0x08002440   0x0000001a   Code   RO         2171    i.HAL_NVIC_EnableIRQ  stm32g4xx_hal_cortex.o
    0x0800245a   0x0800245a   0x00000002   PAD
    0x0800245c   0x0800245c   0x00000040   Code   RO         2177    i.HAL_NVIC_SetPriority  stm32g4xx_hal_cortex.o
    0x0800249c   0x0800249c   0x00000024   Code   RO         2178    i.HAL_NVIC_SetPriorityGrouping  stm32g4xx_hal_cortex.o
    0x080024c0   0x080024c0   0x000000bc   Code   RO         1927    i.HAL_PWREx_ControlVoltageScaling  stm32g4xx_hal_pwr_ex.o
    0x0800257c   0x0800257c   0x00000010   Code   RO         1939    i.HAL_PWREx_DisableUCPDDeadBattery  stm32g4xx_hal_pwr_ex.o
    0x0800258c   0x0800258c   0x00000288   Code   RO         1186    i.HAL_RCCEx_PeriphCLKConfig  stm32g4xx_hal_rcc_ex.o
    0x08002814   0x08002814   0x000001dc   Code   RO         1061    i.HAL_RCC_ClockConfig  stm32g4xx_hal_rcc.o
    0x080029f0   0x080029f0   0x00000024   Code   RO         1069    i.HAL_RCC_GetPCLK1Freq  stm32g4xx_hal_rcc.o
    0x08002a14   0x08002a14   0x00000024   Code   RO         1070    i.HAL_RCC_GetPCLK2Freq  stm32g4xx_hal_rcc.o
    0x08002a38   0x08002a38   0x00000070   Code   RO         1071    i.HAL_RCC_GetSysClockFreq  stm32g4xx_hal_rcc.o
    0x08002aa8   0x08002aa8   0x00000404   Code   RO         1074    i.HAL_RCC_OscConfig  stm32g4xx_hal_rcc.o
    0x08002eac   0x08002eac   0x00000044   Code   RO         2311    i.HAL_RTC_GetDate   stm32g4xx_hal_rtc.o
    0x08002ef0   0x08002ef0   0x00000054   Code   RO         2313    i.HAL_RTC_GetTime   stm32g4xx_hal_rtc.o
    0x08002f44   0x08002f44   0x0000009c   Code   RO         2314    i.HAL_RTC_Init      stm32g4xx_hal_rtc.o
    0x08002fe0   0x08002fe0   0x00000058   Code   RO         4913    i.HAL_RTC_MspInit   rtc_1.o
    0x08003038   0x08003038   0x000000a0   Code   RO         2320    i.HAL_RTC_SetDate   stm32g4xx_hal_rtc.o
    0x080030d8   0x080030d8   0x000000cc   Code   RO         2321    i.HAL_RTC_SetTime   stm32g4xx_hal_rtc.o
    0x080031a4   0x080031a4   0x00000038   Code   RO         2322    i.HAL_RTC_WaitForSynchro  stm32g4xx_hal_rtc.o
    0x080031dc   0x080031dc   0x00000028   Code   RO         2182    i.HAL_SYSTICK_Config  stm32g4xx_hal_cortex.o
    0x08003204   0x08003204   0x00000002   Code   RO         3471    i.HAL_TIMEx_Break2Callback  stm32g4xx_hal_tim_ex.o
    0x08003206   0x08003206   0x00000002   Code   RO         3472    i.HAL_TIMEx_BreakCallback  stm32g4xx_hal_tim_ex.o
    0x08003208   0x08003208   0x00000002   Code   RO         3473    i.HAL_TIMEx_CommutCallback  stm32g4xx_hal_tim_ex.o
    0x0800320a   0x0800320a   0x00000002   PAD
    0x0800320c   0x0800320c   0x0000009c   Code   RO         3476    i.HAL_TIMEx_ConfigBreakDeadTime  stm32g4xx_hal_tim_ex.o
    0x080032a8   0x080032a8   0x00000002   Code   RO         3484    i.HAL_TIMEx_DirectionChangeCallback  stm32g4xx_hal_tim_ex.o
    0x080032aa   0x080032aa   0x00000002   Code   RO         3498    i.HAL_TIMEx_EncoderIndexCallback  stm32g4xx_hal_tim_ex.o
    0x080032ac   0x080032ac   0x00000002   Code   RO         3512    i.HAL_TIMEx_IndexErrorCallback  stm32g4xx_hal_tim_ex.o
    0x080032ae   0x080032ae   0x00000002   PAD
    0x080032b0   0x080032b0   0x0000009c   Code   RO         3513    i.HAL_TIMEx_MasterConfigSynchronization  stm32g4xx_hal_tim_ex.o
    0x0800334c   0x0800334c   0x00000002   Code   RO         3534    i.HAL_TIMEx_TransitionErrorCallback  stm32g4xx_hal_tim_ex.o
    0x0800334e   0x0800334e   0x00000062   Code   RO         2757    i.HAL_TIM_Base_Init  stm32g4xx_hal_tim.o
    0x080033b0   0x080033b0   0x000000c8   Code   RO         4949    i.HAL_TIM_Base_MspInit  tim_1.o
    0x08003478   0x08003478   0x0000006c   Code   RO         2760    i.HAL_TIM_Base_Start  stm32g4xx_hal_tim.o
    0x080034e4   0x080034e4   0x00000100   Code   RO         2766    i.HAL_TIM_ConfigClockSource  stm32g4xx_hal_tim.o
    0x080035e4   0x080035e4   0x00000080   Code   RO            6    i.HAL_TIM_IC_CaptureCallback  main.o
    0x08003664   0x08003664   0x00000124   Code   RO         2793    i.HAL_TIM_IC_ConfigChannel  stm32g4xx_hal_tim.o
    0x08003788   0x08003788   0x00000062   Code   RO         2796    i.HAL_TIM_IC_Init   stm32g4xx_hal_tim.o
    0x080037ea   0x080037ea   0x00000002   Code   RO         2798    i.HAL_TIM_IC_MspInit  stm32g4xx_hal_tim.o
    0x080037ec   0x080037ec   0x0000012c   Code   RO         2801    i.HAL_TIM_IC_Start_IT  stm32g4xx_hal_tim.o
    0x08003918   0x08003918   0x000001a2   Code   RO         2805    i.HAL_TIM_IRQHandler  stm32g4xx_hal_tim.o
    0x08003aba   0x08003aba   0x00000002   PAD
    0x08003abc   0x08003abc   0x00000070   Code   RO         4950    i.HAL_TIM_MspPostInit  tim_1.o
    0x08003b2c   0x08003b2c   0x0000006e   Code   RO         2806    i.HAL_TIM_OC_ConfigChannel  stm32g4xx_hal_tim.o
    0x08003b9a   0x08003b9a   0x00000002   PAD
    0x08003b9c   0x08003b9c   0x00000024   Code   RO            7    i.HAL_TIM_OC_DelayElapsedCallback  main.o
    0x08003bc0   0x08003bc0   0x00000062   Code   RO         2810    i.HAL_TIM_OC_Init   stm32g4xx_hal_tim.o
    0x08003c22   0x08003c22   0x00000002   Code   RO         2812    i.HAL_TIM_OC_MspInit  stm32g4xx_hal_tim.o
    0x08003c24   0x08003c24   0x00000128   Code   RO         2815    i.HAL_TIM_OC_Start_IT  stm32g4xx_hal_tim.o
    0x08003d4c   0x08003d4c   0x00000124   Code   RO         2829    i.HAL_TIM_PWM_ConfigChannel  stm32g4xx_hal_tim.o
    0x08003e70   0x08003e70   0x00000062   Code   RO         2832    i.HAL_TIM_PWM_Init  stm32g4xx_hal_tim.o
    0x08003ed2   0x08003ed2   0x00000002   Code   RO         2834    i.HAL_TIM_PWM_MspInit  stm32g4xx_hal_tim.o
    0x08003ed4   0x08003ed4   0x00000002   Code   RO         2835    i.HAL_TIM_PWM_PulseFinishedCallback  stm32g4xx_hal_tim.o
    0x08003ed6   0x08003ed6   0x00000002   PAD
    0x08003ed8   0x08003ed8   0x000000fc   Code   RO         2837    i.HAL_TIM_PWM_Start  stm32g4xx_hal_tim.o
    0x08003fd4   0x08003fd4   0x00000040   Code   RO            8    i.HAL_TIM_PeriodElapsedCallback  main.o
    0x08004014   0x08004014   0x0000002a   Code   RO         2845    i.HAL_TIM_ReadCapturedValue  stm32g4xx_hal_tim.o
    0x0800403e   0x0800403e   0x00000056   Code   RO         2846    i.HAL_TIM_SlaveConfigSynchro  stm32g4xx_hal_tim.o
    0x08004094   0x08004094   0x00000002   Code   RO         2848    i.HAL_TIM_TriggerCallback  stm32g4xx_hal_tim.o
    0x08004096   0x08004096   0x0000003e   Code   RO         4320    i.HAL_UARTEx_DisableFifoMode  stm32g4xx_hal_uart_ex.o
    0x080040d4   0x080040d4   0x00000002   Code   RO         3909    i.HAL_UARTEx_RxEventCallback  stm32g4xx_hal_uart.o
    0x080040d6   0x080040d6   0x00000002   Code   RO         4328    i.HAL_UARTEx_RxFifoFullCallback  stm32g4xx_hal_uart_ex.o
    0x080040d8   0x080040d8   0x0000004c   Code   RO         4329    i.HAL_UARTEx_SetRxFifoThreshold  stm32g4xx_hal_uart_ex.o
    0x08004124   0x08004124   0x0000004c   Code   RO         4330    i.HAL_UARTEx_SetTxFifoThreshold  stm32g4xx_hal_uart_ex.o
    0x08004170   0x08004170   0x00000002   Code   RO         4332    i.HAL_UARTEx_TxFifoEmptyCallback  stm32g4xx_hal_uart_ex.o
    0x08004172   0x08004172   0x00000002   Code   RO         4333    i.HAL_UARTEx_WakeupCallback  stm32g4xx_hal_uart_ex.o
    0x08004174   0x08004174   0x00000002   Code   RO         3925    i.HAL_UART_ErrorCallback  stm32g4xx_hal_uart.o
    0x08004176   0x08004176   0x00000002   PAD
    0x08004178   0x08004178   0x0000030c   Code   RO         3928    i.HAL_UART_IRQHandler  stm32g4xx_hal_uart.o
    0x08004484   0x08004484   0x0000006a   Code   RO         3929    i.HAL_UART_Init     stm32g4xx_hal_uart.o
    0x080044ee   0x080044ee   0x00000002   PAD
    0x080044f0   0x080044f0   0x0000008c   Code   RO         5009    i.HAL_UART_MspInit  uart.o
    0x0800457c   0x0800457c   0x00000048   Code   RO         3934    i.HAL_UART_Receive_IT  stm32g4xx_hal_uart.o
    0x080045c4   0x080045c4   0x0000004c   Code   RO            9    i.HAL_UART_RxCpltCallback  main.o
    0x08004610   0x08004610   0x000000ae   Code   RO         3938    i.HAL_UART_Transmit  stm32g4xx_hal_uart.o
    0x080046be   0x080046be   0x00000002   Code   RO         3941    i.HAL_UART_TxCpltCallback  stm32g4xx_hal_uart.o
    0x080046c0   0x080046c0   0x00000002   Code   RO          245    i.HardFault_Handler  stm32g4xx_it.o
    0x080046c2   0x080046c2   0x00000002   PAD
    0x080046c4   0x080046c4   0x0000002c   Code   RO         4526    i.I2CInit           i2c.o
    0x080046f0   0x080046f0   0x0000004e   Code   RO         4527    i.I2CReceiveByte    i2c.o
    0x0800473e   0x0800473e   0x00000030   Code   RO         4528    i.I2CSendAck        i2c.o
    0x0800476e   0x0800476e   0x0000004e   Code   RO         4529    i.I2CSendByte       i2c.o
    0x080047bc   0x080047bc   0x00000030   Code   RO         4530    i.I2CSendNotAck     i2c.o
    0x080047ec   0x080047ec   0x00000036   Code   RO         4531    i.I2CStart          i2c.o
    0x08004822   0x08004822   0x00000036   Code   RO         4532    i.I2CStop           i2c.o
    0x08004858   0x08004858   0x0000004e   Code   RO         4533    i.I2CWaitAck        i2c.o
    0x080048a6   0x080048a6   0x00000002   PAD
    0x080048a8   0x080048a8   0x00000054   Code   RO           10    i.Key_Proc          main.o
    0x080048fc   0x080048fc   0x000000a0   Code   RO         4647    i.Key_Scan          key_led.o
    0x0800499c   0x0800499c   0x000000f0   Code   RO         4648    i.Key_led_Init      key_led.o
    0x08004a8c   0x08004a8c   0x0000002c   Code   RO         4684    i.LCD_BusIn         lcd.o
    0x08004ab8   0x08004ab8   0x00000030   Code   RO         4685    i.LCD_BusOut        lcd.o
    0x08004ae8   0x08004ae8   0x00000024   Code   RO         4686    i.LCD_Clear         lcd.o
    0x08004b0c   0x08004b0c   0x00000090   Code   RO         4688    i.LCD_CtrlLinesConfig  lcd.o
    0x08004b9c   0x08004b9c   0x00000018   Code   RO         4689    i.LCD_DisplayChar   lcd.o
    0x08004bb4   0x08004bb4   0x0000002a   Code   RO         4692    i.LCD_DisplayStringLine  lcd.o
    0x08004bde   0x08004bde   0x00000002   PAD
    0x08004be0   0x08004be0   0x00000058   Code   RO         4693    i.LCD_DrawChar      lcd.o
    0x08004c38   0x08004c38   0x00000034   Code   RO         4699    i.LCD_Init          lcd.o
    0x08004c6c   0x08004c6c   0x00000080   Code   RO         4702    i.LCD_ReadReg       lcd.o
    0x08004cec   0x08004cec   0x00000010   Code   RO         4703    i.LCD_SetBackColor  lcd.o
    0x08004cfc   0x08004cfc   0x00000018   Code   RO         4704    i.LCD_SetCursor     lcd.o
    0x08004d14   0x08004d14   0x00000010   Code   RO         4706    i.LCD_SetTextColor  lcd.o
    0x08004d24   0x08004d24   0x00000058   Code   RO         4709    i.LCD_WriteRAM      lcd.o
    0x08004d7c   0x08004d7c   0x0000005c   Code   RO         4710    i.LCD_WriteRAM_Prepare  lcd.o
    0x08004dd8   0x08004dd8   0x0000006c   Code   RO         4711    i.LCD_WriteReg      lcd.o
    0x08004e44   0x08004e44   0x00000054   Code   RO         4649    i.LED_Disp          key_led.o
    0x08004e98   0x08004e98   0x0000000c   Code   RO          391    i.LL_ADC_GetOffsetChannel  stm32g4xx_hal_adc.o
    0x08004ea4   0x08004ea4   0x00000008   Code   RO          392    i.LL_ADC_INJ_IsConversionOngoing  stm32g4xx_hal_adc.o
    0x08004eac   0x08004eac   0x00000008   Code   RO          393    i.LL_ADC_REG_IsConversionOngoing  stm32g4xx_hal_adc.o
    0x08004eb4   0x08004eb4   0x00000008   Code   RO          626    i.LL_ADC_REG_IsConversionOngoing  stm32g4xx_hal_adc_ex.o
    0x08004ebc   0x08004ebc   0x0000001e   Code   RO          396    i.LL_ADC_SetChannelSamplingTime  stm32g4xx_hal_adc.o
    0x08004eda   0x08004eda   0x00000010   Code   RO          397    i.LL_ADC_SetOffsetState  stm32g4xx_hal_adc.o
    0x08004eea   0x08004eea   0x00000002   PAD
    0x08004eec   0x08004eec   0x0000022c   Code   RO           11    i.Lcd_Proc          main.o
    0x08005118   0x08005118   0x00000002   Code   RO          246    i.MemManage_Handler  stm32g4xx_it.o
    0x0800511a   0x0800511a   0x00000002   Code   RO          247    i.NMI_Handler       stm32g4xx_it.o
    0x0800511c   0x0800511c   0x00000002   Code   RO          248    i.PendSV_Handler    stm32g4xx_it.o
    0x0800511e   0x0800511e   0x00000112   Code   RO         4712    i.REG_8230_Init     lcd.o
    0x08005230   0x08005230   0x00000202   Code   RO         4713    i.REG_932X_Init     lcd.o
    0x08005432   0x08005432   0x00000012   Code   RO         2323    i.RTC_Bcd2ToByte    stm32g4xx_hal_rtc.o
    0x08005444   0x08005444   0x00000018   Code   RO         2324    i.RTC_ByteToBcd2    stm32g4xx_hal_rtc.o
    0x0800545c   0x0800545c   0x0000004a   Code   RO         2325    i.RTC_EnterInitMode  stm32g4xx_hal_rtc.o
    0x080054a6   0x080054a6   0x00000050   Code   RO         2326    i.RTC_ExitInitMode  stm32g4xx_hal_rtc.o
    0x080054f6   0x080054f6   0x00000002   PAD
    0x080054f8   0x080054f8   0x00000094   Code   RO         4914    i.RTC_Init          rtc_1.o
    0x0800558c   0x0800558c   0x00000018   Code   RO         4534    i.SCL_Output        i2c.o
    0x080055a4   0x080055a4   0x00000018   Code   RO         4535    i.SDA_Input         i2c.o
    0x080055bc   0x080055bc   0x0000002c   Code   RO         4536    i.SDA_Input_Mode    i2c.o
    0x080055e8   0x080055e8   0x00000018   Code   RO         4537    i.SDA_Output        i2c.o
    0x08005600   0x08005600   0x0000002c   Code   RO         4538    i.SDA_Output_Mode   i2c.o
    0x0800562c   0x0800562c   0x00000002   Code   RO          249    i.SVC_Handler       stm32g4xx_it.o
    0x0800562e   0x0800562e   0x00000004   Code   RO          250    i.SysTick_Handler   stm32g4xx_it.o
    0x08005632   0x08005632   0x00000066   Code   RO         4889    i.SystemClock_Config  rcc.o
    0x08005698   0x08005698   0x00000010   Code   RO         4439    i.SystemInit        system_stm32g4xx.o
    0x080056a8   0x080056a8   0x000000d0   Code   RO         4951    i.TIM15_Init        tim_1.o
    0x08005778   0x08005778   0x0000009c   Code   RO         4952    i.TIM2_Init         tim_1.o
    0x08005814   0x08005814   0x0000000c   Code   RO          251    i.TIM3_IRQHandler   stm32g4xx_it.o
    0x08005820   0x08005820   0x000000d0   Code   RO         4953    i.TIM3_Init         tim_1.o
    0x080058f0   0x080058f0   0x0000000c   Code   RO          252    i.TIM6_DAC_IRQHandler  stm32g4xx_it.o
    0x080058fc   0x080058fc   0x00000048   Code   RO         4954    i.TIM6_Init         tim_1.o
    0x08005944   0x08005944   0x000000bc   Code   RO         2850    i.TIM_Base_SetConfig  stm32g4xx_hal_tim.o
    0x08005a00   0x08005a00   0x0000001a   Code   RO         2851    i.TIM_CCxChannelCmd  stm32g4xx_hal_tim.o
    0x08005a1a   0x08005a1a   0x00000014   Code   RO         2861    i.TIM_ETR_SetConfig  stm32g4xx_hal_tim.o
    0x08005a2e   0x08005a2e   0x00000002   PAD
    0x08005a30   0x08005a30   0x00000014   Code   RO         2862    i.TIM_ITRx_SetConfig  stm32g4xx_hal_tim.o
    0x08005a44   0x08005a44   0x0000009c   Code   RO         2863    i.TIM_OC1_SetConfig  stm32g4xx_hal_tim.o
    0x08005ae0   0x08005ae0   0x00000090   Code   RO         2864    i.TIM_OC2_SetConfig  stm32g4xx_hal_tim.o
    0x08005b70   0x08005b70   0x00000090   Code   RO         2865    i.TIM_OC3_SetConfig  stm32g4xx_hal_tim.o
    0x08005c00   0x08005c00   0x00000090   Code   RO         2866    i.TIM_OC4_SetConfig  stm32g4xx_hal_tim.o
    0x08005c90   0x08005c90   0x00000070   Code   RO         2867    i.TIM_OC5_SetConfig  stm32g4xx_hal_tim.o
    0x08005d00   0x08005d00   0x00000070   Code   RO         2868    i.TIM_OC6_SetConfig  stm32g4xx_hal_tim.o
    0x08005d70   0x08005d70   0x000000d0   Code   RO         2869    i.TIM_SlaveTimer_SetConfig  stm32g4xx_hal_tim.o
    0x08005e40   0x08005e40   0x00000022   Code   RO         2870    i.TIM_TI1_ConfigInputStage  stm32g4xx_hal_tim.o
    0x08005e62   0x08005e62   0x00000002   PAD
    0x08005e64   0x08005e64   0x0000006c   Code   RO         2871    i.TIM_TI1_SetConfig  stm32g4xx_hal_tim.o
    0x08005ed0   0x08005ed0   0x00000024   Code   RO         2872    i.TIM_TI2_ConfigInputStage  stm32g4xx_hal_tim.o
    0x08005ef4   0x08005ef4   0x00000036   Code   RO         2873    i.TIM_TI2_SetConfig  stm32g4xx_hal_tim.o
    0x08005f2a   0x08005f2a   0x00000002   PAD
    0x08005f2c   0x08005f2c   0x00000044   Code   RO         4334    i.UARTEx_SetNbDataToProcess  stm32g4xx_hal_uart_ex.o
    0x08005f70   0x08005f70   0x000000c8   Code   RO         3943    i.UART_AdvFeatureConfig  stm32g4xx_hal_uart.o
    0x08006038   0x08006038   0x000000ac   Code   RO         3944    i.UART_CheckIdleState  stm32g4xx_hal_uart.o
    0x080060e4   0x080060e4   0x00000014   Code   RO         3945    i.UART_DMAAbortOnError  stm32g4xx_hal_uart.o
    0x080060f8   0x080060f8   0x00000054   Code   RO         3955    i.UART_EndRxTransfer  stm32g4xx_hal_uart.o
    0x0800614c   0x0800614c   0x00000068   Code   RO         5010    i.UART_Init         uart.o
    0x080061b4   0x080061b4   0x000000c8   Code   RO         3957    i.UART_RxISR_16BIT  stm32g4xx_hal_uart.o
    0x0800627c   0x0800627c   0x000001a0   Code   RO         3958    i.UART_RxISR_16BIT_FIFOEN  stm32g4xx_hal_uart.o
    0x0800641c   0x0800641c   0x000000c8   Code   RO         3959    i.UART_RxISR_8BIT   stm32g4xx_hal_uart.o
    0x080064e4   0x080064e4   0x000001a0   Code   RO         3960    i.UART_RxISR_8BIT_FIFOEN  stm32g4xx_hal_uart.o
    0x08006684   0x08006684   0x00000274   Code   RO         3961    i.UART_SetConfig    stm32g4xx_hal_uart.o
    0x080068f8   0x080068f8   0x00000110   Code   RO         3963    i.UART_Start_Receive_IT  stm32g4xx_hal_uart.o
    0x08006a08   0x08006a08   0x00000094   Code   RO         3968    i.UART_WaitOnFlagUntilTimeout  stm32g4xx_hal_uart.o
    0x08006a9c   0x08006a9c   0x0000000c   Code   RO          253    i.USART1_IRQHandler  stm32g4xx_it.o
    0x08006aa8   0x08006aa8   0x00000002   Code   RO          254    i.UsageFault_Handler  stm32g4xx_it.o
    0x08006aaa   0x08006aaa   0x00000030   Code   RO         5178    i.__ARM_fpclassify  m_wm.l(fpclassify.o)
    0x08006ada   0x08006ada   0x00000020   Code   RO         2184    i.__NVIC_SetPriority  stm32g4xx_hal_cortex.o
    0x08006afa   0x08006afa   0x0000000e   Code   RO         5066    i._is_digit         c_w.l(__printf_wp.o)
    0x08006b08   0x08006b08   0x0000000c   Code   RO         4539    i.delay1            i2c.o
    0x08006b14   0x08006b14   0x00000052   Code   RO         4540    i.iic24c02_Read     i2c.o
    0x08006b66   0x08006b66   0x00000002   PAD
    0x08006b68   0x08006b68   0x00000036   Code   RO         4541    i.iic24c02_Write    i2c.o
    0x08006b9e   0x08006b9e   0x00000002   PAD
    0x08006ba0   0x08006ba0   0x0000001c   Code   RO           13    i.iic_4017_Test     main.o
    0x08006bbc   0x08006bbc   0x00000028   Code   RO           14    i.iic_EEPROM_Test   main.o
    0x08006be4   0x08006be4   0x000000b4   Code   RO           15    i.main              main.o
    0x08006c98   0x08006c98   0x00000022   Code   RO         4542    i.msp4017_Read      i2c.o
    0x08006cba   0x08006cba   0x00000024   Code   RO         4543    i.msp4017_Write     i2c.o
    0x08006cde   0x08006cde   0x00000002   PAD
    0x08006ce0   0x08006ce0   0x0000002c   Code   RO         5174    locale$$code        c_w.l(lc_numeric_c.o)
    0x08006d0c   0x08006d0c   0x00000026   Code   RO         5087    x$fpl$dfltu         fz_wm.l(dflt_clz.o)
    0x08006d32   0x08006d32   0x00000002   PAD
    0x08006d34   0x08006d34   0x00000154   Code   RO         5093    x$fpl$dmul          fz_wm.l(dmul.o)
    0x08006e88   0x08006e88   0x0000009c   Code   RO         5113    x$fpl$dnaninf       fz_wm.l(dnaninf.o)
    0x08006f24   0x08006f24   0x0000000c   Code   RO         5115    x$fpl$dretinf       fz_wm.l(dretinf.o)
    0x08006f30   0x08006f30   0x00000056   Code   RO         5095    x$fpl$f2d           fz_wm.l(f2d.o)
    0x08006f86   0x08006f86   0x0000008c   Code   RO         5117    x$fpl$fnaninf       fz_wm.l(fnaninf.o)
    0x08007012   0x08007012   0x0000000a   Code   RO         5254    x$fpl$fpinit        fz_wm.l(fpinit.o)
    0x0800701c   0x0800701c   0x00000004   Code   RO         5097    x$fpl$printf1       fz_wm.l(printf1.o)
    0x08007020   0x08007020   0x00000000   Code   RO         5119    x$fpl$usenofp       fz_wm.l(usenofp.o)
    0x08007020   0x08007020   0x00000018   Data   RO         3969    .constdata          stm32g4xx_hal_uart.o
    0x08007038   0x08007038   0x00000010   Data   RO         4335    .constdata          stm32g4xx_hal_uart_ex.o
    0x08007048   0x08007048   0x00000010   Data   RO         4440    .constdata          system_stm32g4xx.o
    0x08007058   0x08007058   0x00000008   Data   RO         4441    .constdata          system_stm32g4xx.o
    0x08007060   0x08007060   0x000011d0   Data   RO         4714    .constdata          lcd.o
    0x08008230   0x08008230   0x00000094   Data   RO         5149    .constdata          c_w.l(bigflt0.o)
    0x080082c4   0x080082c4   0x00000020   Data   RO         5323    Region$$Table       anon$$obj.o
    0x080082e4   0x080082e4   0x0000001c   Data   RO         5173    locale$$data        c_w.l(lc_numeric_c.o)


    Execution Region RW_IRAM1 (Exec base: 0x20000000, Load base: 0x08008300, Size: 0x000009a0, Max: 0x00008000, ABSOLUTE)

    Exec Addr    Load Addr    Size         Type   Attr      Idx    E Section Name        Object

    0x20000000   0x08008300   0x00000030   Data   RW           17    .data               main.o
    0x20000030   0x08008330   0x0000000c   Data   RW          846    .data               stm32g4xx_hal.o
    0x2000003c   0x0800833c   0x00000004   Data   RW         4442    .data               system_stm32g4xx.o
    0x20000040   0x08008340   0x00000004   Data   RW         4487    .data               adc_1.o
    0x20000044   0x08008344   0x00000006   Data   RW         4715    .data               lcd.o
    0x2000004a   0x0800834a   0x00000002   PAD
    0x2000004c        -       0x0000002c   Zero   RW           16    .bss                main.o
    0x20000078        -       0x000000d8   Zero   RW         4486    .bss                adc_1.o
    0x20000150        -       0x00000028   Zero   RW         4915    .bss                rtc_1.o
    0x20000178        -       0x00000130   Zero   RW         4955    .bss                tim_1.o
    0x200002a8        -       0x00000094   Zero   RW         5011    .bss                uart.o
    0x2000033c        -       0x00000060   Zero   RW         5181    .bss                c_w.l(libspace.o)
    0x2000039c   0x0800834a   0x00000004   PAD
    0x200003a0        -       0x00000200   Zero   RW         4474    HEAP                startup_stm32g431xx.o
    0x200005a0        -       0x00000400   Zero   RW         4473    STACK               startup_stm32g431xx.o


==============================================================================

Image component sizes


      Code (inc. data)   RO Data    RW Data    ZI Data      Debug   Object Name

       376         28          0          4        216       2180   adc_1.o
       860         28          0          0          0      10809   i2c.o
       484         32          0          0          0       2349   key_led.o
      1766         78       4560          6          0      12058   lcd.o
      1220        358          0         48         44     700193   main.o
       102          0          0          0          0        665   rcc.o
       236         16          0          0         40       1852   rtc_1.o
        64         26        472          0       1536        832   startup_stm32g431xx.o
       162         24          0         12          0       4549   stm32g4xx_hal.o
      2056        120          0          0          0      76671   stm32g4xx_hal_adc.o
       224          8          0          0          0      68199   stm32g4xx_hal_adc_ex.o
       198         14          0          0          0      34031   stm32g4xx_hal_cortex.o
       226          0          0          0          0       2035   stm32g4xx_hal_dma.o
       604         34          0          0          0       3131   stm32g4xx_hal_gpio.o
        48          6          0          0          0        902   stm32g4xx_hal_msp.o
       204         18          0          0          0       1469   stm32g4xx_hal_pwr_ex.o
      1688         92          0          0          0       6460   stm32g4xx_hal_rcc.o
       648         10          0          0          0       1940   stm32g4xx_hal_rcc_ex.o
       924         32          0          0          0       8589   stm32g4xx_hal_rtc.o
      4360        350          0          0          0      29773   stm32g4xx_hal_tim.o
       326         32          0          0          0       6632   stm32g4xx_hal_tim_ex.o
      3894        140         24          0          0      37746   stm32g4xx_hal_uart.o
       288          6         16          0          0       5626   stm32g4xx_hal_uart_ex.o
        56         18          0          0          0       5842   stm32g4xx_it.o
        16          4         24          4          0       1203   system_stm32g4xx.o
       956         56          0          0        304       5133   tim_1.o
       244         18          0          0        148       1892   uart.o

    ----------------------------------------------------------------------
     22274       1548       5128         76       2288    1032761   Object Totals
         0          0         32          0          0          0   (incl. Generated)
        44          0          0          2          0          0   (incl. Padding)

    ----------------------------------------------------------------------

      Code (inc. data)   RO Data    RW Data    ZI Data      Debug   Library Member Name

         8          0          0          0          0         68   __main.o
       284          0          0          0          0        156   __printf_wp.o
         0          0          0          0          0          0   __rtentry.o
        12          0          0          0          0          0   __rtentry2.o
         6          0          0          0          0          0   __rtentry4.o
        52          8          0          0          0          0   __scatter.o
        26          0          0          0          0          0   __scatter_copy.o
        28          0          0          0          0          0   __scatter_zi.o
        48          6          0          0          0         96   _printf_char_common.o
         6          0          0          0          0          0   _printf_d.o
       120         16          0          0          0         92   _printf_dec.o
         6          0          0          0          0          0   _printf_f.o
      1054          0          0          0          0        216   _printf_fp_dec.o
       128         16          0          0          0         84   _printf_fp_infnan.o
       178          0          0          0          0         88   _printf_intcommon.o
        78          0          0          0          0        108   _printf_pad.o
         0          0          0          0          0          0   _printf_percent.o
         4          0          0          0          0          0   _printf_percent_end.o
        10          0          0          0          0         68   _sputc.o
       228          4        148          0          0         96   bigflt0.o
      1936        128          0          0          0        672   btod.o
        18          0          0          0          0         80   exit.o
         6          0          0          0          0        152   heapauxi.o
         0          0          0          0          0          0   indicate_semi.o
        44         10         28          0          0         76   lc_numeric_c.o
         2          0          0          0          0          0   libinit.o
        22          0          0          0          0          0   libinit2.o
         2          0          0          0          0          0   libshutdown.o
         2          0          0          0          0          0   libshutdown2.o
         8          4          0          0         96         68   libspace.o
       138          0          0          0          0         80   lludiv10.o
       238          0          0          0          0        100   lludivv7m.o
        40          6          0          0          0         84   noretval__2sprintf.o
         8          4          0          0          0         68   rt_locale_intlibspace.o
        78          0          0          0          0         80   rt_memclr_w.o
         2          0          0          0          0          0   rtexit.o
        10          0          0          0          0          0   rtexit2.o
       128          0          0          0          0         68   strcmpv7m.o
        62          0          0          0          0         76   strlen.o
        12          4          0          0          0         68   sys_exit.o
        74          0          0          0          0         80   sys_stackheap_outer.o
         2          0          0          0          0         68   use_no_semi.o
        38          0          0          0          0        116   dflt_clz.o
       340         12          0          0          0        152   dmul.o
       156          4          0          0          0        140   dnaninf.o
        12          0          0          0          0        116   dretinf.o
        86          4          0          0          0        132   f2d.o
       140          4          0          0          0        132   fnaninf.o
        10          0          0          0          0        116   fpinit.o
         4          0          0          0          0        116   printf1.o
         0          0          0          0          0          0   usenofp.o
        48          0          0          0          0        124   fpclassify.o

    ----------------------------------------------------------------------
      5958        230        176          0        100       4036   Library Totals
        16          0          0          0          4          0   (incl. Padding)

    ----------------------------------------------------------------------

      Code (inc. data)   RO Data    RW Data    ZI Data      Debug   Library Name

      5108        206        176          0         96       2892   c_w.l
       786         24          0          0          0       1020   fz_wm.l
        48          0          0          0          0        124   m_wm.l

    ----------------------------------------------------------------------
      5958        230        176          0        100       4036   Library Totals

    ----------------------------------------------------------------------

==============================================================================


      Code (inc. data)   RO Data    RW Data    ZI Data      Debug   

     28232       1778       5304         76       2388    1016137   Grand Totals
     28232       1778       5304         76       2388    1016137   ELF Image Totals
     28232       1778       5304         76          0          0   ROM Totals

==============================================================================

    Total RO  Size (Code + RO Data)                33536 (  32.75kB)
    Total RW  Size (RW Data + ZI Data)              2464 (   2.41kB)
    Total ROM Size (Code + RO Data + RW Data)      33612 (  32.82kB)

==============================================================================

